------------------------------------------------------------------------------------------------------------------------

[2025-05-03 20:11:29 #1 store] 
Database 'C:\Users\hills\git\Rides24\src\main\resources\rides.temp' has been recovered (tr. 17-17)

[2025-05-03 20:11:29 #2 store] 
Database 'C:\Users\hills\git\Rides24\src\main\resources\rides.temp' is opened by 25036@PCJAN

[2025-05-03 20:11:29 #3 type] 
Type domain.UsuarioRegistrado is not enhanced.

[2025-05-03 20:11:29 #4 type] 
Type domain.Pasajero is not enhanced.

[2025-05-03 20:11:29 #5 type] 
Type domain.Solicitud is not enhanced.

[2025-05-03 20:11:29 #6 type] 
Type domain.Ride is not enhanced.

[2025-05-03 20:11:29 #7 type.registry] 
New type domain.Vehiculo

[2025-05-03 20:11:29 #8 type] 
Type domain.Driver is not enhanced.

[2025-05-03 20:11:29 #9 type.registry] 
New type java.util.ArrayList<domain.Vehiculo>

[2025-05-03 20:11:29 #10 type.registry] 
New type domain.Oferta

[2025-05-03 20:11:29 #11 type.registry] 
New type java.util.ArrayList<domain.Oferta>

[2025-05-03 20:11:29 #12 type] 
Type domain.Business is not enhanced.

[2025-05-03 20:11:29 #13 type] 
Type domain.Vehiculo is not enhanced.

[2025-05-03 20:11:29 #14 type.registry] 
New type byte[]

[2025-05-03 20:11:29 #15 type] 
Type domain.Oferta is not enhanced.

------------------------------------------------------------------------------------------------------------------------

[2025-05-03 20:14:55 #1 store] 
Database 'C:\Users\hills\git\Rides24\src\main\resources\rides.temp' has been recovered (tr. 18-18)

[2025-05-03 20:14:55 #2 store] 
Database 'C:\Users\hills\git\Rides24\src\main\resources\rides.temp' is opened by 8652@PCJAN

[2025-05-03 20:14:55 #3 type] 
Type domain.UsuarioRegistrado is not enhanced.

[2025-05-03 20:14:55 #4 type] 
Type domain.Pasajero is not enhanced.

[2025-05-03 20:14:55 #5 type] 
Type domain.Solicitud is not enhanced.

[2025-05-03 20:14:55 #6 type] 
Type domain.Ride is not enhanced.

[2025-05-03 20:14:55 #7 type] 
Type domain.Driver is not enhanced.

[2025-05-03 20:14:55 #8 type] 
Type domain.Business is not enhanced.

[2025-05-03 20:14:55 #9 type] 
Type domain.Vehiculo is not enhanced.

[2025-05-03 20:14:55 #10 type] 
Type domain.Oferta is not enhanced.

------------------------------------------------------------------------------------------------------------------------

[2025-05-03 20:15:42 #1 store] 
Database 'C:\Users\hills\git\Rides24\src\main\resources\rides.temp' is opened by 22184@PCJAN

[2025-05-03 20:15:43 #2 type] 
Type domain.UsuarioRegistrado is not enhanced.

[2025-05-03 20:15:43 #3 type] 
Type domain.Pasajero is not enhanced.

[2025-05-03 20:15:43 #4 type] 
Type domain.Solicitud is not enhanced.

[2025-05-03 20:15:43 #5 type] 
Type domain.Ride is not enhanced.

[2025-05-03 20:15:43 #6 type] 
Type domain.Driver is not enhanced.

[2025-05-03 20:15:43 #7 type] 
Type domain.Business is not enhanced.

[2025-05-03 20:15:43 #8 type] 
Type domain.Vehiculo is not enhanced.

[2025-05-03 20:15:43 #9 type] 
Type domain.Oferta is not enhanced.

------------------------------------------------------------------------------------------------------------------------

[2025-05-03 20:15:57 #1 store] 
Database 'C:\Users\hills\git\Rides24\src\main\resources\rides.temp' is opened by 22508@PCJAN

[2025-05-03 20:15:57 #2 type] 
Type domain.UsuarioRegistrado is not enhanced.

[2025-05-03 20:15:57 #3 type] 
Type domain.Pasajero is not enhanced.

[2025-05-03 20:15:57 #4 type] 
Type domain.Solicitud is not enhanced.

[2025-05-03 20:15:57 #5 type] 
Type domain.Ride is not enhanced.

[2025-05-03 20:15:57 #6 type] 
Type domain.Driver is not enhanced.

[2025-05-03 20:15:57 #7 type] 
Type domain.Business is not enhanced.

[2025-05-03 20:15:57 #8 type] 
Type domain.Vehiculo is not enhanced.

[2025-05-03 20:15:57 #9 type] 
Type domain.Oferta is not enhanced.

------------------------------------------------------------------------------------------------------------------------

[2025-05-03 20:16:13 #1 store] 
Database 'C:\Users\hills\git\Rides24\src\main\resources\rides.temp' is opened by 21668@PCJAN

[2025-05-03 20:16:13 #2 type] 
Type domain.UsuarioRegistrado is not enhanced.

[2025-05-03 20:16:13 #3 type] 
Type domain.Pasajero is not enhanced.

[2025-05-03 20:16:13 #4 type] 
Type domain.Solicitud is not enhanced.

[2025-05-03 20:16:13 #5 type] 
Type domain.Ride is not enhanced.

[2025-05-03 20:16:13 #6 type] 
Type domain.Driver is not enhanced.

[2025-05-03 20:16:13 #7 type] 
Type domain.Business is not enhanced.

[2025-05-03 20:16:13 #8 type] 
Type domain.Vehiculo is not enhanced.

[2025-05-03 20:16:13 #9 type] 
Type domain.Oferta is not enhanced.

------------------------------------------------------------------------------------------------------------------------

[2025-05-03 20:16:53 #1 store] 
Database 'C:\Users\hills\git\Rides24\src\main\resources\rides.temp' is opened by 17432@PCJAN

[2025-05-03 20:16:53 #2 type] 
Type domain.UsuarioRegistrado is not enhanced.

[2025-05-03 20:16:53 #3 type] 
Type domain.Pasajero is not enhanced.

[2025-05-03 20:16:53 #4 type] 
Type domain.Solicitud is not enhanced.

[2025-05-03 20:16:53 #5 type] 
Type domain.Ride is not enhanced.

[2025-05-03 20:16:53 #6 type] 
Type domain.Driver is not enhanced.

[2025-05-03 20:16:53 #7 type] 
Type domain.Business is not enhanced.

[2025-05-03 20:16:53 #8 type] 
Type domain.Vehiculo is not enhanced.

[2025-05-03 20:16:53 #9 type] 
Type domain.Oferta is not enhanced.

