------------------------------------------------------------------------------------------------------------------------

[2025-05-07 10:46:07 #1 store] 
Database 'C:\Users\hills\git\Rides24\src\main\resources\rides.temp' is opened by 9864@PCJAN

[2025-05-07 10:46:07 #2 type] 
Type domain.UsuarioRegistrado is not enhanced.

[2025-05-07 10:46:08 #3 type] 
Type domain.Pasajero is not enhanced.

[2025-05-07 10:46:08 #4 type] 
Type domain.Solicitud is not enhanced.

[2025-05-07 10:46:08 #5 type] 
Type domain.Ride is not enhanced.

[2025-05-07 10:46:08 #6 type] 
Type domain.Driver is not enhanced.

[2025-05-07 10:46:08 #7 type] 
Type domain.Business is not enhanced.

[2025-05-07 10:46:08 #8 type] 
Type domain.Vehiculo is not enhanced.

[2025-05-07 10:46:08 #9 type] 
Type domain.Oferta is not enhanced.

------------------------------------------------------------------------------------------------------------------------

[2025-05-07 10:47:56 #1 store] 
Database 'C:\Users\hills\git\Rides24\src\main\resources\rides.temp' has been recovered (tr. 277-281)

[2025-05-07 10:47:56 #2 store] 
Database 'C:\Users\hills\git\Rides24\src\main\resources\rides.temp' is opened by 9380@PCJAN

[2025-05-07 10:47:56 #3 type] 
Type domain.UsuarioRegistrado is not enhanced.

[2025-05-07 10:47:56 #4 type] 
Type domain.Pasajero is not enhanced.

[2025-05-07 10:47:56 #5 type] 
Type domain.Solicitud is not enhanced.

[2025-05-07 10:47:56 #6 type] 
Type domain.Ride is not enhanced.

[2025-05-07 10:47:56 #7 type] 
Type domain.Driver is not enhanced.

[2025-05-07 10:47:56 #8 type] 
Type domain.Business is not enhanced.

[2025-05-07 10:47:56 #9 type] 
Type domain.Vehiculo is not enhanced.

[2025-05-07 10:47:56 #10 type] 
Type domain.Oferta is not enhanced.

------------------------------------------------------------------------------------------------------------------------

[2025-05-07 10:48:21 #1 store] 
Database 'C:\Users\hills\git\Rides24\src\main\resources\rides.temp' is opened by 20700@PCJAN

[2025-05-07 10:48:21 #2 type] 
Type domain.UsuarioRegistrado is not enhanced.

[2025-05-07 10:48:21 #3 type] 
Type domain.Pasajero is not enhanced.

[2025-05-07 10:48:21 #4 type] 
Type domain.Solicitud is not enhanced.

[2025-05-07 10:48:21 #5 type] 
Type domain.Ride is not enhanced.

[2025-05-07 10:48:21 #6 type] 
Type domain.Driver is not enhanced.

[2025-05-07 10:48:21 #7 type] 
Type domain.Business is not enhanced.

[2025-05-07 10:48:21 #8 type] 
Type domain.Vehiculo is not enhanced.

[2025-05-07 10:48:21 #9 type] 
Type domain.Oferta is not enhanced.

------------------------------------------------------------------------------------------------------------------------

[2025-05-07 10:52:49 #1 store] 
Database 'C:\Users\hills\git\Rides24\src\main\resources\rides.temp' has been recovered (tr. 282-284)

[2025-05-07 10:52:49 #2 store] 
Database 'C:\Users\hills\git\Rides24\src\main\resources\rides.temp' is opened by 9388@PCJAN

[2025-05-07 10:52:49 #3 type] 
Type domain.UsuarioRegistrado is not enhanced.

[2025-05-07 10:52:49 #4 type] 
Type domain.Pasajero is not enhanced.

[2025-05-07 10:52:49 #5 type] 
Type domain.Solicitud is not enhanced.

[2025-05-07 10:52:49 #6 type] 
Type domain.Ride is not enhanced.

[2025-05-07 10:52:49 #7 type] 
Type domain.Driver is not enhanced.

[2025-05-07 10:52:49 #8 type] 
Type domain.Business is not enhanced.

[2025-05-07 10:52:49 #9 type] 
Type domain.Vehiculo is not enhanced.

[2025-05-07 10:52:49 #10 type] 
Type domain.Oferta is not enhanced.

------------------------------------------------------------------------------------------------------------------------

[2025-05-07 11:00:05 #1 store] 
Database 'C:\Users\hills\git\Rides24\src\main\resources\rides.temp' has been recovered (tr. 285-289)

[2025-05-07 11:00:05 #2 store] 
Database 'C:\Users\hills\git\Rides24\src\main\resources\rides.temp' is opened by 13252@PCJAN

[2025-05-07 11:00:05 #3 type] 
Type domain.UsuarioRegistrado is not enhanced.

[2025-05-07 11:00:05 #4 type] 
Type domain.Pasajero is not enhanced.

[2025-05-07 11:00:05 #5 type] 
Type domain.Solicitud is not enhanced.

[2025-05-07 11:00:06 #6 type] 
Type domain.Ride is not enhanced.

[2025-05-07 11:00:06 #7 type] 
Type domain.Driver is not enhanced.

[2025-05-07 11:00:06 #8 type] 
Type domain.Business is not enhanced.

[2025-05-07 11:00:06 #9 type] 
Type domain.Vehiculo is not enhanced.

[2025-05-07 11:00:06 #10 type] 
Type domain.Oferta is not enhanced.

------------------------------------------------------------------------------------------------------------------------

[2025-05-07 11:17:44 #1 store] 
Database 'C:\Users\hills\git\Rides24\src\main\resources\rides.temp' has been recovered (tr. 290-294)

[2025-05-07 11:17:44 #2 store] 
Database 'C:\Users\hills\git\Rides24\src\main\resources\rides.temp' is opened by 7048@PCJAN

[2025-05-07 11:17:44 #3 type] 
Type domain.UsuarioRegistrado is not enhanced.

[2025-05-07 11:17:44 #4 type] 
Type domain.Pasajero is not enhanced.

[2025-05-07 11:17:44 #5 type] 
Type domain.Solicitud is not enhanced.

[2025-05-07 11:17:44 #6 type] 
Type domain.Ride is not enhanced.

[2025-05-07 11:17:44 #7 type] 
Type domain.Driver is not enhanced.

[2025-05-07 11:17:44 #8 type] 
Type domain.Business is not enhanced.

[2025-05-07 11:17:44 #9 type] 
Type domain.Vehiculo is not enhanced.

[2025-05-07 11:17:44 #10 type] 
Type domain.Oferta is not enhanced.

------------------------------------------------------------------------------------------------------------------------

[2025-05-07 11:21:36 #1 store] 
Database 'C:\Users\hills\git\Rides24\src\main\resources\rides.temp' has been recovered (tr. 295-301)

[2025-05-07 11:21:36 #2 store] 
Database 'C:\Users\hills\git\Rides24\src\main\resources\rides.temp' is opened by 11904@PCJAN

[2025-05-07 11:21:36 #3 type] 
Type domain.UsuarioRegistrado is not enhanced.

[2025-05-07 11:21:36 #4 type] 
Type domain.Pasajero is not enhanced.

[2025-05-07 11:21:36 #5 type] 
Type domain.Solicitud is not enhanced.

[2025-05-07 11:21:36 #6 type] 
Type domain.Ride is not enhanced.

[2025-05-07 11:21:36 #7 type] 
Type domain.Driver is not enhanced.

[2025-05-07 11:21:36 #8 type] 
Type domain.Business is not enhanced.

[2025-05-07 11:21:36 #9 type] 
Type domain.Vehiculo is not enhanced.

[2025-05-07 11:21:36 #10 type] 
Type domain.Oferta is not enhanced.

------------------------------------------------------------------------------------------------------------------------

[2025-05-07 11:22:43 #1 store] 
Database 'C:\Users\hills\git\Rides24\src\main\resources\rides.temp' has been recovered (tr. 302-303)

[2025-05-07 11:22:43 #2 store] 
Database 'C:\Users\hills\git\Rides24\src\main\resources\rides.temp' is opened by 16904@PCJAN

[2025-05-07 11:22:43 #3 type] 
Type domain.UsuarioRegistrado is not enhanced.

[2025-05-07 11:22:43 #4 type] 
Type domain.Pasajero is not enhanced.

[2025-05-07 11:22:43 #5 type] 
Type domain.Solicitud is not enhanced.

[2025-05-07 11:22:43 #6 type] 
Type domain.Ride is not enhanced.

[2025-05-07 11:22:43 #7 type] 
Type domain.Driver is not enhanced.

[2025-05-07 11:22:43 #8 type] 
Type domain.Business is not enhanced.

[2025-05-07 11:22:43 #9 type] 
Type domain.Vehiculo is not enhanced.

[2025-05-07 11:22:43 #10 type] 
Type domain.Oferta is not enhanced.

------------------------------------------------------------------------------------------------------------------------

[2025-05-07 11:24:45 #1 store] 
Database 'C:\Users\hills\git\Rides24\src\main\resources\rides.temp' has been recovered (tr. 304-306)

[2025-05-07 11:24:45 #2 store] 
Database 'C:\Users\hills\git\Rides24\src\main\resources\rides.temp' is opened by 5984@PCJAN

[2025-05-07 11:24:45 #3 type] 
Type domain.UsuarioRegistrado is not enhanced.

[2025-05-07 11:24:45 #4 type] 
Type domain.Pasajero is not enhanced.

[2025-05-07 11:24:45 #5 type] 
Type domain.Solicitud is not enhanced.

[2025-05-07 11:24:45 #6 type] 
Type domain.Ride is not enhanced.

[2025-05-07 11:24:45 #7 type] 
Type domain.Driver is not enhanced.

[2025-05-07 11:24:45 #8 type] 
Type domain.Business is not enhanced.

[2025-05-07 11:24:45 #9 type] 
Type domain.Vehiculo is not enhanced.

[2025-05-07 11:24:45 #10 type] 
Type domain.Oferta is not enhanced.

------------------------------------------------------------------------------------------------------------------------

[2025-05-07 11:25:30 #1 store] 
Database 'C:\Users\hills\git\Rides24\src\main\resources\rides.temp' is opened by 13852@PCJAN

[2025-05-07 11:25:30 #2 type] 
Type domain.UsuarioRegistrado is not enhanced.

[2025-05-07 11:25:30 #3 type] 
Type domain.Pasajero is not enhanced.

[2025-05-07 11:25:30 #4 type] 
Type domain.Solicitud is not enhanced.

[2025-05-07 11:25:30 #5 type] 
Type domain.Ride is not enhanced.

[2025-05-07 11:25:30 #6 type] 
Type domain.Driver is not enhanced.

[2025-05-07 11:25:30 #7 type] 
Type domain.Business is not enhanced.

[2025-05-07 11:25:30 #8 type] 
Type domain.Vehiculo is not enhanced.

[2025-05-07 11:25:30 #9 type] 
Type domain.Oferta is not enhanced.

------------------------------------------------------------------------------------------------------------------------

[2025-05-07 11:30:02 #1 store] 
Database 'C:\Users\hills\git\Rides24\src\main\resources\rides.temp' is opened by 12364@PCJAN

[2025-05-07 11:30:02 #2 type] 
Type domain.UsuarioRegistrado is not enhanced.

[2025-05-07 11:30:02 #3 type] 
Type domain.Pasajero is not enhanced.

[2025-05-07 11:30:02 #4 type] 
Type domain.Solicitud is not enhanced.

[2025-05-07 11:30:02 #5 type] 
Type domain.Ride is not enhanced.

[2025-05-07 11:30:02 #6 type] 
Type domain.Driver is not enhanced.

[2025-05-07 11:30:02 #7 type] 
Type domain.Business is not enhanced.

[2025-05-07 11:30:02 #8 type] 
Type domain.Vehiculo is not enhanced.

[2025-05-07 11:30:02 #9 type] 
Type domain.Oferta is not enhanced.

------------------------------------------------------------------------------------------------------------------------

[2025-05-07 11:31:04 #1 store] 
Database 'C:\Users\hills\git\Rides24\src\main\resources\rides.temp' is opened by 12308@PCJAN

[2025-05-07 11:31:05 #2 type] 
Type domain.UsuarioRegistrado is not enhanced.

[2025-05-07 11:31:05 #3 type] 
Type domain.Pasajero is not enhanced.

[2025-05-07 11:31:05 #4 type] 
Type domain.Solicitud is not enhanced.

[2025-05-07 11:31:05 #5 type] 
Type domain.Ride is not enhanced.

[2025-05-07 11:31:05 #6 type] 
Type domain.Driver is not enhanced.

[2025-05-07 11:31:05 #7 type] 
Type domain.Business is not enhanced.

[2025-05-07 11:31:05 #8 type] 
Type domain.Vehiculo is not enhanced.

[2025-05-07 11:31:05 #9 type] 
Type domain.Oferta is not enhanced.

------------------------------------------------------------------------------------------------------------------------

[2025-05-07 11:42:29 #1 store] 
Database 'C:\Users\hills\git\Rides24\src\main\resources\rides.temp' has been recovered (tr. 307-311)

[2025-05-07 11:42:29 #2 store] 
Database 'C:\Users\hills\git\Rides24\src\main\resources\rides.temp' is opened by 22080@PCJAN

[2025-05-07 11:42:29 #3 type] 
Type domain.UsuarioRegistrado is not enhanced.

[2025-05-07 11:42:29 #4 type] 
Type domain.Pasajero is not enhanced.

[2025-05-07 11:42:29 #5 type] 
Type domain.Solicitud is not enhanced.

[2025-05-07 11:42:30 #6 type] 
Type domain.Ride is not enhanced.

[2025-05-07 11:42:30 #7 type] 
Type domain.Driver is not enhanced.

[2025-05-07 11:42:30 #8 type] 
Type domain.Business is not enhanced.

[2025-05-07 11:42:30 #9 type] 
Type domain.Vehiculo is not enhanced.

[2025-05-07 11:42:30 #10 type] 
Type domain.Oferta is not enhanced.

------------------------------------------------------------------------------------------------------------------------

[2025-05-07 11:43:05 #1 store] 
Database 'C:\Users\hills\git\Rides24\src\main\resources\rides.temp' has been recovered (tr. 312-312)

[2025-05-07 11:43:05 #2 store] 
Database 'C:\Users\hills\git\Rides24\src\main\resources\rides.temp' is opened by 14984@PCJAN

[2025-05-07 11:43:06 #3 type] 
Type domain.UsuarioRegistrado is not enhanced.

[2025-05-07 11:43:06 #4 type] 
Type domain.Pasajero is not enhanced.

[2025-05-07 11:43:06 #5 type] 
Type domain.Solicitud is not enhanced.

[2025-05-07 11:43:06 #6 type] 
Type domain.Ride is not enhanced.

[2025-05-07 11:43:06 #7 type] 
Type domain.Driver is not enhanced.

[2025-05-07 11:43:06 #8 type] 
Type domain.Business is not enhanced.

[2025-05-07 11:43:06 #9 type] 
Type domain.Vehiculo is not enhanced.

[2025-05-07 11:43:06 #10 type] 
Type domain.Oferta is not enhanced.

------------------------------------------------------------------------------------------------------------------------

[2025-05-07 11:52:39 #1 store] 
Database 'C:\Users\hills\git\Rides24\src\main\resources\rides.temp' has been recovered (tr. 313-316)

[2025-05-07 11:52:39 #2 store] 
Database 'C:\Users\hills\git\Rides24\src\main\resources\rides.temp' is opened by 13432@PCJAN

[2025-05-07 11:52:39 #3 type] 
Type domain.UsuarioRegistrado is not enhanced.

[2025-05-07 11:52:39 #4 type] 
Type domain.Pasajero is not enhanced.

[2025-05-07 11:52:39 #5 type] 
Type domain.Solicitud is not enhanced.

[2025-05-07 11:52:39 #6 type] 
Type domain.Ride is not enhanced.

[2025-05-07 11:52:39 #7 type] 
Type domain.Driver is not enhanced.

[2025-05-07 11:52:39 #8 type] 
Type domain.Business is not enhanced.

[2025-05-07 11:52:39 #9 type] 
Type domain.Vehiculo is not enhanced.

[2025-05-07 11:52:39 #10 type] 
Type domain.Oferta is not enhanced.

------------------------------------------------------------------------------------------------------------------------

[2025-05-07 11:55:13 #1 store] 
Database 'C:\Users\hills\git\Rides24\src\main\resources\rides.temp' has been recovered (tr. 317-318)

[2025-05-07 11:55:13 #2 store] 
Database 'C:\Users\hills\git\Rides24\src\main\resources\rides.temp' is opened by 20768@PCJAN

[2025-05-07 11:55:13 #3 type] 
Type domain.UsuarioRegistrado is not enhanced.

[2025-05-07 11:55:13 #4 type] 
Type domain.Pasajero is not enhanced.

[2025-05-07 11:55:13 #5 type] 
Type domain.Solicitud is not enhanced.

[2025-05-07 11:55:13 #6 type] 
Type domain.Ride is not enhanced.

[2025-05-07 11:55:13 #7 type] 
Type domain.Driver is not enhanced.

[2025-05-07 11:55:13 #8 type] 
Type domain.Business is not enhanced.

[2025-05-07 11:55:13 #9 type] 
Type domain.Vehiculo is not enhanced.

[2025-05-07 11:55:13 #10 type] 
Type domain.Oferta is not enhanced.

------------------------------------------------------------------------------------------------------------------------

[2025-05-07 11:57:53 #1 store] 
Database 'C:\Users\hills\git\Rides24\src\main\resources\rides.temp' has been recovered (tr. 319-321)

[2025-05-07 11:57:53 #2 store] 
Database 'C:\Users\hills\git\Rides24\src\main\resources\rides.temp' is opened by 7452@PCJAN

[2025-05-07 11:57:53 #3 type] 
Type domain.UsuarioRegistrado is not enhanced.

[2025-05-07 11:57:53 #4 type] 
Type domain.Pasajero is not enhanced.

[2025-05-07 11:57:53 #5 type] 
Type domain.Solicitud is not enhanced.

[2025-05-07 11:57:53 #6 type] 
Type domain.Ride is not enhanced.

[2025-05-07 11:57:53 #7 type] 
Type domain.Driver is not enhanced.

[2025-05-07 11:57:53 #8 type] 
Type domain.Business is not enhanced.

[2025-05-07 11:57:53 #9 type] 
Type domain.Vehiculo is not enhanced.

[2025-05-07 11:57:53 #10 type] 
Type domain.Oferta is not enhanced.

------------------------------------------------------------------------------------------------------------------------

[2025-05-07 12:00:21 #1 store] 
Database 'C:\Users\hills\git\Rides24\src\main\resources\rides.temp' has been recovered (tr. 322-323)

[2025-05-07 12:00:22 #2 store] 
Database 'C:\Users\hills\git\Rides24\src\main\resources\rides.temp' is opened by 14212@PCJAN

[2025-05-07 12:00:22 #3 type] 
Type domain.UsuarioRegistrado is not enhanced.

[2025-05-07 12:00:22 #4 type] 
Type domain.Pasajero is not enhanced.

[2025-05-07 12:00:22 #5 type] 
Type domain.Solicitud is not enhanced.

[2025-05-07 12:00:22 #6 type] 
Type domain.Ride is not enhanced.

[2025-05-07 12:00:22 #7 type] 
Type domain.Driver is not enhanced.

[2025-05-07 12:00:22 #8 type] 
Type domain.Business is not enhanced.

[2025-05-07 12:00:22 #9 type] 
Type domain.Vehiculo is not enhanced.

[2025-05-07 12:00:22 #10 type] 
Type domain.Oferta is not enhanced.

------------------------------------------------------------------------------------------------------------------------

[2025-05-07 12:05:18 #1 store] 
Database 'C:\Users\hills\git\Rides24\src\main\resources\rides.temp' has been recovered (tr. 324-325)

[2025-05-07 12:05:18 #2 store] 
Database 'C:\Users\hills\git\Rides24\src\main\resources\rides.temp' is opened by 16392@PCJAN

[2025-05-07 12:05:18 #3 type] 
Type domain.UsuarioRegistrado is not enhanced.

[2025-05-07 12:05:18 #4 type] 
Type domain.Pasajero is not enhanced.

[2025-05-07 12:05:18 #5 type] 
Type domain.Solicitud is not enhanced.

[2025-05-07 12:05:18 #6 type] 
Type domain.Ride is not enhanced.

[2025-05-07 12:05:19 #7 type] 
Type domain.Driver is not enhanced.

[2025-05-07 12:05:19 #8 type] 
Type domain.Business is not enhanced.

[2025-05-07 12:05:19 #9 type] 
Type domain.Vehiculo is not enhanced.

[2025-05-07 12:05:19 #10 type] 
Type domain.Oferta is not enhanced.

------------------------------------------------------------------------------------------------------------------------

[2025-05-07 12:08:53 #1 store] 
Database 'C:\Users\hills\git\Rides24\src\main\resources\rides.temp' has been recovered (tr. 326-328)

[2025-05-07 12:08:53 #2 store] 
Database 'C:\Users\hills\git\Rides24\src\main\resources\rides.temp' is opened by 12908@PCJAN

[2025-05-07 12:08:53 #3 type] 
Type domain.UsuarioRegistrado is not enhanced.

[2025-05-07 12:08:53 #4 type] 
Type domain.Pasajero is not enhanced.

[2025-05-07 12:08:53 #5 type] 
Type domain.Solicitud is not enhanced.

[2025-05-07 12:08:53 #6 type] 
Type domain.Ride is not enhanced.

[2025-05-07 12:08:53 #7 type] 
Type domain.Driver is not enhanced.

[2025-05-07 12:08:53 #8 type] 
Type domain.Business is not enhanced.

[2025-05-07 12:08:53 #9 type] 
Type domain.Vehiculo is not enhanced.

[2025-05-07 12:08:53 #10 type] 
Type domain.Oferta is not enhanced.

------------------------------------------------------------------------------------------------------------------------

[2025-05-07 20:52:27 #1 store] 
Database 'C:\Users\jongf\git\Rides24\src\main\resources\rides.temp' has been recovered (tr. 11-11)

[2025-05-07 20:52:27 #2 store] 
Database 'C:\Users\jongf\git\Rides24\src\main\resources\rides.temp' is opened by 11236@stach

[2025-05-07 20:52:28 #3 type] 
Type domain.UsuarioRegistrado is not enhanced.

[2025-05-07 20:52:28 #4 type] 
Type domain.Pasajero is not enhanced.

[2025-05-07 20:52:28 #5 type] 
Type domain.Driver is not enhanced.

[2025-05-07 20:52:28 #6 type] 
Type domain.Solicitud is not enhanced.

[2025-05-07 20:52:28 #7 type] 
Type domain.Ride is not enhanced.

[2025-05-07 20:52:28 #8 type] 
Type domain.Bussiness is not enhanced.

[2025-05-07 20:52:28 #9 type] 
Type domain.Vehiculo is not enhanced.

[2025-05-07 20:52:28 #10 type] 
Type domain.Oferta is not enhanced.

[2025-05-07 20:52:28 #11 type] 
Type domain.Business is not enhanced.

------------------------------------------------------------------------------------------------------------------------

[2025-05-07 21:51:08 #1 store] 
Database 'C:\Users\jongf\git\Rides24\src\main\resources\rides.temp' has been recovered (tr. 12-16)

[2025-05-07 21:51:08 #2 store] 
Database 'C:\Users\jongf\git\Rides24\src\main\resources\rides.temp' is opened by 12204@stach

[2025-05-07 21:51:08 #3 type] 
Type domain.UsuarioRegistrado is not enhanced.

[2025-05-07 21:51:08 #4 type] 
Type domain.Pasajero is not enhanced.

[2025-05-07 21:51:08 #5 type] 
Type domain.Driver is not enhanced.

[2025-05-07 21:51:08 #6 type] 
Type domain.Solicitud is not enhanced.

[2025-05-07 21:51:08 #7 type] 
Type domain.Ride is not enhanced.

[2025-05-07 21:51:08 #8 type] 
Type domain.Bussiness is not enhanced.

[2025-05-07 21:51:08 #9 type] 
Type domain.Vehiculo is not enhanced.

[2025-05-07 21:51:08 #10 type] 
Type domain.Oferta is not enhanced.

[2025-05-07 21:51:08 #11 type] 
Type domain.Business is not enhanced.

------------------------------------------------------------------------------------------------------------------------

[2025-05-07 22:04:56 #1 store] 
Database 'C:\Users\jongf\git\Rides24\src\main\resources\rides.temp' has been recovered (tr. 17-19)

[2025-05-07 22:04:56 #2 store] 
Database 'C:\Users\jongf\git\Rides24\src\main\resources\rides.temp' is opened by 1916@stach

[2025-05-07 22:04:56 #3 type] 
Type domain.UsuarioRegistrado is not enhanced.

[2025-05-07 22:04:56 #4 type] 
Type domain.Pasajero is not enhanced.

[2025-05-07 22:04:56 #5 type] 
Type domain.Driver is not enhanced.

[2025-05-07 22:04:56 #6 type] 
Type domain.Solicitud is not enhanced.

[2025-05-07 22:04:56 #7 type] 
Type domain.Ride is not enhanced.

[2025-05-07 22:04:56 #8 type] 
Type domain.Bussiness is not enhanced.

[2025-05-07 22:04:56 #9 type] 
Type domain.Vehiculo is not enhanced.

[2025-05-07 22:04:56 #10 type] 
Type domain.Oferta is not enhanced.

[2025-05-07 22:04:56 #11 type] 
Type domain.Business is not enhanced.

------------------------------------------------------------------------------------------------------------------------

[2025-05-07 22:05:31 #1 store] 
Database 'C:\Users\jongf\git\Rides24\src\main\resources\rides.temp' is opened by 1944@stach

------------------------------------------------------------------------------------------------------------------------

[2025-05-07 22:05:40 #1 store] 
Database 'C:\Users\jongf\git\Rides24\src\main\resources\rides.temp' has been recovered (tr. 1-2)

[2025-05-07 22:05:40 #2 store] 
Database 'C:\Users\jongf\git\Rides24\src\main\resources\rides.temp' is opened by 6352@stach

[2025-05-07 22:05:57 #3 type.registry] 
New type domain.UsuarioRegistrado

[2025-05-07 22:05:57 #4 type.registry] 
New type domain.Pasajero

[2025-05-07 22:05:57 #5 type] 
Type domain.UsuarioRegistrado is not enhanced.

[2025-05-07 22:05:57 #6 type] 
Type domain.Pasajero is not enhanced.

[2025-05-07 22:05:57 #7 type.registry] 
New type domain.Solicitud

[2025-05-07 22:05:57 #8 type.registry] 
New type java.util.ArrayList<domain.Solicitud>

[2025-05-07 22:05:57 #9 type] 
Type domain.Solicitud is not enhanced.

[2025-05-07 22:05:57 #10 type.registry] 
New type domain.Ride

[2025-05-07 22:05:57 #11 type] 
Type domain.Ride is not enhanced.

[2025-05-07 22:05:57 #12 type.registry] 
New type domain.Vehiculo

[2025-05-07 22:05:57 #13 type.registry] 
New type domain.Driver

[2025-05-07 22:05:57 #14 type] 
Type domain.Vehiculo is not enhanced.

[2025-05-07 22:05:57 #15 type.registry] 
New type byte[]

[2025-05-07 22:05:57 #16 type] 
Type domain.Driver is not enhanced.

[2025-05-07 22:05:57 #17 type.registry] 
New type java.util.ArrayList<domain.Vehiculo>

[2025-05-07 22:05:57 #18 type.registry] 
New type domain.Oferta

[2025-05-07 22:05:57 #19 type.registry] 
New type java.util.ArrayList<domain.Oferta>

[2025-05-07 22:05:57 #20 type.registry] 
New type domain.Business

[2025-05-07 22:05:57 #21 type] 
Type domain.Oferta is not enhanced.

[2025-05-07 22:05:57 #22 type] 
Type domain.Business is not enhanced.

[2025-05-07 22:05:57 #23 type.registry] 
New type java.util.ArrayList<domain.Driver>

[2025-05-07 22:05:57 #24 type.registry] 
New type java.util.ArrayList<java.lang.Object>

[2025-05-07 22:06:09 #25 type.registry] 
New type java.util.Vector<java.lang.Object>

[2025-05-07 22:06:09 #26 type.registry] 
New type java.util.Vector<domain.Ride>

------------------------------------------------------------------------------------------------------------------------

[2025-05-07 22:08:09 #1 store] 
Database 'C:\Users\jongf\git\Rides24\src\main\resources\rides.temp' has been recovered (tr. 3-11)

[2025-05-07 22:08:09 #2 store] 
Database 'C:\Users\jongf\git\Rides24\src\main\resources\rides.temp' is opened by 1380@stach

[2025-05-07 22:08:09 #3 type] 
Type domain.UsuarioRegistrado is not enhanced.

[2025-05-07 22:08:09 #4 type] 
Type domain.Pasajero is not enhanced.

[2025-05-07 22:08:09 #5 type] 
Type domain.Solicitud is not enhanced.

[2025-05-07 22:08:09 #6 type] 
Type domain.Ride is not enhanced.

[2025-05-07 22:08:09 #7 type] 
Type domain.Vehiculo is not enhanced.

[2025-05-07 22:08:09 #8 type] 
Type domain.Driver is not enhanced.

[2025-05-07 22:08:09 #9 type] 
Type domain.Oferta is not enhanced.

[2025-05-07 22:08:09 #10 type] 
Type domain.Business is not enhanced.

------------------------------------------------------------------------------------------------------------------------

[2025-05-07 22:09:14 #1 store] 
Database 'C:\Users\jongf\git\Rides24\src\main\resources\rides.temp' has been recovered (tr. 12-13)

[2025-05-07 22:09:14 #2 store] 
Database 'C:\Users\jongf\git\Rides24\src\main\resources\rides.temp' is opened by 12452@stach

[2025-05-07 22:09:14 #3 type] 
Type domain.UsuarioRegistrado is not enhanced.

[2025-05-07 22:09:14 #4 type] 
Type domain.Pasajero is not enhanced.

[2025-05-07 22:09:14 #5 type] 
Type domain.Solicitud is not enhanced.

[2025-05-07 22:09:14 #6 type] 
Type domain.Ride is not enhanced.

[2025-05-07 22:09:14 #7 type] 
Type domain.Vehiculo is not enhanced.

[2025-05-07 22:09:14 #8 type] 
Type domain.Driver is not enhanced.

[2025-05-07 22:09:14 #9 type] 
Type domain.Oferta is not enhanced.

[2025-05-07 22:09:14 #10 type] 
Type domain.Business is not enhanced.

------------------------------------------------------------------------------------------------------------------------

[2025-05-07 22:54:03 #1 store] 
Database 'C:\Users\hills\git\Rides24\src\main\resources\rides.temp' has been recovered (tr. 329-330)

[2025-05-07 22:54:03 #2 store] 
Database 'C:\Users\hills\git\Rides24\src\main\resources\rides.temp' is opened by 6440@PCJAN

[2025-05-07 22:54:03 #3 type] 
Type domain.UsuarioRegistrado is not enhanced.

[2025-05-07 22:54:03 #4 type] 
Type domain.Pasajero is not enhanced.

[2025-05-07 22:54:03 #5 type] 
Type domain.Solicitud is not enhanced.

[2025-05-07 22:54:03 #6 type] 
Type domain.Ride is not enhanced.

[2025-05-07 22:54:03 #7 type] 
Type domain.Driver is not enhanced.

[2025-05-07 22:54:03 #8 type] 
Type domain.Business is not enhanced.

[2025-05-07 22:54:03 #9 type] 
Type domain.Vehiculo is not enhanced.

[2025-05-07 22:54:03 #10 type] 
Type domain.Oferta is not enhanced.

------------------------------------------------------------------------------------------------------------------------

[2025-05-07 22:55:54 #1 store] 
Database 'C:\Users\hills\git\Rides24\src\main\resources\rides.temp' has been recovered (tr. 331-333)

[2025-05-07 22:55:54 #2 store] 
Database 'C:\Users\hills\git\Rides24\src\main\resources\rides.temp' is opened by 23984@PCJAN

[2025-05-07 22:55:55 #3 type] 
Type domain.UsuarioRegistrado is not enhanced.

[2025-05-07 22:55:55 #4 type] 
Type domain.Pasajero is not enhanced.

[2025-05-07 22:55:55 #5 type] 
Type domain.Solicitud is not enhanced.

[2025-05-07 22:55:55 #6 type] 
Type domain.Ride is not enhanced.

[2025-05-07 22:55:55 #7 type] 
Type domain.Driver is not enhanced.

[2025-05-07 22:55:55 #8 type] 
Type domain.Business is not enhanced.

[2025-05-07 22:55:55 #9 type] 
Type domain.Vehiculo is not enhanced.

[2025-05-07 22:55:55 #10 type] 
Type domain.Oferta is not enhanced.

------------------------------------------------------------------------------------------------------------------------

[2025-05-07 22:56:46 #1 store] 
Database 'C:\Users\hills\git\Rides24\src\main\resources\rides.temp' has been recovered (tr. 334-335)

[2025-05-07 22:56:46 #2 store] 
Database 'C:\Users\hills\git\Rides24\src\main\resources\rides.temp' is opened by 6492@PCJAN

[2025-05-07 22:56:46 #3 type] 
Type domain.UsuarioRegistrado is not enhanced.

[2025-05-07 22:56:46 #4 type] 
Type domain.Pasajero is not enhanced.

[2025-05-07 22:56:46 #5 type] 
Type domain.Solicitud is not enhanced.

[2025-05-07 22:56:46 #6 type] 
Type domain.Ride is not enhanced.

[2025-05-07 22:56:46 #7 type] 
Type domain.Driver is not enhanced.

[2025-05-07 22:56:46 #8 type] 
Type domain.Business is not enhanced.

[2025-05-07 22:56:46 #9 type] 
Type domain.Vehiculo is not enhanced.

[2025-05-07 22:56:46 #10 type] 
Type domain.Oferta is not enhanced.

------------------------------------------------------------------------------------------------------------------------

[2025-05-07 22:59:50 #1 store] 
Database 'C:\Users\hills\git\Rides24\src\main\resources\rides.temp' has been recovered (tr. 336-337)

[2025-05-07 22:59:50 #2 store] 
Database 'C:\Users\hills\git\Rides24\src\main\resources\rides.temp' is opened by 10564@PCJAN

[2025-05-07 22:59:50 #3 type] 
Type domain.UsuarioRegistrado is not enhanced.

[2025-05-07 22:59:50 #4 type] 
Type domain.Pasajero is not enhanced.

[2025-05-07 22:59:50 #5 type] 
Type domain.Solicitud is not enhanced.

[2025-05-07 22:59:50 #6 type] 
Type domain.Ride is not enhanced.

[2025-05-07 22:59:50 #7 type] 
Type domain.Driver is not enhanced.

[2025-05-07 22:59:50 #8 type] 
Type domain.Business is not enhanced.

[2025-05-07 22:59:50 #9 type] 
Type domain.Vehiculo is not enhanced.

[2025-05-07 22:59:50 #10 type] 
Type domain.Oferta is not enhanced.

------------------------------------------------------------------------------------------------------------------------

[2025-05-07 23:00:28 #1 store] 
Database 'C:\Users\hills\git\Rides24\src\main\resources\rides.temp' has been recovered (tr. 338-339)

[2025-05-07 23:00:28 #2 store] 
Database 'C:\Users\hills\git\Rides24\src\main\resources\rides.temp' is opened by 9608@PCJAN

[2025-05-07 23:00:28 #3 type] 
Type domain.UsuarioRegistrado is not enhanced.

[2025-05-07 23:00:28 #4 type] 
Type domain.Pasajero is not enhanced.

[2025-05-07 23:00:28 #5 type] 
Type domain.Solicitud is not enhanced.

[2025-05-07 23:00:28 #6 type] 
Type domain.Ride is not enhanced.

[2025-05-07 23:00:28 #7 type] 
Type domain.Driver is not enhanced.

[2025-05-07 23:00:28 #8 type] 
Type domain.Business is not enhanced.

[2025-05-07 23:00:28 #9 type] 
Type domain.Vehiculo is not enhanced.

