------------------------------------------------------------------------------------------------------------------------

[2025-04-10 08:25:14 #1 store] 
Database '/home/stach/git/Rides24/src/main/resources/rides.temp' has been recovered (tr. 1-7)

[2025-04-10 08:25:15 #2 store] 
Database '/home/stach/git/Rides24/src/main/resources/rides.temp' is opened by 5568@fedora

[2025-04-10 08:25:15 #3 type] 
Type domain.UsuarioRegistrado is not enhanced.

[2025-04-10 08:25:15 #4 type] 
Type domain.Pasajero is not enhanced.

[2025-04-10 08:25:15 #5 type] 
Type domain.Driver is not enhanced.

[2025-04-10 08:25:15 #6 type.registry] 
New type domain.Business

[2025-04-10 08:25:15 #7 type] 
Type domain.Solicitud is not enhanced.

[2025-04-10 08:25:15 #8 type] 
Type domain.Ride is not enhanced.

[2025-04-10 08:25:15 #9 type] 
Type domain.Bussiness is not enhanced.

[2025-04-10 08:25:15 #10 type] 
Type domain.Business is not enhanced.

------------------------------------------------------------------------------------------------------------------------

[2025-04-10 08:28:29 #1 store] 
Database '/home/stach/git/Rides24/src/main/resources/rides.temp' has been recovered (tr. 8-8)

[2025-04-10 08:28:29 #2 store] 
Database '/home/stach/git/Rides24/src/main/resources/rides.temp' is opened by 6192@fedora

[2025-04-10 08:28:29 #3 type] 
Type domain.UsuarioRegistrado is not enhanced.

[2025-04-10 08:28:29 #4 type] 
Type domain.Pasajero is not enhanced.

[2025-04-10 08:28:29 #5 type] 
Type domain.Driver is not enhanced.

[2025-04-10 08:28:29 #6 type] 
Type domain.Solicitud is not enhanced.

[2025-04-10 08:28:29 #7 type] 
Type domain.Ride is not enhanced.

[2025-04-10 08:28:29 #8 type] 
Type domain.Bussiness is not enhanced.

[2025-04-10 08:28:29 #9 type] 
Type domain.Business is not enhanced.

------------------------------------------------------------------------------------------------------------------------

[2025-04-10 08:29:36 #1 store] 
Database '/home/stach/git/Rides24/src/main/resources/rides.temp' is opened by 6475@fedora

[2025-04-10 08:29:36 #2 type] 
Type domain.UsuarioRegistrado is not enhanced.

[2025-04-10 08:29:36 #3 type] 
Type domain.Pasajero is not enhanced.

[2025-04-10 08:29:36 #4 type] 
Type domain.Driver is not enhanced.

[2025-04-10 08:29:36 #5 type] 
Type domain.Solicitud is not enhanced.

[2025-04-10 08:29:36 #6 type] 
Type domain.Ride is not enhanced.

[2025-04-10 08:29:36 #7 type] 
Type domain.Bussiness is not enhanced.

[2025-04-10 08:29:36 #8 type] 
Type domain.Business is not enhanced.

------------------------------------------------------------------------------------------------------------------------

[2025-04-10 08:31:27 #1 store] 
Database '/home/stach/git/Rides24/src/main/resources/rides.temp' is opened by 6633@fedora

[2025-04-10 08:31:28 #2 type] 
Type domain.UsuarioRegistrado is not enhanced.

[2025-04-10 08:31:28 #3 type] 
Type domain.Pasajero is not enhanced.

[2025-04-10 08:31:28 #4 type] 
Type domain.Driver is not enhanced.

[2025-04-10 08:31:28 #5 type] 
Type domain.Solicitud is not enhanced.

[2025-04-10 08:31:28 #6 type] 
Type domain.Ride is not enhanced.

[2025-04-10 08:31:28 #7 type] 
Type domain.Bussiness is not enhanced.

[2025-04-10 08:31:28 #8 type] 
Type domain.Business is not enhanced.

