------------------------------------------------------------------------------------------------------------------------

[2025-04-25 17:00:09 #1 store] 
Database '/home/stach/git/Rides24/src/main/resources/rides.temp' has been recovered (tr. 11-11)

[2025-04-25 17:00:09 #2 store] 
Database '/home/stach/git/Rides24/src/main/resources/rides.temp' is opened by 225712@archlinux

[2025-04-25 17:00:09 #3 type] 
Type domain.UsuarioRegistrado is not enhanced.

[2025-04-25 17:00:09 #4 type] 
Type domain.Pasajero is not enhanced.

[2025-04-25 17:00:09 #5 type] 
Type domain.Driver is not enhanced.

[2025-04-25 17:00:09 #6 type] 
Type domain.Solicitud is not enhanced.

[2025-04-25 17:00:09 #7 type] 
Type domain.Vehiculo is not enhanced.

[2025-04-25 17:00:09 #8 type] 
Type domain.Ride is not enhanced.

[2025-04-25 17:00:09 #9 type] 
Type domain.Business is not enhanced.

------------------------------------------------------------------------------------------------------------------------

[2025-04-25 17:00:57 #1 store] 
Database '/home/stach/git/Rides24/src/main/resources/rides.temp' is opened by 226234@archlinux

[2025-04-25 17:01:15 #2 type.registry] 
New type domain.UsuarioRegistrado

[2025-04-25 17:01:15 #3 type.registry] 
New type domain.Pasajero

[2025-04-25 17:01:15 #4 type] 
Type domain.UsuarioRegistrado is not enhanced.

[2025-04-25 17:01:15 #5 type] 
Type domain.Pasajero is not enhanced.

[2025-04-25 17:01:15 #6 type.registry] 
New type domain.Solicitud

[2025-04-25 17:01:15 #7 type.registry] 
New type java.util.ArrayList<domain.Solicitud>

[2025-04-25 17:01:15 #8 type] 
Type domain.Solicitud is not enhanced.

[2025-04-25 17:01:15 #9 type.registry] 
New type domain.Ride

[2025-04-25 17:01:15 #10 type] 
Type domain.Ride is not enhanced.

[2025-04-25 17:01:15 #11 type.registry] 
New type domain.Vehiculo

[2025-04-25 17:01:15 #12 type.registry] 
New type domain.Driver

[2025-04-25 17:01:15 #13 type] 
Type domain.Vehiculo is not enhanced.

[2025-04-25 17:01:15 #14 type.registry] 
New type byte[]

[2025-04-25 17:01:15 #15 type] 
Type domain.Driver is not enhanced.

[2025-04-25 17:01:15 #16 type.registry] 
New type java.util.ArrayList<domain.Vehiculo>

[2025-04-25 17:01:15 #17 type.registry] 
New type domain.Business

[2025-04-25 17:01:15 #18 type] 
Type domain.Business is not enhanced.

[2025-04-25 17:01:15 #19 type.registry] 
New type java.util.ArrayList<domain.Driver>

[2025-04-25 17:01:15 #20 type.registry] 
New type java.util.ArrayList<java.lang.Object>

[2025-04-25 17:01:15 #21 type.registry] 
New type java.util.Vector<java.lang.Object>

[2025-04-25 17:01:15 #22 type.registry] 
New type java.util.Vector<domain.Ride>

------------------------------------------------------------------------------------------------------------------------

[2025-04-25 17:02:17 #1 store] 
Database '/home/stach/git/Rides24/src/main/resources/rides.temp' has been recovered (tr. 1-9)

[2025-04-25 17:02:17 #2 store] 
Database '/home/stach/git/Rides24/src/main/resources/rides.temp' is opened by 227030@archlinux

[2025-04-25 17:02:17 #3 type] 
Type domain.UsuarioRegistrado is not enhanced.

[2025-04-25 17:02:17 #4 type] 
Type domain.Pasajero is not enhanced.

[2025-04-25 17:02:17 #5 type] 
Type domain.Solicitud is not enhanced.

[2025-04-25 17:02:17 #6 type] 
Type domain.Ride is not enhanced.

[2025-04-25 17:02:17 #7 type] 
Type domain.Vehiculo is not enhanced.

[2025-04-25 17:02:17 #8 type] 
Type domain.Driver is not enhanced.

[2025-04-25 17:02:17 #9 type] 
Type domain.Business is not enhanced.

------------------------------------------------------------------------------------------------------------------------

[2025-04-25 17:05:05 #1 store] 
Database '/home/stach/git/Rides24/src/main/resources/rides.temp' has been recovered (tr. 10-10)

[2025-04-25 17:05:05 #2 store] 
Database '/home/stach/git/Rides24/src/main/resources/rides.temp' is opened by 228512@archlinux

[2025-04-25 17:05:05 #3 type] 
Type domain.UsuarioRegistrado is not enhanced.

[2025-04-25 17:05:05 #4 type] 
Type domain.Pasajero is not enhanced.

[2025-04-25 17:05:05 #5 type] 
Type domain.Solicitud is not enhanced.

[2025-04-25 17:05:05 #6 type] 
Type domain.Ride is not enhanced.

[2025-04-25 17:05:05 #7 type] 
Type domain.Vehiculo is not enhanced.

[2025-04-25 17:05:05 #8 type] 
Type domain.Driver is not enhanced.

[2025-04-25 17:05:05 #9 type] 
Type domain.Business is not enhanced.

------------------------------------------------------------------------------------------------------------------------

[2025-04-25 17:07:02 #1 store] 
Database '/home/stach/git/Rides24/src/main/resources/rides.temp' is opened by 229628@archlinux

[2025-04-25 17:07:02 #2 type] 
Type domain.UsuarioRegistrado is not enhanced.

[2025-04-25 17:07:02 #3 type] 
Type domain.Pasajero is not enhanced.

[2025-04-25 17:07:02 #4 type] 
Type domain.Solicitud is not enhanced.

[2025-04-25 17:07:02 #5 type] 
Type domain.Ride is not enhanced.

[2025-04-25 17:07:02 #6 type] 
Type domain.Vehiculo is not enhanced.

[2025-04-25 17:07:02 #7 type] 
Type domain.Driver is not enhanced.

[2025-04-25 17:07:02 #8 type] 
Type domain.Business is not enhanced.

------------------------------------------------------------------------------------------------------------------------

[2025-04-25 17:12:48 #1 store] 
Database '/home/stach/git/Rides24/src/main/resources/rides.temp' is opened by 232814@archlinux

[2025-04-25 17:12:48 #2 type] 
Type domain.UsuarioRegistrado is not enhanced.

[2025-04-25 17:12:48 #3 type] 
Type domain.Pasajero is not enhanced.

[2025-04-25 17:12:48 #4 type] 
Type domain.Solicitud is not enhanced.

[2025-04-25 17:12:48 #5 type] 
Type domain.Ride is not enhanced.

[2025-04-25 17:12:48 #6 type] 
Type domain.Vehiculo is not enhanced.

[2025-04-25 17:12:48 #7 type] 
Type domain.Driver is not enhanced.

[2025-04-25 17:12:48 #8 type] 
Type domain.Business is not enhanced.

------------------------------------------------------------------------------------------------------------------------

[2025-04-25 17:41:10 #1 store] 
Database '/home/stach/git/Rides24/src/main/resources/rides.temp' is opened by 246472@archlinux

[2025-04-25 17:41:10 #2 type] 
Type domain.UsuarioRegistrado is not enhanced.

[2025-04-25 17:41:10 #3 type] 
Type domain.Pasajero is not enhanced.

[2025-04-25 17:41:10 #4 type] 
Type domain.Solicitud is not enhanced.

[2025-04-25 17:41:10 #5 type] 
Type domain.Ride is not enhanced.

[2025-04-25 17:41:10 #6 type] 
Type domain.Vehiculo is not enhanced.

[2025-04-25 17:41:10 #7 type] 
Type domain.Driver is not enhanced.

[2025-04-25 17:41:10 #8 type] 
Type domain.Business is not enhanced.

------------------------------------------------------------------------------------------------------------------------

[2025-04-25 17:42:44 #1 store] 
Database '/home/stach/git/Rides24/src/main/resources/rides.temp' is opened by 247233@archlinux

[2025-04-25 17:42:44 #2 type] 
Type domain.UsuarioRegistrado is not enhanced.

[2025-04-25 17:42:44 #3 type] 
Type domain.Pasajero is not enhanced.

[2025-04-25 17:42:44 #4 type] 
Type domain.Solicitud is not enhanced.

[2025-04-25 17:42:45 #5 type] 
Type domain.Ride is not enhanced.

[2025-04-25 17:42:45 #6 type] 
Type domain.Vehiculo is not enhanced.

[2025-04-25 17:42:45 #7 type] 
Type domain.Driver is not enhanced.

[2025-04-25 17:42:45 #8 type] 
Type domain.Business is not enhanced.

------------------------------------------------------------------------------------------------------------------------

[2025-04-25 17:47:05 #1 store] 
Database '/home/stach/git/Rides24/src/main/resources/rides.temp' is opened by 249661@archlinux

[2025-04-25 17:47:06 #2 type] 
Type domain.UsuarioRegistrado is not enhanced.

[2025-04-25 17:47:06 #3 type] 
Type domain.Pasajero is not enhanced.

[2025-04-25 17:47:06 #4 type] 
Type domain.Solicitud is not enhanced.

[2025-04-25 17:47:06 #5 type] 
Type domain.Ride is not enhanced.

[2025-04-25 17:47:06 #6 type] 
Type domain.Vehiculo is not enhanced.

[2025-04-25 17:47:06 #7 type] 
Type domain.Driver is not enhanced.

[2025-04-25 17:47:06 #8 type] 
Type domain.Business is not enhanced.

------------------------------------------------------------------------------------------------------------------------

[2025-04-25 17:50:39 #1 store] 
Database '/home/stach/git/Rides24/src/main/resources/rides.temp' is opened by 251546@archlinux

[2025-04-25 17:50:39 #2 type] 
Type domain.UsuarioRegistrado is not enhanced.

[2025-04-25 17:50:39 #3 type] 
Type domain.Pasajero is not enhanced.

[2025-04-25 17:50:39 #4 type] 
Type domain.Solicitud is not enhanced.

[2025-04-25 17:50:39 #5 type] 
Type domain.Ride is not enhanced.

[2025-04-25 17:50:39 #6 type] 
Type domain.Vehiculo is not enhanced.

[2025-04-25 17:50:39 #7 type] 
Type domain.Driver is not enhanced.

[2025-04-25 17:50:39 #8 type] 
Type domain.Business is not enhanced.

------------------------------------------------------------------------------------------------------------------------

[2025-04-25 17:51:01 #1 store] 
Database '/home/stach/git/Rides24/src/main/resources/rides.temp' is opened by 251795@archlinux

[2025-04-25 17:51:01 #2 type] 
Type domain.UsuarioRegistrado is not enhanced.

[2025-04-25 17:51:01 #3 type] 
Type domain.Pasajero is not enhanced.

[2025-04-25 17:51:01 #4 type] 
Type domain.Solicitud is not enhanced.

[2025-04-25 17:51:01 #5 type] 
Type domain.Ride is not enhanced.

[2025-04-25 17:51:01 #6 type] 
Type domain.Vehiculo is not enhanced.

[2025-04-25 17:51:01 #7 type] 
Type domain.Driver is not enhanced.

[2025-04-25 17:51:01 #8 type] 
Type domain.Business is not enhanced.

------------------------------------------------------------------------------------------------------------------------

[2025-04-25 17:58:32 #1 store] 
Database '/home/stach/git/Rides24/src/main/resources/rides.temp' is opened by 255434@archlinux

[2025-04-25 17:58:32 #2 type] 
Type domain.UsuarioRegistrado is not enhanced.

[2025-04-25 17:58:32 #3 type] 
Type domain.Pasajero is not enhanced.

[2025-04-25 17:58:32 #4 type] 
Type domain.Solicitud is not enhanced.

[2025-04-25 17:58:32 #5 type] 
Type domain.Ride is not enhanced.

[2025-04-25 17:58:32 #6 type] 
Type domain.Vehiculo is not enhanced.

[2025-04-25 17:58:32 #7 type] 
Type domain.Driver is not enhanced.

[2025-04-25 17:58:32 #8 type] 
Type domain.Business is not enhanced.

------------------------------------------------------------------------------------------------------------------------

[2025-04-25 17:58:49 #1 store] 
Database '/home/stach/git/Rides24/src/main/resources/rides.temp' is opened by 255606@archlinux

[2025-04-25 17:58:49 #2 type] 
Type domain.UsuarioRegistrado is not enhanced.

[2025-04-25 17:58:49 #3 type] 
Type domain.Pasajero is not enhanced.

[2025-04-25 17:58:49 #4 type] 
Type domain.Solicitud is not enhanced.

[2025-04-25 17:58:49 #5 type] 
Type domain.Ride is not enhanced.

[2025-04-25 17:58:49 #6 type] 
Type domain.Vehiculo is not enhanced.

[2025-04-25 17:58:49 #7 type] 
Type domain.Driver is not enhanced.

[2025-04-25 17:58:49 #8 type] 
Type domain.Business is not enhanced.

------------------------------------------------------------------------------------------------------------------------

[2025-04-25 17:59:29 #1 store] 
Database '/home/stach/git/Rides24/src/main/resources/rides.temp' is opened by 255967@archlinux

[2025-04-25 17:59:29 #2 type] 
Type domain.UsuarioRegistrado is not enhanced.

[2025-04-25 17:59:29 #3 type] 
Type domain.Pasajero is not enhanced.

[2025-04-25 17:59:29 #4 type] 
Type domain.Solicitud is not enhanced.

[2025-04-25 17:59:29 #5 type] 
Type domain.Ride is not enhanced.

[2025-04-25 17:59:29 #6 type] 
Type domain.Vehiculo is not enhanced.

[2025-04-25 17:59:29 #7 type] 
Type domain.Driver is not enhanced.

[2025-04-25 17:59:29 #8 type] 
Type domain.Business is not enhanced.

------------------------------------------------------------------------------------------------------------------------

[2025-04-25 18:01:35 #1 store] 
Database '/home/stach/git/Rides24/src/main/resources/rides.temp' is opened by 257004@archlinux

[2025-04-25 18:01:36 #2 type] 
Type domain.UsuarioRegistrado is not enhanced.

[2025-04-25 18:01:36 #3 type] 
Type domain.Pasajero is not enhanced.

[2025-04-25 18:01:36 #4 type] 
Type domain.Solicitud is not enhanced.

[2025-04-25 18:01:36 #5 type] 
Type domain.Ride is not enhanced.

[2025-04-25 18:01:36 #6 type] 
Type domain.Vehiculo is not enhanced.

[2025-04-25 18:01:36 #7 type] 
Type domain.Driver is not enhanced.

[2025-04-25 18:01:36 #8 type] 
Type domain.Business is not enhanced.

------------------------------------------------------------------------------------------------------------------------

[2025-04-25 18:03:21 #1 store] 
Database '/home/stach/git/Rides24/src/main/resources/rides.temp' is opened by 257937@archlinux

[2025-04-25 18:03:21 #2 type] 
Type domain.UsuarioRegistrado is not enhanced.

[2025-04-25 18:03:21 #3 type] 
Type domain.Pasajero is not enhanced.

[2025-04-25 18:03:21 #4 type] 
Type domain.Solicitud is not enhanced.

[2025-04-25 18:03:21 #5 type] 
Type domain.Ride is not enhanced.

[2025-04-25 18:03:21 #6 type] 
Type domain.Vehiculo is not enhanced.

[2025-04-25 18:03:21 #7 type] 
Type domain.Driver is not enhanced.

[2025-04-25 18:03:21 #8 type] 
Type domain.Business is not enhanced.

------------------------------------------------------------------------------------------------------------------------

[2025-04-25 18:04:15 #1 store] 
Database '/home/stach/git/Rides24/src/main/resources/rides.temp' is opened by 258479@archlinux

[2025-04-25 18:04:15 #2 type] 
Type domain.UsuarioRegistrado is not enhanced.

[2025-04-25 18:04:15 #3 type] 
Type domain.Pasajero is not enhanced.

[2025-04-25 18:04:15 #4 type] 
Type domain.Solicitud is not enhanced.

[2025-04-25 18:04:15 #5 type] 
Type domain.Ride is not enhanced.

[2025-04-25 18:04:15 #6 type] 
Type domain.Vehiculo is not enhanced.

[2025-04-25 18:04:15 #7 type] 
Type domain.Driver is not enhanced.

[2025-04-25 18:04:15 #8 type] 
Type domain.Business is not enhanced.

