------------------------------------------------------------------------------------------------------------------------

[2025-04-23 12:28:20 #1 store] 
Database '/home/stach/git/Rides24/src/main/resources/rides.temp' is opened by 39784@archlinux

[2025-04-23 12:28:20 #2 type.registry] 
New type domain.UsuarioRegistrado

[2025-04-23 12:28:20 #3 type.registry] 
New type domain.Pasajero

[2025-04-23 12:28:20 #4 type.registry] 
New type domain.Driver

[2025-04-23 12:28:20 #5 type] 
Type domain.UsuarioRegistrado is not enhanced.

[2025-04-23 12:28:20 #6 type] 
Type domain.Pasajero is not enhanced.

[2025-04-23 12:28:20 #7 type.registry] 
New type domain.Solicitud

[2025-04-23 12:28:20 #8 type.registry] 
New type java.util.ArrayList<domain.Solicitud>

[2025-04-23 12:28:20 #9 type] 
Type domain.Driver is not enhanced.

[2025-04-23 12:28:20 #10 type.registry] 
New type domain.Vehiculo

[2025-04-23 12:28:20 #11 type.registry] 
New type java.util.ArrayList<domain.Vehiculo>

[2025-04-23 12:28:20 #12 type.registry] 
New type domain.Ride

[2025-04-23 12:28:20 #13 type.registry] 
New type domain.Business

[2025-04-23 12:28:20 #14 type] 
Type domain.Solicitud is not enhanced.

[2025-04-23 12:28:20 #15 type] 
Type domain.Vehiculo is not enhanced.

[2025-04-23 12:28:20 #16 type.registry] 
New type byte[]

[2025-04-23 12:28:20 #17 type] 
Type domain.Ride is not enhanced.

[2025-04-23 12:28:20 #18 type] 
Type domain.Business is not enhanced.

[2025-04-23 12:28:20 #19 type.registry] 
New type java.util.ArrayList<domain.Driver>

[2025-04-23 12:28:20 #20 type.registry] 
New type java.util.ArrayList<java.lang.Object>

[2025-04-23 12:28:20 #21 type.registry] 
New type java.util.Vector<java.lang.Object>

[2025-04-23 12:28:20 #22 type.registry] 
New type java.util.Vector<domain.Ride>

------------------------------------------------------------------------------------------------------------------------

[2025-04-23 12:49:59 #1 store] 
Database '/home/stach/git/Rides24/src/main/resources/rides.temp' is opened by 52695@archlinux

[2025-04-23 12:49:59 #2 type.registry] 
New type domain.UsuarioRegistrado

[2025-04-23 12:49:59 #3 type.registry] 
New type domain.Pasajero

[2025-04-23 12:49:59 #4 type.registry] 
New type domain.Driver

[2025-04-23 12:49:59 #5 type] 
Type domain.UsuarioRegistrado is not enhanced.

[2025-04-23 12:49:59 #6 type] 
Type domain.Pasajero is not enhanced.

[2025-04-23 12:49:59 #7 type.registry] 
New type domain.Solicitud

[2025-04-23 12:49:59 #8 type.registry] 
New type java.util.ArrayList<domain.Solicitud>

[2025-04-23 12:49:59 #9 type] 
Type domain.Driver is not enhanced.

[2025-04-23 12:49:59 #10 type.registry] 
New type domain.Vehiculo

[2025-04-23 12:49:59 #11 type.registry] 
New type java.util.ArrayList<domain.Vehiculo>

[2025-04-23 12:49:59 #12 type.registry] 
New type domain.Ride

[2025-04-23 12:49:59 #13 type.registry] 
New type domain.Business

[2025-04-23 12:49:59 #14 type] 
Type domain.Solicitud is not enhanced.

[2025-04-23 12:49:59 #15 type] 
Type domain.Vehiculo is not enhanced.

[2025-04-23 12:49:59 #16 type.registry] 
New type byte[]

[2025-04-23 12:49:59 #17 type] 
Type domain.Ride is not enhanced.

[2025-04-23 12:49:59 #18 type] 
Type domain.Business is not enhanced.

[2025-04-23 12:49:59 #19 type.registry] 
New type java.util.ArrayList<domain.Driver>

[2025-04-23 12:49:59 #20 type.registry] 
New type java.util.ArrayList<java.lang.Object>

[2025-04-23 12:49:59 #21 type.registry] 
New type java.util.Vector<java.lang.Object>

[2025-04-23 12:49:59 #22 type.registry] 
New type java.util.Vector<domain.Ride>

------------------------------------------------------------------------------------------------------------------------

[2025-04-23 13:01:39 #1 store] 
Database '/home/stach/git/Rides24/src/main/resources/rides.temp' is opened by 58259@archlinux

[2025-04-23 13:01:39 #2 type.registry] 
New type domain.UsuarioRegistrado

[2025-04-23 13:01:39 #3 type.registry] 
New type domain.Pasajero

[2025-04-23 13:01:39 #4 type.registry] 
New type domain.Driver

[2025-04-23 13:01:39 #5 type] 
Type domain.UsuarioRegistrado is not enhanced.

[2025-04-23 13:01:39 #6 type] 
Type domain.Pasajero is not enhanced.

[2025-04-23 13:01:39 #7 type.registry] 
New type domain.Solicitud

[2025-04-23 13:01:39 #8 type.registry] 
New type java.util.ArrayList<domain.Solicitud>

[2025-04-23 13:01:39 #9 type] 
Type domain.Driver is not enhanced.

[2025-04-23 13:01:39 #10 type.registry] 
New type domain.Vehiculo

[2025-04-23 13:01:39 #11 type.registry] 
New type java.util.ArrayList<domain.Vehiculo>

[2025-04-23 13:01:39 #12 type.registry] 
New type domain.Ride

[2025-04-23 13:01:39 #13 type.registry] 
New type domain.Business

[2025-04-23 13:01:39 #14 type] 
Type domain.Solicitud is not enhanced.

[2025-04-23 13:01:39 #15 type] 
Type domain.Vehiculo is not enhanced.

[2025-04-23 13:01:39 #16 type.registry] 
New type byte[]

[2025-04-23 13:01:39 #17 type] 
Type domain.Ride is not enhanced.

[2025-04-23 13:01:39 #18 type] 
Type domain.Business is not enhanced.

[2025-04-23 13:01:39 #19 type.registry] 
New type java.util.ArrayList<domain.Driver>

[2025-04-23 13:01:39 #20 type.registry] 
New type java.util.ArrayList<java.lang.Object>

[2025-04-23 13:01:39 #21 type.registry] 
New type java.util.Vector<java.lang.Object>

[2025-04-23 13:01:39 #22 type.registry] 
New type java.util.Vector<domain.Ride>

------------------------------------------------------------------------------------------------------------------------

[2025-04-23 13:28:00 #1 store] 
Database '/home/stach/git/Rides24/src/main/resources/rides.temp' is opened by 71993@archlinux

[2025-04-23 13:28:00 #2 type] 
Type domain.UsuarioRegistrado is not enhanced.

[2025-04-23 13:28:00 #3 type] 
Type domain.Pasajero is not enhanced.

[2025-04-23 13:28:00 #4 type] 
Type domain.Driver is not enhanced.

[2025-04-23 13:28:00 #5 type] 
Type domain.Solicitud is not enhanced.

[2025-04-23 13:28:00 #6 type] 
Type domain.Vehiculo is not enhanced.

[2025-04-23 13:28:00 #7 type] 
Type domain.Ride is not enhanced.

[2025-04-23 13:28:00 #8 type] 
Type domain.Business is not enhanced.

------------------------------------------------------------------------------------------------------------------------

[2025-04-23 13:32:26 #1 store] 
Database '/home/stach/git/Rides24/src/main/resources/rides.temp' is opened by 74264@archlinux

[2025-04-23 13:32:27 #2 type] 
Type domain.UsuarioRegistrado is not enhanced.

[2025-04-23 13:32:27 #3 type] 
Type domain.Pasajero is not enhanced.

[2025-04-23 13:32:27 #4 type] 
Type domain.Driver is not enhanced.

[2025-04-23 13:32:27 #5 type] 
Type domain.Solicitud is not enhanced.

[2025-04-23 13:32:27 #6 type] 
Type domain.Vehiculo is not enhanced.

[2025-04-23 13:32:27 #7 type] 
Type domain.Ride is not enhanced.

[2025-04-23 13:32:27 #8 type] 
Type domain.Business is not enhanced.

------------------------------------------------------------------------------------------------------------------------

[2025-04-23 14:02:54 #1 store] 
Database '/home/stach/git/Rides24/src/main/resources/rides.temp' has been recovered (tr. 10-10)

[2025-04-23 14:02:54 #2 store] 
Database '/home/stach/git/Rides24/src/main/resources/rides.temp' is opened by 88505@archlinux

[2025-04-23 14:02:54 #3 type] 
Type domain.UsuarioRegistrado is not enhanced.

[2025-04-23 14:02:54 #4 type] 
Type domain.Pasajero is not enhanced.

[2025-04-23 14:02:54 #5 type] 
Type domain.Driver is not enhanced.

[2025-04-23 14:02:54 #6 type] 
Type domain.Solicitud is not enhanced.

[2025-04-23 14:02:54 #7 type] 
Type domain.Vehiculo is not enhanced.

[2025-04-23 14:02:54 #8 type] 
Type domain.Ride is not enhanced.

[2025-04-23 14:02:54 #9 type] 
Type domain.Business is not enhanced.

