------------------------------------------------------------------------------------------------------------------------

[2025-04-02 22:05:42 #1 store] 
Database 'C:\Users\hills\git\Rides24\src\main\resources\rides.temp' is opened by 6972@PCJAN

[2025-04-02 22:05:46 #2 type.registry] 
New type domain.UsuarioRegistrado

[2025-04-02 22:05:46 #3 type.registry] 
New type domain.Pasajero

[2025-04-02 22:05:46 #4 type] 
Type domain.UsuarioRegistrado is not enhanced.

[2025-04-02 22:05:46 #5 type] 
Type domain.Pasajero is not enhanced.

[2025-04-02 22:05:46 #6 type.registry] 
New type domain.Solicitud

[2025-04-02 22:05:46 #7 type.registry] 
New type java.util.ArrayList<domain.Solicitud>

[2025-04-02 22:05:46 #8 type] 
Type domain.Solicitud is not enhanced.

[2025-04-02 22:05:46 #9 type.registry] 
New type domain.Ride

[2025-04-02 22:05:46 #10 type] 
Type domain.Ride is not enhanced.

[2025-04-02 22:05:46 #11 type.registry] 
New type domain.Driver

[2025-04-02 22:05:46 #12 type] 
Type domain.Driver is not enhanced.

[2025-04-02 22:05:46 #13 type.registry] 
New type domain.Business

[2025-04-02 22:05:46 #14 type] 
Type domain.Business is not enhanced.

[2025-04-02 22:05:46 #15 type.registry] 
New type java.util.ArrayList<domain.Driver>

[2025-04-02 22:05:46 #16 type.registry] 
New type java.util.ArrayList<java.lang.Object>

[2025-04-02 22:05:46 #17 type.registry] 
New type java.util.Vector<java.lang.Object>

[2025-04-02 22:05:46 #18 type.registry] 
New type java.util.Vector<domain.Ride>

------------------------------------------------------------------------------------------------------------------------

[2025-04-02 22:08:31 #1 store] 
Database 'C:\Users\hills\git\Rides24\src\main\resources\rides.temp' has been recovered (tr. 1-9)

[2025-04-02 22:08:32 #2 store] 
Database 'C:\Users\hills\git\Rides24\src\main\resources\rides.temp' is opened by 18180@PCJAN

[2025-04-02 22:08:32 #3 type] 
Type domain.UsuarioRegistrado is not enhanced.

[2025-04-02 22:08:32 #4 type] 
Type domain.Pasajero is not enhanced.

[2025-04-02 22:08:32 #5 type] 
Type domain.Solicitud is not enhanced.

[2025-04-02 22:08:32 #6 type] 
Type domain.Ride is not enhanced.

[2025-04-02 22:08:32 #7 type] 
Type domain.Driver is not enhanced.

[2025-04-02 22:08:32 #8 type] 
Type domain.Business is not enhanced.

------------------------------------------------------------------------------------------------------------------------

[2025-04-02 22:12:31 #1 store] 
Database 'C:\Users\hills\git\Rides24\src\main\resources\rides.temp' has been recovered (tr. 10-12)

[2025-04-02 22:12:31 #2 store] 
Database 'C:\Users\hills\git\Rides24\src\main\resources\rides.temp' is opened by 19876@PCJAN

[2025-04-02 22:12:31 #3 type] 
Type domain.UsuarioRegistrado is not enhanced.

[2025-04-02 22:12:31 #4 type] 
Type domain.Pasajero is not enhanced.

[2025-04-02 22:12:31 #5 type] 
Type domain.Solicitud is not enhanced.

[2025-04-02 22:12:31 #6 type] 
Type domain.Ride is not enhanced.

[2025-04-02 22:12:31 #7 type] 
Type domain.Driver is not enhanced.

[2025-04-02 22:12:31 #8 type] 
Type domain.Business is not enhanced.

------------------------------------------------------------------------------------------------------------------------

[2025-04-02 22:13:47 #1 store] 
Database 'C:\Users\hills\git\Rides24\src\main\resources\rides.temp' has been recovered (tr. 13-16)

[2025-04-02 22:13:47 #2 store] 
Database 'C:\Users\hills\git\Rides24\src\main\resources\rides.temp' is opened by 7092@PCJAN

[2025-04-02 22:13:47 #3 type] 
Type domain.UsuarioRegistrado is not enhanced.

[2025-04-02 22:13:47 #4 type] 
Type domain.Pasajero is not enhanced.

[2025-04-02 22:13:47 #5 type] 
Type domain.Solicitud is not enhanced.

[2025-04-02 22:13:47 #6 type] 
Type domain.Ride is not enhanced.

[2025-04-02 22:13:47 #7 type] 
Type domain.Driver is not enhanced.

[2025-04-02 22:13:47 #8 type] 
Type domain.Business is not enhanced.

------------------------------------------------------------------------------------------------------------------------

[2025-04-02 22:15:00 #1 store] 
Database 'C:\Users\hills\git\Rides24\src\main\resources\rides.temp' is opened by 12304@PCJAN

[2025-04-02 22:15:00 #2 type] 
Type domain.UsuarioRegistrado is not enhanced.

[2025-04-02 22:15:01 #3 type] 
Type domain.Pasajero is not enhanced.

[2025-04-02 22:15:01 #4 type] 
Type domain.Solicitud is not enhanced.

[2025-04-02 22:15:01 #5 type] 
Type domain.Ride is not enhanced.

[2025-04-02 22:15:01 #6 type] 
Type domain.Driver is not enhanced.

[2025-04-02 22:15:01 #7 type] 
Type domain.Business is not enhanced.

