------------------------------------------------------------------------------------------------------------------------

[2025-03-28 12:28:25 #1 store] 
Database '/home/stach/git/Rides24/src/main/resources/rides.temp' is opened by 9124@fedora

[2025-03-28 12:28:25 #2 type.registry] 
New type domain.UsuarioRegistrado

[2025-03-28 12:28:25 #3 type.registry] 
New type domain.Pasajero

[2025-03-28 12:28:25 #4 type.registry] 
New type domain.Driver

[2025-03-28 12:28:25 #5 type] 
Type domain.UsuarioRegistrado is not enhanced.

[2025-03-28 12:28:25 #6 type] 
Type domain.Pasajero is not enhanced.

[2025-03-28 12:28:25 #7 type.registry] 
New type domain.Solicitud

[2025-03-28 12:28:25 #8 type.registry] 
New type java.util.ArrayList<domain.Solicitud>

[2025-03-28 12:28:25 #9 type] 
Type domain.Driver is not enhanced.

[2025-03-28 12:28:25 #10 type.registry] 
New type domain.Ride

[2025-03-28 12:28:25 #11 type.registry] 
New type domain.Bussiness

[2025-03-28 12:28:25 #12 type] 
Type domain.Solicitud is not enhanced.

[2025-03-28 12:28:25 #13 type] 
Type domain.Ride is not enhanced.

[2025-03-28 12:28:25 #14 type] 
Type domain.Bussiness is not enhanced.

[2025-03-28 12:28:25 #15 type.registry] 
New type java.util.ArrayList<domain.Driver>

[2025-03-28 12:28:25 #16 type.registry] 
New type java.util.ArrayList<java.lang.Object>

[2025-03-28 12:28:25 #17 type.registry] 
New type java.util.Vector<java.lang.Object>

[2025-03-28 12:28:25 #18 type.registry] 
New type java.util.Vector<domain.Ride>

------------------------------------------------------------------------------------------------------------------------

[2025-03-28 12:31:27 #1 store] 
Database '/home/stach/git/Rides24/src/main/resources/rides.temp' is opened by 9448@fedora

[2025-03-28 12:31:27 #2 type.registry] 
New type domain.UsuarioRegistrado

[2025-03-28 12:31:27 #3 type.registry] 
New type domain.Pasajero

[2025-03-28 12:31:27 #4 type.registry] 
New type domain.Driver

[2025-03-28 12:31:27 #5 type] 
Type domain.UsuarioRegistrado is not enhanced.

[2025-03-28 12:31:27 #6 type] 
Type domain.Pasajero is not enhanced.

[2025-03-28 12:31:27 #7 type.registry] 
New type domain.Solicitud

[2025-03-28 12:31:27 #8 type.registry] 
New type java.util.ArrayList<domain.Solicitud>

[2025-03-28 12:31:27 #9 type] 
Type domain.Driver is not enhanced.

[2025-03-28 12:31:27 #10 type.registry] 
New type domain.Ride

[2025-03-28 12:31:27 #11 type.registry] 
New type domain.Bussiness

[2025-03-28 12:31:27 #12 type] 
Type domain.Solicitud is not enhanced.

[2025-03-28 12:31:27 #13 type] 
Type domain.Ride is not enhanced.

[2025-03-28 12:31:27 #14 type] 
Type domain.Bussiness is not enhanced.

[2025-03-28 12:31:27 #15 type.registry] 
New type java.util.ArrayList<domain.Driver>

[2025-03-28 12:31:27 #16 type.registry] 
New type java.util.ArrayList<java.lang.Object>

[2025-03-28 12:31:27 #17 type.registry] 
New type java.util.Vector<java.lang.Object>

[2025-03-28 12:31:27 #18 type.registry] 
New type java.util.Vector<domain.Ride>

