------------------------------------------------------------------------------------------------------------------------

[2025-05-01 17:10:03 #1 store] 
Database '/home/stach/git/Rides24/src/main/resources/rides.temp' has been recovered (tr. 14-14)

[2025-05-01 17:10:03 #2 store] 
Database '/home/stach/git/Rides24/src/main/resources/rides.temp' is opened by 235670@archlinux

[2025-05-01 17:10:03 #3 type] 
Type domain.UsuarioRegistrado is not enhanced.

[2025-05-01 17:10:03 #4 type] 
Type domain.Pasajero is not enhanced.

[2025-05-01 17:10:03 #5 type] 
Type domain.Solicitud is not enhanced.

[2025-05-01 17:10:03 #6 type] 
Type domain.Ride is not enhanced.

[2025-05-01 17:10:03 #7 type] 
Type domain.Vehiculo is not enhanced.

[2025-05-01 17:10:03 #8 type] 
Type domain.Driver is not enhanced.

[2025-05-01 17:10:03 #9 type.registry] 
New type domain.Oferta

[2025-05-01 17:10:03 #10 type.registry] 
New type java.util.ArrayList<domain.Oferta>

[2025-05-01 17:10:03 #11 type] 
Type domain.Business is not enhanced.

[2025-05-01 17:10:03 #12 type] 
Type domain.Oferta is not enhanced.

------------------------------------------------------------------------------------------------------------------------

[2025-05-01 17:11:36 #1 store] 
Database '/home/stach/git/Rides24/src/main/resources/rides.temp' has been recovered (tr. 15-16)

[2025-05-01 17:11:36 #2 store] 
Database '/home/stach/git/Rides24/src/main/resources/rides.temp' is opened by 236500@archlinux

[2025-05-01 17:11:36 #3 type] 
Type domain.UsuarioRegistrado is not enhanced.

[2025-05-01 17:11:36 #4 type] 
Type domain.Pasajero is not enhanced.

[2025-05-01 17:11:36 #5 type] 
Type domain.Solicitud is not enhanced.

[2025-05-01 17:11:36 #6 type] 
Type domain.Ride is not enhanced.

[2025-05-01 17:11:36 #7 type] 
Type domain.Vehiculo is not enhanced.

[2025-05-01 17:11:36 #8 type] 
Type domain.Driver is not enhanced.

[2025-05-01 17:11:36 #9 type] 
Type domain.Business is not enhanced.

[2025-05-01 17:11:36 #10 type] 
Type domain.Oferta is not enhanced.

------------------------------------------------------------------------------------------------------------------------

[2025-05-01 17:12:06 #1 store] 
Database '/home/stach/git/Rides24/src/main/resources/rides.temp' is opened by 236829@archlinux

[2025-05-01 17:12:06 #2 type] 
Type domain.UsuarioRegistrado is not enhanced.

[2025-05-01 17:12:06 #3 type] 
Type domain.Pasajero is not enhanced.

[2025-05-01 17:12:06 #4 type] 
Type domain.Solicitud is not enhanced.

[2025-05-01 17:12:06 #5 type] 
Type domain.Ride is not enhanced.

[2025-05-01 17:12:06 #6 type] 
Type domain.Vehiculo is not enhanced.

[2025-05-01 17:12:06 #7 type] 
Type domain.Driver is not enhanced.

[2025-05-01 17:12:06 #8 type] 
Type domain.Business is not enhanced.

[2025-05-01 17:12:06 #9 type] 
Type domain.Oferta is not enhanced.

------------------------------------------------------------------------------------------------------------------------

[2025-05-01 17:14:40 #1 store] 
Database '/home/stach/git/Rides24/src/main/resources/rides.temp' has been recovered (tr. 17-18)

[2025-05-01 17:14:40 #2 store] 
Database '/home/stach/git/Rides24/src/main/resources/rides.temp' is opened by 238218@archlinux

[2025-05-01 17:14:41 #3 type] 
Type domain.UsuarioRegistrado is not enhanced.

[2025-05-01 17:14:41 #4 type] 
Type domain.Pasajero is not enhanced.

[2025-05-01 17:14:41 #5 type] 
Type domain.Solicitud is not enhanced.

[2025-05-01 17:14:41 #6 type] 
Type domain.Ride is not enhanced.

[2025-05-01 17:14:41 #7 type] 
Type domain.Vehiculo is not enhanced.

[2025-05-01 17:14:41 #8 type] 
Type domain.Driver is not enhanced.

[2025-05-01 17:14:41 #9 type] 
Type domain.Business is not enhanced.

[2025-05-01 17:14:41 #10 type] 
Type domain.Oferta is not enhanced.

------------------------------------------------------------------------------------------------------------------------

[2025-05-01 17:15:17 #1 store] 
Database '/home/stach/git/Rides24/src/main/resources/rides.temp' is opened by 238643@archlinux

[2025-05-01 17:15:17 #2 type] 
Type domain.UsuarioRegistrado is not enhanced.

[2025-05-01 17:15:17 #3 type] 
Type domain.Pasajero is not enhanced.

[2025-05-01 17:15:17 #4 type] 
Type domain.Solicitud is not enhanced.

[2025-05-01 17:15:17 #5 type] 
Type domain.Ride is not enhanced.

[2025-05-01 17:15:17 #6 type] 
Type domain.Vehiculo is not enhanced.

[2025-05-01 17:15:17 #7 type] 
Type domain.Driver is not enhanced.

[2025-05-01 17:15:17 #8 type] 
Type domain.Business is not enhanced.

[2025-05-01 17:15:17 #9 type] 
Type domain.Oferta is not enhanced.

------------------------------------------------------------------------------------------------------------------------

[2025-05-01 17:17:29 #1 store] 
Database '/home/stach/git/Rides24/src/main/resources/rides.temp' has been recovered (tr. 19-20)

[2025-05-01 17:17:29 #2 store] 
Database '/home/stach/git/Rides24/src/main/resources/rides.temp' is opened by 239973@archlinux

[2025-05-01 17:17:29 #3 type] 
Type domain.UsuarioRegistrado is not enhanced.

[2025-05-01 17:17:29 #4 type] 
Type domain.Pasajero is not enhanced.

[2025-05-01 17:17:29 #5 type] 
Type domain.Solicitud is not enhanced.

[2025-05-01 17:17:29 #6 type] 
Type domain.Ride is not enhanced.

[2025-05-01 17:17:29 #7 type] 
Type domain.Vehiculo is not enhanced.

[2025-05-01 17:17:29 #8 type] 
Type domain.Driver is not enhanced.

[2025-05-01 17:17:29 #9 type] 
Type domain.Business is not enhanced.

[2025-05-01 17:17:29 #10 type] 
Type domain.Oferta is not enhanced.

------------------------------------------------------------------------------------------------------------------------

[2025-05-01 17:19:24 #1 store] 
Database '/home/stach/git/Rides24/src/main/resources/rides.temp' is opened by 243462@archlinux

[2025-05-01 17:19:24 #2 type] 
Type domain.UsuarioRegistrado is not enhanced.

[2025-05-01 17:19:24 #3 type] 
Type domain.Pasajero is not enhanced.

[2025-05-01 17:19:24 #4 type] 
Type domain.Solicitud is not enhanced.

[2025-05-01 17:19:24 #5 type] 
Type domain.Ride is not enhanced.

[2025-05-01 17:19:24 #6 type] 
Type domain.Vehiculo is not enhanced.

[2025-05-01 17:19:24 #7 type] 
Type domain.Driver is not enhanced.

[2025-05-01 17:19:24 #8 type] 
Type domain.Business is not enhanced.

[2025-05-01 17:19:24 #9 type] 
Type domain.Oferta is not enhanced.

------------------------------------------------------------------------------------------------------------------------

[2025-05-01 17:21:18 #1 store] 
Database '/home/stach/git/Rides24/src/main/resources/rides.temp' is opened by 244550@archlinux

[2025-05-01 17:21:18 #2 type] 
Type domain.UsuarioRegistrado is not enhanced.

[2025-05-01 17:21:18 #3 type] 
Type domain.Pasajero is not enhanced.

[2025-05-01 17:21:18 #4 type] 
Type domain.Solicitud is not enhanced.

[2025-05-01 17:21:18 #5 type] 
Type domain.Ride is not enhanced.

[2025-05-01 17:21:18 #6 type] 
Type domain.Vehiculo is not enhanced.

[2025-05-01 17:21:18 #7 type] 
Type domain.Driver is not enhanced.

[2025-05-01 17:21:18 #8 type] 
Type domain.Business is not enhanced.

[2025-05-01 17:21:18 #9 type] 
Type domain.Oferta is not enhanced.

------------------------------------------------------------------------------------------------------------------------

[2025-05-01 17:24:18 #1 store] 
Database '/home/stach/git/Rides24/src/main/resources/rides.temp' is opened by 246288@archlinux

[2025-05-01 17:24:18 #2 type] 
Type domain.UsuarioRegistrado is not enhanced.

[2025-05-01 17:24:18 #3 type] 
Type domain.Pasajero is not enhanced.

[2025-05-01 17:24:18 #4 type] 
Type domain.Solicitud is not enhanced.

[2025-05-01 17:24:18 #5 type] 
Type domain.Ride is not enhanced.

[2025-05-01 17:24:18 #6 type] 
Type domain.Vehiculo is not enhanced.

[2025-05-01 17:24:18 #7 type] 
Type domain.Driver is not enhanced.

[2025-05-01 17:24:18 #8 type] 
Type domain.Business is not enhanced.

[2025-05-01 17:24:18 #9 type] 
Type domain.Oferta is not enhanced.

------------------------------------------------------------------------------------------------------------------------

[2025-05-01 17:24:54 #1 store] 
Database '/home/stach/git/Rides24/src/main/resources/rides.temp' is opened by 246656@archlinux

[2025-05-01 17:31:52 #2 type.registry] 
New type domain.UsuarioRegistrado

[2025-05-01 17:31:52 #3 type.registry] 
New type domain.Pasajero

[2025-05-01 17:31:52 #4 type] 
Type domain.UsuarioRegistrado is not enhanced.

[2025-05-01 17:31:52 #5 type] 
Type domain.Pasajero is not enhanced.

[2025-05-01 17:31:52 #6 type.registry] 
New type domain.Solicitud

[2025-05-01 17:31:52 #7 type.registry] 
New type java.util.ArrayList<domain.Solicitud>

[2025-05-01 17:31:52 #8 type] 
Type domain.Solicitud is not enhanced.

[2025-05-01 17:31:52 #9 type.registry] 
New type domain.Ride

[2025-05-01 17:31:52 #10 type] 
Type domain.Ride is not enhanced.

[2025-05-01 17:31:52 #11 type.registry] 
New type domain.Vehiculo

[2025-05-01 17:31:52 #12 type.registry] 
New type domain.Driver

[2025-05-01 17:31:52 #13 type] 
Type domain.Vehiculo is not enhanced.

[2025-05-01 17:31:52 #14 type.registry] 
New type byte[]

[2025-05-01 17:31:52 #15 type] 
Type domain.Driver is not enhanced.

[2025-05-01 17:31:52 #16 type.registry] 
New type java.util.ArrayList<domain.Vehiculo>

[2025-05-01 17:31:52 #17 type.registry] 
New type domain.Oferta

[2025-05-01 17:31:52 #18 type.registry] 
New type java.util.ArrayList<domain.Oferta>

[2025-05-01 17:31:52 #19 type.registry] 
New type domain.Business

[2025-05-01 17:31:52 #20 type] 
Type domain.Oferta is not enhanced.

[2025-05-01 17:31:52 #21 type] 
Type domain.Business is not enhanced.

[2025-05-01 17:31:52 #22 type.registry] 
New type java.util.ArrayList<domain.Driver>

[2025-05-01 17:31:52 #23 type.registry] 
New type java.util.ArrayList<java.lang.Object>

[2025-05-01 17:31:57 #24 type.registry] 
New type java.util.Vector<java.lang.Object>

[2025-05-01 17:31:57 #25 type.registry] 
New type java.util.Vector<domain.Ride>

------------------------------------------------------------------------------------------------------------------------

[2025-05-01 17:33:13 #1 store] 
Database '/home/stach/git/Rides24/src/main/resources/rides.temp' has been recovered (tr. 1-9)

[2025-05-01 17:33:13 #2 store] 
Database '/home/stach/git/Rides24/src/main/resources/rides.temp' is opened by 250876@archlinux

[2025-05-01 17:33:13 #3 type] 
Type domain.UsuarioRegistrado is not enhanced.

[2025-05-01 17:33:13 #4 type] 
Type domain.Pasajero is not enhanced.

[2025-05-01 17:33:13 #5 type] 
Type domain.Solicitud is not enhanced.

[2025-05-01 17:33:13 #6 type] 
Type domain.Ride is not enhanced.

[2025-05-01 17:33:13 #7 type] 
Type domain.Vehiculo is not enhanced.

[2025-05-01 17:33:13 #8 type] 
Type domain.Driver is not enhanced.

[2025-05-01 17:33:13 #9 type] 
Type domain.Oferta is not enhanced.

[2025-05-01 17:33:13 #10 type] 
Type domain.Business is not enhanced.

------------------------------------------------------------------------------------------------------------------------

[2025-05-01 17:34:08 #1 store] 
Database '/home/stach/git/Rides24/src/main/resources/rides.temp' is opened by 251349@archlinux

[2025-05-01 17:34:08 #2 type] 
Type domain.UsuarioRegistrado is not enhanced.

[2025-05-01 17:34:08 #3 type] 
Type domain.Pasajero is not enhanced.

[2025-05-01 17:34:08 #4 type] 
Type domain.Solicitud is not enhanced.

[2025-05-01 17:34:08 #5 type] 
Type domain.Ride is not enhanced.

[2025-05-01 17:34:08 #6 type] 
Type domain.Vehiculo is not enhanced.

[2025-05-01 17:34:08 #7 type] 
Type domain.Driver is not enhanced.

[2025-05-01 17:34:08 #8 type] 
Type domain.Oferta is not enhanced.

[2025-05-01 17:34:08 #9 type] 
Type domain.Business is not enhanced.

------------------------------------------------------------------------------------------------------------------------

[2025-05-01 17:41:30 #1 store] 
Database '/home/stach/git/Rides24/src/main/resources/rides.temp' is opened by 255447@archlinux

[2025-05-01 17:42:17 #2 type.registry] 
New type domain.UsuarioRegistrado

[2025-05-01 17:42:17 #3 type.registry] 
New type domain.Pasajero

[2025-05-01 17:42:17 #4 type] 
Type domain.UsuarioRegistrado is not enhanced.

[2025-05-01 17:42:17 #5 type] 
Type domain.Pasajero is not enhanced.

[2025-05-01 17:42:17 #6 type.registry] 
New type domain.Solicitud

[2025-05-01 17:42:17 #7 type.registry] 
New type java.util.ArrayList<domain.Solicitud>

[2025-05-01 17:42:17 #8 type] 
Type domain.Solicitud is not enhanced.

[2025-05-01 17:42:17 #9 type.registry] 
New type domain.Ride

[2025-05-01 17:42:17 #10 type] 
Type domain.Ride is not enhanced.

[2025-05-01 17:42:17 #11 type.registry] 
New type domain.Vehiculo

[2025-05-01 17:42:17 #12 type.registry] 
New type domain.Driver

[2025-05-01 17:42:17 #13 type] 
Type domain.Vehiculo is not enhanced.

[2025-05-01 17:42:17 #14 type.registry] 
New type byte[]

[2025-05-01 17:42:17 #15 type] 
Type domain.Driver is not enhanced.

[2025-05-01 17:42:17 #16 type.registry] 
New type java.util.ArrayList<domain.Vehiculo>

[2025-05-01 17:42:17 #17 type.registry] 
New type domain.Oferta

[2025-05-01 17:42:17 #18 type.registry] 
New type java.util.ArrayList<domain.Oferta>

[2025-05-01 17:42:17 #19 type.registry] 
New type domain.Business

[2025-05-01 17:42:17 #20 type] 
Type domain.Oferta is not enhanced.

[2025-05-01 17:42:17 #21 type] 
Type domain.Business is not enhanced.

[2025-05-01 17:42:17 #22 type.registry] 
New type java.util.ArrayList<domain.Driver>

[2025-05-01 17:42:17 #23 type.registry] 
New type java.util.ArrayList<java.lang.Object>

[2025-05-01 17:42:17 #24 type.registry] 
New type java.util.Vector<java.lang.Object>

[2025-05-01 17:42:17 #25 type.registry] 
New type java.util.Vector<domain.Ride>

------------------------------------------------------------------------------------------------------------------------

[2025-05-01 17:49:58 #1 store] 
Database '/home/stach/git/Rides24/src/main/resources/rides.temp' is opened by 260192@archlinux

[2025-05-01 17:50:09 #2 type.registry] 
New type domain.UsuarioRegistrado

[2025-05-01 17:50:09 #3 type.registry] 
New type domain.Pasajero

[2025-05-01 17:50:09 #4 type] 
Type domain.UsuarioRegistrado is not enhanced.

[2025-05-01 17:50:09 #5 type] 
Type domain.Pasajero is not enhanced.

[2025-05-01 17:50:09 #6 type.registry] 
New type domain.Solicitud

[2025-05-01 17:50:09 #7 type.registry] 
New type java.util.ArrayList<domain.Solicitud>

[2025-05-01 17:50:09 #8 type] 
Type domain.Solicitud is not enhanced.

[2025-05-01 17:50:09 #9 type.registry] 
New type domain.Ride

[2025-05-01 17:50:09 #10 type] 
Type domain.Ride is not enhanced.

[2025-05-01 17:50:09 #11 type.registry] 
New type domain.Vehiculo

[2025-05-01 17:50:09 #12 type.registry] 
New type domain.Driver

[2025-05-01 17:50:09 #13 type] 
Type domain.Vehiculo is not enhanced.

[2025-05-01 17:50:09 #14 type.registry] 
New type byte[]

[2025-05-01 17:50:09 #15 type] 
Type domain.Driver is not enhanced.

[2025-05-01 17:50:09 #16 type.registry] 
New type java.util.ArrayList<domain.Vehiculo>

[2025-05-01 17:50:09 #17 type.registry] 
New type domain.Oferta

[2025-05-01 17:50:09 #18 type.registry] 
New type java.util.ArrayList<domain.Oferta>

[2025-05-01 17:50:09 #19 type.registry] 
New type domain.Business

[2025-05-01 17:50:09 #20 type] 
Type domain.Oferta is not enhanced.

[2025-05-01 17:50:09 #21 type] 
Type domain.Business is not enhanced.

[2025-05-01 17:50:09 #22 type.registry] 
New type java.util.ArrayList<domain.Driver>

------------------------------------------------------------------------------------------------------------------------

[2025-05-01 17:52:01 #1 store] 
Database '/home/stach/git/Rides24/src/main/resources/rides.temp' has been recovered (tr. 1-3)

[2025-05-01 17:52:01 #2 store] 
Database '/home/stach/git/Rides24/src/main/resources/rides.temp' is opened by 261390@archlinux

[2025-05-01 17:52:01 #3 type] 
Type domain.UsuarioRegistrado is not enhanced.

[2025-05-01 17:52:01 #4 type] 
Type domain.Pasajero is not enhanced.

[2025-05-01 17:52:01 #5 type] 
Type domain.Solicitud is not enhanced.

[2025-05-01 17:52:01 #6 type] 
Type domain.Ride is not enhanced.

[2025-05-01 17:52:01 #7 type] 
Type domain.Vehiculo is not enhanced.

[2025-05-01 17:52:01 #8 type] 
Type domain.Driver is not enhanced.

[2025-05-01 17:52:01 #9 type] 
Type domain.Oferta is not enhanced.

[2025-05-01 17:52:01 #10 type] 
Type domain.Business is not enhanced.

[2025-05-01 17:52:08 #11 type.registry] 
New type java.util.ArrayList<java.lang.Object>

[2025-05-01 17:52:08 #12 type.registry] 
New type java.util.Vector<java.lang.Object>

[2025-05-01 17:52:08 #13 type.registry] 
New type java.util.Vector<domain.Ride>

------------------------------------------------------------------------------------------------------------------------

[2025-05-01 17:53:09 #1 store] 
Database '/home/stach/git/Rides24/src/main/resources/rides.temp' has been recovered (tr. 4-11)

[2025-05-01 17:53:09 #2 store] 
Database '/home/stach/git/Rides24/src/main/resources/rides.temp' is opened by 262093@archlinux

[2025-05-01 17:53:09 #3 type] 
Type domain.UsuarioRegistrado is not enhanced.

[2025-05-01 17:53:09 #4 type] 
Type domain.Pasajero is not enhanced.

[2025-05-01 17:53:09 #5 type] 
Type domain.Solicitud is not enhanced.

[2025-05-01 17:53:09 #6 type] 
Type domain.Ride is not enhanced.

[2025-05-01 17:53:09 #7 type] 
Type domain.Vehiculo is not enhanced.

[2025-05-01 17:53:09 #8 type] 
Type domain.Driver is not enhanced.

[2025-05-01 17:53:09 #9 type] 
Type domain.Oferta is not enhanced.

[2025-05-01 17:53:09 #10 type] 
Type domain.Business is not enhanced.

------------------------------------------------------------------------------------------------------------------------

[2025-05-01 17:53:26 #1 store] 
Database '/home/stach/git/Rides24/src/main/resources/rides.temp' has been recovered (tr. 12-12)

[2025-05-01 17:53:26 #2 store] 
Database '/home/stach/git/Rides24/src/main/resources/rides.temp' is opened by 262248@archlinux

[2025-05-01 17:53:26 #3 type] 
Type domain.UsuarioRegistrado is not enhanced.

[2025-05-01 17:53:26 #4 type] 
Type domain.Pasajero is not enhanced.

[2025-05-01 17:53:26 #5 type] 
Type domain.Solicitud is not enhanced.

[2025-05-01 17:53:26 #6 type] 
Type domain.Ride is not enhanced.

[2025-05-01 17:53:26 #7 type] 
Type domain.Vehiculo is not enhanced.

[2025-05-01 17:53:26 #8 type] 
Type domain.Driver is not enhanced.

[2025-05-01 17:53:26 #9 type] 
Type domain.Oferta is not enhanced.

[2025-05-01 17:53:26 #10 type] 
Type domain.Business is not enhanced.

------------------------------------------------------------------------------------------------------------------------

[2025-05-01 17:53:56 #1 store] 
Database '/home/stach/git/Rides24/src/main/resources/rides.temp' has been recovered (tr. 13-13)

[2025-05-01 17:53:56 #2 store] 
Database '/home/stach/git/Rides24/src/main/resources/rides.temp' is opened by 262733@archlinux

[2025-05-01 17:53:56 #3 type] 
Type domain.UsuarioRegistrado is not enhanced.

[2025-05-01 17:53:56 #4 type] 
Type domain.Pasajero is not enhanced.

[2025-05-01 17:53:56 #5 type] 
Type domain.Solicitud is not enhanced.

[2025-05-01 17:53:56 #6 type] 
Type domain.Ride is not enhanced.

[2025-05-01 17:53:56 #7 type] 
Type domain.Vehiculo is not enhanced.

[2025-05-01 17:53:56 #8 type] 
Type domain.Driver is not enhanced.

[2025-05-01 17:53:56 #9 type] 
Type domain.Oferta is not enhanced.

[2025-05-01 17:53:56 #10 type] 
Type domain.Business is not enhanced.

