------------------------------------------------------------------------------------------------------------------------

[2025-05-06 11:21:31 #1 store] 
Database 'C:\Users\hills\git\Rides24\src\main\resources\rides.temp' has been recovered (tr. 25-25)

[2025-05-06 11:21:31 #2 store] 
Database 'C:\Users\hills\git\Rides24\src\main\resources\rides.temp' is opened by 9892@PCJAN

[2025-05-06 11:21:31 #3 type] 
Type domain.UsuarioRegistrado is not enhanced.

[2025-05-06 11:21:31 #4 type] 
Type domain.Pasajero is not enhanced.

[2025-05-06 11:21:31 #5 type] 
Type domain.Solicitud is not enhanced.

[2025-05-06 11:21:31 #6 type] 
Type domain.Ride is not enhanced.

[2025-05-06 11:21:31 #7 type] 
Type domain.Driver is not enhanced.

[2025-05-06 11:21:31 #8 type] 
Type domain.Business is not enhanced.

[2025-05-06 11:21:31 #9 type] 
Type domain.Vehiculo is not enhanced.

[2025-05-06 11:21:31 #10 type] 
Type domain.Oferta is not enhanced.

------------------------------------------------------------------------------------------------------------------------

[2025-05-06 11:22:35 #1 store] 
Database 'C:\Users\hills\git\Rides24\src\main\resources\rides.temp' is opened by 14256@PCJAN

[2025-05-06 11:22:35 #2 type] 
Type domain.UsuarioRegistrado is not enhanced.

[2025-05-06 11:22:35 #3 type] 
Type domain.Pasajero is not enhanced.

[2025-05-06 11:22:35 #4 type] 
Type domain.Solicitud is not enhanced.

[2025-05-06 11:22:35 #5 type] 
Type domain.Ride is not enhanced.

[2025-05-06 11:22:35 #6 type] 
Type domain.Driver is not enhanced.

[2025-05-06 11:22:35 #7 type] 
Type domain.Business is not enhanced.

[2025-05-06 11:22:35 #8 type] 
Type domain.Vehiculo is not enhanced.

[2025-05-06 11:22:35 #9 type] 
Type domain.Oferta is not enhanced.

------------------------------------------------------------------------------------------------------------------------

[2025-05-06 11:36:45 #1 store] 
Database 'C:\Users\hills\git\Rides24\src\main\resources\rides.temp' is opened by 16480@PCJAN

[2025-05-06 11:36:46 #2 type] 
Type domain.UsuarioRegistrado is not enhanced.

[2025-05-06 11:36:46 #3 type] 
Type domain.Pasajero is not enhanced.

[2025-05-06 11:36:46 #4 type] 
Type domain.Solicitud is not enhanced.

[2025-05-06 11:36:46 #5 type] 
Type domain.Ride is not enhanced.

[2025-05-06 11:36:46 #6 type] 
Type domain.Driver is not enhanced.

[2025-05-06 11:36:46 #7 type] 
Type domain.Business is not enhanced.

[2025-05-06 11:36:46 #8 type] 
Type domain.Vehiculo is not enhanced.

[2025-05-06 11:36:46 #9 type] 
Type domain.Oferta is not enhanced.

------------------------------------------------------------------------------------------------------------------------

[2025-05-06 11:37:57 #1 store] 
Database 'C:\Users\hills\git\Rides24\src\main\resources\rides.temp' has been recovered (tr. 26-28)

[2025-05-06 11:37:57 #2 store] 
Database 'C:\Users\hills\git\Rides24\src\main\resources\rides.temp' is opened by 5868@PCJAN

[2025-05-06 11:37:57 #3 type] 
Type domain.UsuarioRegistrado is not enhanced.

[2025-05-06 11:37:57 #4 type] 
Type domain.Pasajero is not enhanced.

[2025-05-06 11:37:57 #5 type] 
Type domain.Solicitud is not enhanced.

[2025-05-06 11:37:57 #6 type] 
Type domain.Ride is not enhanced.

[2025-05-06 11:37:57 #7 type] 
Type domain.Driver is not enhanced.

[2025-05-06 11:37:57 #8 type] 
Type domain.Business is not enhanced.

[2025-05-06 11:37:57 #9 type] 
Type domain.Vehiculo is not enhanced.

[2025-05-06 11:37:57 #10 type] 
Type domain.Oferta is not enhanced.

------------------------------------------------------------------------------------------------------------------------

[2025-05-06 11:41:22 #1 store] 
Database 'C:\Users\hills\git\Rides24\src\main\resources\rides.temp' has been recovered (tr. 29-33)

[2025-05-06 11:41:22 #2 store] 
Database 'C:\Users\hills\git\Rides24\src\main\resources\rides.temp' is opened by 19812@PCJAN

[2025-05-06 11:41:22 #3 type] 
Type domain.UsuarioRegistrado is not enhanced.

[2025-05-06 11:41:22 #4 type] 
Type domain.Pasajero is not enhanced.

[2025-05-06 11:41:22 #5 type] 
Type domain.Solicitud is not enhanced.

[2025-05-06 11:41:22 #6 type] 
Type domain.Ride is not enhanced.

[2025-05-06 11:41:22 #7 type] 
Type domain.Driver is not enhanced.

[2025-05-06 11:41:22 #8 type] 
Type domain.Business is not enhanced.

[2025-05-06 11:41:22 #9 type] 
Type domain.Vehiculo is not enhanced.

[2025-05-06 11:41:22 #10 type] 
Type domain.Oferta is not enhanced.

------------------------------------------------------------------------------------------------------------------------

[2025-05-06 11:48:34 #1 store] 
Database 'C:\Users\hills\git\Rides24\src\main\resources\rides.temp' has been recovered (tr. 34-35)

[2025-05-06 11:48:34 #2 store] 
Database 'C:\Users\hills\git\Rides24\src\main\resources\rides.temp' is opened by 10880@PCJAN

[2025-05-06 11:48:34 #3 type] 
Type domain.UsuarioRegistrado is not enhanced.

[2025-05-06 11:48:34 #4 type] 
Type domain.Pasajero is not enhanced.

[2025-05-06 11:48:34 #5 type] 
Type domain.Solicitud is not enhanced.

[2025-05-06 11:48:34 #6 type] 
Type domain.Ride is not enhanced.

[2025-05-06 11:48:34 #7 type] 
Type domain.Driver is not enhanced.

[2025-05-06 11:48:34 #8 type] 
Type domain.Business is not enhanced.

[2025-05-06 11:48:34 #9 type] 
Type domain.Vehiculo is not enhanced.

[2025-05-06 11:48:34 #10 type] 
Type domain.Oferta is not enhanced.

------------------------------------------------------------------------------------------------------------------------

[2025-05-06 11:52:31 #1 store] 
Database 'C:\Users\hills\git\Rides24\src\main\resources\rides.temp' has been recovered (tr. 36-36)

[2025-05-06 11:52:31 #2 store] 
Database 'C:\Users\hills\git\Rides24\src\main\resources\rides.temp' is opened by 15220@PCJAN

[2025-05-06 11:52:31 #3 type] 
Type domain.UsuarioRegistrado is not enhanced.

[2025-05-06 11:52:31 #4 type] 
Type domain.Pasajero is not enhanced.

[2025-05-06 11:52:31 #5 type] 
Type domain.Solicitud is not enhanced.

[2025-05-06 11:52:31 #6 type] 
Type domain.Ride is not enhanced.

[2025-05-06 11:52:31 #7 type] 
Type domain.Driver is not enhanced.

[2025-05-06 11:52:31 #8 type] 
Type domain.Business is not enhanced.

[2025-05-06 11:52:31 #9 type] 
Type domain.Vehiculo is not enhanced.

[2025-05-06 11:52:31 #10 type] 
Type domain.Oferta is not enhanced.

------------------------------------------------------------------------------------------------------------------------

[2025-05-06 11:56:24 #1 store] 
Database 'C:\Users\hills\git\Rides24\src\main\resources\rides.temp' has been recovered (tr. 37-37)

[2025-05-06 11:56:24 #2 store] 
Database 'C:\Users\hills\git\Rides24\src\main\resources\rides.temp' is opened by 7504@PCJAN

[2025-05-06 11:56:24 #3 type] 
Type domain.UsuarioRegistrado is not enhanced.

[2025-05-06 11:56:24 #4 type] 
Type domain.Pasajero is not enhanced.

[2025-05-06 11:56:24 #5 type] 
Type domain.Solicitud is not enhanced.

[2025-05-06 11:56:24 #6 type] 
Type domain.Ride is not enhanced.

[2025-05-06 11:56:24 #7 type] 
Type domain.Driver is not enhanced.

[2025-05-06 11:56:24 #8 type] 
Type domain.Business is not enhanced.

[2025-05-06 11:56:24 #9 type] 
Type domain.Vehiculo is not enhanced.

[2025-05-06 11:56:24 #10 type] 
Type domain.Oferta is not enhanced.

------------------------------------------------------------------------------------------------------------------------

[2025-05-06 11:57:28 #1 store] 
Database 'C:\Users\hills\git\Rides24\src\main\resources\rides.temp' has been recovered (tr. 38-39)

[2025-05-06 11:57:28 #2 store] 
Database 'C:\Users\hills\git\Rides24\src\main\resources\rides.temp' is opened by 2784@PCJAN

[2025-05-06 11:57:28 #3 type] 
Type domain.UsuarioRegistrado is not enhanced.

[2025-05-06 11:57:28 #4 type] 
Type domain.Pasajero is not enhanced.

[2025-05-06 11:57:28 #5 type] 
Type domain.Solicitud is not enhanced.

[2025-05-06 11:57:28 #6 type] 
Type domain.Ride is not enhanced.

[2025-05-06 11:57:28 #7 type] 
Type domain.Driver is not enhanced.

[2025-05-06 11:57:28 #8 type] 
Type domain.Business is not enhanced.

[2025-05-06 11:57:28 #9 type] 
Type domain.Vehiculo is not enhanced.

[2025-05-06 11:57:28 #10 type] 
Type domain.Oferta is not enhanced.

------------------------------------------------------------------------------------------------------------------------

[2025-05-06 11:59:41 #1 store] 
Database 'C:\Users\hills\git\Rides24\src\main\resources\rides.temp' has been recovered (tr. 40-41)

[2025-05-06 11:59:41 #2 store] 
Database 'C:\Users\hills\git\Rides24\src\main\resources\rides.temp' is opened by 3160@PCJAN

[2025-05-06 11:59:41 #3 type] 
Type domain.UsuarioRegistrado is not enhanced.

[2025-05-06 11:59:41 #4 type] 
Type domain.Pasajero is not enhanced.

[2025-05-06 11:59:41 #5 type] 
Type domain.Solicitud is not enhanced.

[2025-05-06 11:59:41 #6 type] 
Type domain.Ride is not enhanced.

[2025-05-06 11:59:41 #7 type] 
Type domain.Driver is not enhanced.

[2025-05-06 11:59:41 #8 type] 
Type domain.Business is not enhanced.

[2025-05-06 11:59:41 #9 type] 
Type domain.Vehiculo is not enhanced.

[2025-05-06 11:59:41 #10 type] 
Type domain.Oferta is not enhanced.

------------------------------------------------------------------------------------------------------------------------

[2025-05-06 12:02:33 #1 store] 
Database 'C:\Users\hills\git\Rides24\src\main\resources\rides.temp' has been recovered (tr. 42-42)

[2025-05-06 12:02:33 #2 store] 
Database 'C:\Users\hills\git\Rides24\src\main\resources\rides.temp' is opened by 2692@PCJAN

[2025-05-06 12:02:34 #3 type] 
Type domain.UsuarioRegistrado is not enhanced.

[2025-05-06 12:02:34 #4 type] 
Type domain.Pasajero is not enhanced.

[2025-05-06 12:02:34 #5 type] 
Type domain.Solicitud is not enhanced.

[2025-05-06 12:02:34 #6 type] 
Type domain.Ride is not enhanced.

[2025-05-06 12:02:34 #7 type] 
Type domain.Driver is not enhanced.

[2025-05-06 12:02:34 #8 type] 
Type domain.Business is not enhanced.

[2025-05-06 12:02:34 #9 type] 
Type domain.Vehiculo is not enhanced.

[2025-05-06 12:02:34 #10 type] 
Type domain.Oferta is not enhanced.

------------------------------------------------------------------------------------------------------------------------

[2025-05-06 12:03:23 #1 store] 
Database 'C:\Users\hills\git\Rides24\src\main\resources\rides.temp' has been recovered (tr. 43-43)

[2025-05-06 12:03:23 #2 store] 
Database 'C:\Users\hills\git\Rides24\src\main\resources\rides.temp' is opened by 3308@PCJAN

[2025-05-06 12:03:24 #3 type] 
Type domain.UsuarioRegistrado is not enhanced.

[2025-05-06 12:03:24 #4 type] 
Type domain.Pasajero is not enhanced.

[2025-05-06 12:03:24 #5 type] 
Type domain.Solicitud is not enhanced.

[2025-05-06 12:03:24 #6 type] 
Type domain.Ride is not enhanced.

[2025-05-06 12:03:24 #7 type] 
Type domain.Driver is not enhanced.

[2025-05-06 12:03:24 #8 type] 
Type domain.Business is not enhanced.

[2025-05-06 12:03:24 #9 type] 
Type domain.Vehiculo is not enhanced.

[2025-05-06 12:03:24 #10 type] 
Type domain.Oferta is not enhanced.

------------------------------------------------------------------------------------------------------------------------

[2025-05-06 12:04:09 #1 store] 
Database 'C:\Users\hills\git\Rides24\src\main\resources\rides.temp' has been recovered (tr. 44-47)

[2025-05-06 12:04:09 #2 store] 
Database 'C:\Users\hills\git\Rides24\src\main\resources\rides.temp' is opened by 8604@PCJAN

[2025-05-06 12:04:09 #3 type] 
Type domain.UsuarioRegistrado is not enhanced.

[2025-05-06 12:04:09 #4 type] 
Type domain.Pasajero is not enhanced.

[2025-05-06 12:04:09 #5 type] 
Type domain.Solicitud is not enhanced.

[2025-05-06 12:04:09 #6 type] 
Type domain.Ride is not enhanced.

[2025-05-06 12:04:09 #7 type] 
Type domain.Driver is not enhanced.

[2025-05-06 12:04:09 #8 type] 
Type domain.Business is not enhanced.

[2025-05-06 12:04:09 #9 type] 
Type domain.Vehiculo is not enhanced.

[2025-05-06 12:04:09 #10 type] 
Type domain.Oferta is not enhanced.

------------------------------------------------------------------------------------------------------------------------

[2025-05-06 12:06:11 #1 store] 
Database 'C:\Users\hills\git\Rides24\src\main\resources\rides.temp' has been recovered (tr. 48-49)

[2025-05-06 12:06:11 #2 store] 
Database 'C:\Users\hills\git\Rides24\src\main\resources\rides.temp' is opened by 7672@PCJAN

[2025-05-06 12:06:11 #3 type] 
Type domain.UsuarioRegistrado is not enhanced.

[2025-05-06 12:06:11 #4 type] 
Type domain.Pasajero is not enhanced.

[2025-05-06 12:06:11 #5 type] 
Type domain.Solicitud is not enhanced.

[2025-05-06 12:06:11 #6 type] 
Type domain.Ride is not enhanced.

[2025-05-06 12:06:11 #7 type] 
Type domain.Driver is not enhanced.

[2025-05-06 12:06:11 #8 type] 
Type domain.Business is not enhanced.

[2025-05-06 12:06:11 #9 type] 
Type domain.Vehiculo is not enhanced.

[2025-05-06 12:06:11 #10 type] 
Type domain.Oferta is not enhanced.

------------------------------------------------------------------------------------------------------------------------

[2025-05-06 12:10:41 #1 store] 
Database 'C:\Users\hills\git\Rides24\src\main\resources\rides.temp' has been recovered (tr. 50-51)

[2025-05-06 12:10:41 #2 store] 
Database 'C:\Users\hills\git\Rides24\src\main\resources\rides.temp' is opened by 15928@PCJAN

[2025-05-06 12:10:41 #3 type] 
Type domain.UsuarioRegistrado is not enhanced.

[2025-05-06 12:10:41 #4 type] 
Type domain.Pasajero is not enhanced.

[2025-05-06 12:10:41 #5 type] 
Type domain.Solicitud is not enhanced.

[2025-05-06 12:10:41 #6 type] 
Type domain.Ride is not enhanced.

[2025-05-06 12:10:41 #7 type] 
Type domain.Driver is not enhanced.

[2025-05-06 12:10:41 #8 type] 
Type domain.Business is not enhanced.

[2025-05-06 12:10:41 #9 type] 
Type domain.Vehiculo is not enhanced.

[2025-05-06 12:10:41 #10 type] 
Type domain.Oferta is not enhanced.

------------------------------------------------------------------------------------------------------------------------

[2025-05-06 12:13:15 #1 store] 
Database 'C:\Users\hills\git\Rides24\src\main\resources\rides.temp' has been recovered (tr. 52-52)

[2025-05-06 12:13:15 #2 store] 
Database 'C:\Users\hills\git\Rides24\src\main\resources\rides.temp' is opened by 24008@PCJAN

[2025-05-06 12:13:15 #3 type] 
Type domain.UsuarioRegistrado is not enhanced.

[2025-05-06 12:13:15 #4 type] 
Type domain.Pasajero is not enhanced.

[2025-05-06 12:13:15 #5 type] 
Type domain.Solicitud is not enhanced.

[2025-05-06 12:13:15 #6 type] 
Type domain.Ride is not enhanced.

[2025-05-06 12:13:15 #7 type] 
Type domain.Driver is not enhanced.

[2025-05-06 12:13:15 #8 type] 
Type domain.Business is not enhanced.

[2025-05-06 12:13:15 #9 type] 
Type domain.Vehiculo is not enhanced.

[2025-05-06 12:13:15 #10 type] 
Type domain.Oferta is not enhanced.

------------------------------------------------------------------------------------------------------------------------

[2025-05-06 12:14:48 #1 store] 
Database 'C:\Users\hills\git\Rides24\src\main\resources\rides.temp' has been recovered (tr. 53-53)

[2025-05-06 12:14:48 #2 store] 
Database 'C:\Users\hills\git\Rides24\src\main\resources\rides.temp' is opened by 16892@PCJAN

[2025-05-06 12:14:48 #3 type] 
Type domain.UsuarioRegistrado is not enhanced.

[2025-05-06 12:14:48 #4 type] 
Type domain.Pasajero is not enhanced.

[2025-05-06 12:14:48 #5 type] 
Type domain.Solicitud is not enhanced.

[2025-05-06 12:14:48 #6 type] 
Type domain.Ride is not enhanced.

[2025-05-06 12:14:48 #7 type] 
Type domain.Driver is not enhanced.

[2025-05-06 12:14:48 #8 type] 
Type domain.Business is not enhanced.

[2025-05-06 12:14:48 #9 type] 
Type domain.Vehiculo is not enhanced.

[2025-05-06 12:14:48 #10 type] 
Type domain.Oferta is not enhanced.

------------------------------------------------------------------------------------------------------------------------

[2025-05-06 12:27:29 #1 store] 
Database 'C:\Users\hills\git\Rides24\src\main\resources\rides.temp' has been recovered (tr. 54-54)

[2025-05-06 12:27:29 #2 store] 
Database 'C:\Users\hills\git\Rides24\src\main\resources\rides.temp' is opened by 25556@PCJAN

[2025-05-06 12:27:29 #3 type] 
Type domain.UsuarioRegistrado is not enhanced.

[2025-05-06 12:27:29 #4 type] 
Type domain.Pasajero is not enhanced.

[2025-05-06 12:27:29 #5 type] 
Type domain.Solicitud is not enhanced.

[2025-05-06 12:27:29 #6 type] 
Type domain.Ride is not enhanced.

[2025-05-06 12:27:29 #7 type] 
Type domain.Driver is not enhanced.

[2025-05-06 12:27:29 #8 type] 
Type domain.Business is not enhanced.

[2025-05-06 12:27:29 #9 type] 
Type domain.Vehiculo is not enhanced.

[2025-05-06 12:27:29 #10 type] 
Type domain.Oferta is not enhanced.

------------------------------------------------------------------------------------------------------------------------

[2025-05-06 12:30:37 #1 store] 
Database 'C:\Users\hills\git\Rides24\src\main\resources\rides.temp' has been recovered (tr. 55-56)

[2025-05-06 12:30:37 #2 store] 
Database 'C:\Users\hills\git\Rides24\src\main\resources\rides.temp' is opened by 12552@PCJAN

[2025-05-06 12:30:37 #3 type] 
Type domain.UsuarioRegistrado is not enhanced.

[2025-05-06 12:30:37 #4 type] 
Type domain.Pasajero is not enhanced.

[2025-05-06 12:30:37 #5 type] 
Type domain.Solicitud is not enhanced.

[2025-05-06 12:30:37 #6 type] 
Type domain.Ride is not enhanced.

[2025-05-06 12:30:37 #7 type] 
Type domain.Driver is not enhanced.

[2025-05-06 12:30:37 #8 type] 
Type domain.Business is not enhanced.

[2025-05-06 12:30:37 #9 type] 
Type domain.Vehiculo is not enhanced.

[2025-05-06 12:30:37 #10 type] 
Type domain.Oferta is not enhanced.

------------------------------------------------------------------------------------------------------------------------

[2025-05-06 12:34:28 #1 store] 
Database 'C:\Users\hills\git\Rides24\src\main\resources\rides.temp' has been recovered (tr. 57-59)

[2025-05-06 12:34:28 #2 store] 
Database 'C:\Users\hills\git\Rides24\src\main\resources\rides.temp' is opened by 4704@PCJAN

[2025-05-06 12:34:28 #3 type] 
Type domain.UsuarioRegistrado is not enhanced.

[2025-05-06 12:34:28 #4 type] 
Type domain.Pasajero is not enhanced.

[2025-05-06 12:34:28 #5 type] 
Type domain.Solicitud is not enhanced.

[2025-05-06 12:34:28 #6 type] 
Type domain.Ride is not enhanced.

[2025-05-06 12:34:28 #7 type] 
Type domain.Driver is not enhanced.

[2025-05-06 12:34:28 #8 type] 
Type domain.Business is not enhanced.

[2025-05-06 12:34:28 #9 type] 
Type domain.Vehiculo is not enhanced.

[2025-05-06 12:34:28 #10 type] 
Type domain.Oferta is not enhanced.

------------------------------------------------------------------------------------------------------------------------

[2025-05-06 12:43:16 #1 store] 
Database 'C:\Users\hills\git\Rides24\src\main\resources\rides.temp' has been recovered (tr. 60-61)

[2025-05-06 12:43:16 #2 store] 
Database 'C:\Users\hills\git\Rides24\src\main\resources\rides.temp' is opened by 17304@PCJAN

[2025-05-06 12:43:16 #3 type] 
Type domain.UsuarioRegistrado is not enhanced.

[2025-05-06 12:43:16 #4 type] 
Type domain.Pasajero is not enhanced.

[2025-05-06 12:43:16 #5 type] 
Type domain.Solicitud is not enhanced.

[2025-05-06 12:43:16 #6 type] 
Type domain.Ride is not enhanced.

[2025-05-06 12:43:16 #7 type] 
Type domain.Driver is not enhanced.

[2025-05-06 12:43:16 #8 type] 
Type domain.Business is not enhanced.

[2025-05-06 12:43:16 #9 type] 
Type domain.Vehiculo is not enhanced.

[2025-05-06 12:43:16 #10 type] 
Type domain.Oferta is not enhanced.

------------------------------------------------------------------------------------------------------------------------

[2025-05-06 12:44:37 #1 store] 
Database 'C:\Users\hills\git\Rides24\src\main\resources\rides.temp' has been recovered (tr. 62-62)

[2025-05-06 12:44:37 #2 store] 
Database 'C:\Users\hills\git\Rides24\src\main\resources\rides.temp' is opened by 15996@PCJAN

[2025-05-06 12:44:37 #3 type] 
Type domain.UsuarioRegistrado is not enhanced.

[2025-05-06 12:44:37 #4 type] 
Type domain.Pasajero is not enhanced.

[2025-05-06 12:44:37 #5 type] 
Type domain.Solicitud is not enhanced.

[2025-05-06 12:44:37 #6 type] 
Type domain.Ride is not enhanced.

[2025-05-06 12:44:37 #7 type] 
Type domain.Driver is not enhanced.

[2025-05-06 12:44:37 #8 type] 
Type domain.Business is not enhanced.

[2025-05-06 12:44:37 #9 type] 
Type domain.Vehiculo is not enhanced.

[2025-05-06 12:44:37 #10 type] 
Type domain.Oferta is not enhanced.

------------------------------------------------------------------------------------------------------------------------

[2025-05-06 12:48:12 #1 store] 
Database 'C:\Users\hills\git\Rides24\src\main\resources\rides.temp' has been recovered (tr. 63-67)

[2025-05-06 12:48:12 #2 store] 
Database 'C:\Users\hills\git\Rides24\src\main\resources\rides.temp' is opened by 15168@PCJAN

[2025-05-06 12:48:12 #3 type] 
Type domain.UsuarioRegistrado is not enhanced.

[2025-05-06 12:48:12 #4 type] 
Type domain.Pasajero is not enhanced.

[2025-05-06 12:48:12 #5 type] 
Type domain.Solicitud is not enhanced.

[2025-05-06 12:48:12 #6 type] 
Type domain.Ride is not enhanced.

[2025-05-06 12:48:12 #7 type] 
Type domain.Driver is not enhanced.

[2025-05-06 12:48:12 #8 type] 
Type domain.Business is not enhanced.

[2025-05-06 12:48:12 #9 type] 
Type domain.Vehiculo is not enhanced.

[2025-05-06 12:48:12 #10 type] 
Type domain.Oferta is not enhanced.

------------------------------------------------------------------------------------------------------------------------

[2025-05-06 12:50:38 #1 store] 
Database 'C:\Users\hills\git\Rides24\src\main\resources\rides.temp' has been recovered (tr. 68-68)

[2025-05-06 12:50:38 #2 store] 
Database 'C:\Users\hills\git\Rides24\src\main\resources\rides.temp' is opened by 10492@PCJAN

[2025-05-06 12:50:39 #3 type] 
Type domain.UsuarioRegistrado is not enhanced.

[2025-05-06 12:50:39 #4 type] 
Type domain.Pasajero is not enhanced.

[2025-05-06 12:50:39 #5 type] 
Type domain.Solicitud is not enhanced.

[2025-05-06 12:50:39 #6 type] 
Type domain.Ride is not enhanced.

[2025-05-06 12:50:39 #7 type] 
Type domain.Driver is not enhanced.

[2025-05-06 12:50:39 #8 type] 
Type domain.Business is not enhanced.

[2025-05-06 12:50:39 #9 type] 
Type domain.Vehiculo is not enhanced.

[2025-05-06 12:50:39 #10 type] 
Type domain.Oferta is not enhanced.

------------------------------------------------------------------------------------------------------------------------

[2025-05-06 12:52:43 #1 store] 
Database 'C:\Users\hills\git\Rides24\src\main\resources\rides.temp' has been recovered (tr. 69-73)

[2025-05-06 12:52:43 #2 store] 
Database 'C:\Users\hills\git\Rides24\src\main\resources\rides.temp' is opened by 12720@PCJAN

[2025-05-06 12:52:43 #3 type] 
Type domain.UsuarioRegistrado is not enhanced.

[2025-05-06 12:52:43 #4 type] 
Type domain.Pasajero is not enhanced.

[2025-05-06 12:52:43 #5 type] 
Type domain.Solicitud is not enhanced.

[2025-05-06 12:52:43 #6 type] 
Type domain.Ride is not enhanced.

[2025-05-06 12:52:43 #7 type] 
Type domain.Driver is not enhanced.

[2025-05-06 12:52:43 #8 type] 
Type domain.Business is not enhanced.

[2025-05-06 12:52:43 #9 type] 
Type domain.Vehiculo is not enhanced.

[2025-05-06 12:52:43 #10 type] 
Type domain.Oferta is not enhanced.

------------------------------------------------------------------------------------------------------------------------

[2025-05-06 12:58:29 #1 store] 
Database 'C:\Users\hills\git\Rides24\src\main\resources\rides.temp' has been recovered (tr. 74-83)

[2025-05-06 12:58:29 #2 store] 
Database 'C:\Users\hills\git\Rides24\src\main\resources\rides.temp' is opened by 4916@PCJAN

[2025-05-06 12:58:29 #3 type] 
Type domain.UsuarioRegistrado is not enhanced.

[2025-05-06 12:58:29 #4 type] 
Type domain.Pasajero is not enhanced.

[2025-05-06 12:58:29 #5 type] 
Type domain.Solicitud is not enhanced.

[2025-05-06 12:58:29 #6 type] 
Type domain.Ride is not enhanced.

[2025-05-06 12:58:29 #7 type] 
Type domain.Driver is not enhanced.

[2025-05-06 12:58:29 #8 type] 
Type domain.Business is not enhanced.

[2025-05-06 12:58:29 #9 type] 
Type domain.Vehiculo is not enhanced.

[2025-05-06 12:58:29 #10 type] 
Type domain.Oferta is not enhanced.

------------------------------------------------------------------------------------------------------------------------

[2025-05-06 12:59:23 #1 store] 
Database 'C:\Users\hills\git\Rides24\src\main\resources\rides.temp' has been recovered (tr. 84-88)

[2025-05-06 12:59:23 #2 store] 
Database 'C:\Users\hills\git\Rides24\src\main\resources\rides.temp' is opened by 4192@PCJAN

[2025-05-06 12:59:23 #3 type] 
Type domain.UsuarioRegistrado is not enhanced.

[2025-05-06 12:59:23 #4 type] 
Type domain.Pasajero is not enhanced.

[2025-05-06 12:59:23 #5 type] 
Type domain.Solicitud is not enhanced.

[2025-05-06 12:59:23 #6 type] 
Type domain.Ride is not enhanced.

[2025-05-06 12:59:23 #7 type] 
Type domain.Driver is not enhanced.

[2025-05-06 12:59:23 #8 type] 
Type domain.Business is not enhanced.

[2025-05-06 12:59:23 #9 type] 
Type domain.Vehiculo is not enhanced.

[2025-05-06 12:59:23 #10 type] 
Type domain.Oferta is not enhanced.

------------------------------------------------------------------------------------------------------------------------

[2025-05-06 12:59:54 #1 store] 
Database 'C:\Users\hills\git\Rides24\src\main\resources\rides.temp' has been recovered (tr. 89-89)

[2025-05-06 12:59:54 #2 store] 
Database 'C:\Users\hills\git\Rides24\src\main\resources\rides.temp' is opened by 5304@PCJAN

[2025-05-06 12:59:54 #3 type] 
Type domain.UsuarioRegistrado is not enhanced.

[2025-05-06 12:59:54 #4 type] 
Type domain.Pasajero is not enhanced.

[2025-05-06 12:59:54 #5 type] 
Type domain.Solicitud is not enhanced.

[2025-05-06 12:59:54 #6 type] 
Type domain.Ride is not enhanced.

[2025-05-06 12:59:54 #7 type] 
Type domain.Driver is not enhanced.

[2025-05-06 12:59:54 #8 type] 
Type domain.Business is not enhanced.

[2025-05-06 12:59:54 #9 type] 
Type domain.Vehiculo is not enhanced.

[2025-05-06 12:59:54 #10 type] 
Type domain.Oferta is not enhanced.

------------------------------------------------------------------------------------------------------------------------

[2025-05-06 13:09:11 #1 store] 
Database 'C:\Users\hills\git\Rides24\src\main\resources\rides.temp' is opened by 16276@PCJAN

[2025-05-06 13:09:12 #2 type] 
Type domain.UsuarioRegistrado is not enhanced.

[2025-05-06 13:09:12 #3 type] 
Type domain.Pasajero is not enhanced.

[2025-05-06 13:09:12 #4 type] 
Type domain.Solicitud is not enhanced.

[2025-05-06 13:09:12 #5 type] 
Type domain.Ride is not enhanced.

[2025-05-06 13:09:12 #6 type] 
Type domain.Driver is not enhanced.

[2025-05-06 13:09:12 #7 type] 
Type domain.Business is not enhanced.

[2025-05-06 13:09:12 #8 type] 
Type domain.Vehiculo is not enhanced.

[2025-05-06 13:09:12 #9 type] 
Type domain.Oferta is not enhanced.

------------------------------------------------------------------------------------------------------------------------

[2025-05-06 13:10:47 #1 store] 
Database 'C:\Users\hills\git\Rides24\src\main\resources\rides.temp' has been recovered (tr. 90-92)

[2025-05-06 13:10:47 #2 store] 
Database 'C:\Users\hills\git\Rides24\src\main\resources\rides.temp' is opened by 13096@PCJAN

[2025-05-06 13:10:47 #3 type] 
Type domain.UsuarioRegistrado is not enhanced.

[2025-05-06 13:10:47 #4 type] 
Type domain.Pasajero is not enhanced.

[2025-05-06 13:10:47 #5 type] 
Type domain.Solicitud is not enhanced.

[2025-05-06 13:10:47 #6 type] 
Type domain.Ride is not enhanced.

[2025-05-06 13:10:47 #7 type] 
Type domain.Driver is not enhanced.

[2025-05-06 13:10:47 #8 type] 
Type domain.Business is not enhanced.

[2025-05-06 13:10:47 #9 type] 
Type domain.Vehiculo is not enhanced.

[2025-05-06 13:10:47 #10 type] 
Type domain.Oferta is not enhanced.

------------------------------------------------------------------------------------------------------------------------

[2025-05-06 13:16:24 #1 store] 
Database 'C:\Users\hills\git\Rides24\src\main\resources\rides.temp' has been recovered (tr. 93-97)

[2025-05-06 13:16:24 #2 store] 
Database 'C:\Users\hills\git\Rides24\src\main\resources\rides.temp' is opened by 24776@PCJAN

[2025-05-06 13:16:24 #3 type] 
Type domain.UsuarioRegistrado is not enhanced.

[2025-05-06 13:16:24 #4 type] 
Type domain.Pasajero is not enhanced.

[2025-05-06 13:16:24 #5 type] 
Type domain.Solicitud is not enhanced.

[2025-05-06 13:16:24 #6 type] 
Type domain.Ride is not enhanced.

[2025-05-06 13:16:24 #7 type] 
Type domain.Driver is not enhanced.

[2025-05-06 13:16:24 #8 type] 
Type domain.Business is not enhanced.

[2025-05-06 13:16:24 #9 type] 
Type domain.Vehiculo is not enhanced.

[2025-05-06 13:16:24 #10 type] 
Type domain.Oferta is not enhanced.

------------------------------------------------------------------------------------------------------------------------

[2025-05-06 13:18:09 #1 store] 
Database 'C:\Users\hills\git\Rides24\src\main\resources\rides.temp' has been recovered (tr. 98-101)

[2025-05-06 13:18:10 #2 store] 
Database 'C:\Users\hills\git\Rides24\src\main\resources\rides.temp' is opened by 4012@PCJAN

[2025-05-06 13:18:10 #3 type] 
Type domain.UsuarioRegistrado is not enhanced.

[2025-05-06 13:18:10 #4 type] 
Type domain.Pasajero is not enhanced.

[2025-05-06 13:18:10 #5 type] 
Type domain.Solicitud is not enhanced.

[2025-05-06 13:18:10 #6 type] 
Type domain.Ride is not enhanced.

[2025-05-06 13:18:10 #7 type] 
Type domain.Driver is not enhanced.

[2025-05-06 13:18:10 #8 type] 
Type domain.Business is not enhanced.

[2025-05-06 13:18:10 #9 type] 
Type domain.Vehiculo is not enhanced.

[2025-05-06 13:18:10 #10 type] 
Type domain.Oferta is not enhanced.

------------------------------------------------------------------------------------------------------------------------

[2025-05-06 17:44:30 #1 store] 
Database 'C:\Users\hills\git\Rides24\src\main\resources\rides.temp' has been recovered (tr. 102-105)

[2025-05-06 17:44:30 #2 store] 
Database 'C:\Users\hills\git\Rides24\src\main\resources\rides.temp' is opened by 21924@PCJAN

[2025-05-06 17:44:30 #3 type] 
Type domain.UsuarioRegistrado is not enhanced.

[2025-05-06 17:44:30 #4 type] 
Type domain.Pasajero is not enhanced.

[2025-05-06 17:44:30 #5 type] 
Type domain.Solicitud is not enhanced.

[2025-05-06 17:44:30 #6 type] 
Type domain.Ride is not enhanced.

[2025-05-06 17:44:30 #7 type] 
Type domain.Driver is not enhanced.

[2025-05-06 17:44:30 #8 type] 
Type domain.Business is not enhanced.

[2025-05-06 17:44:30 #9 type] 
Type domain.Vehiculo is not enhanced.

[2025-05-06 17:44:30 #10 type] 
Type domain.Oferta is not enhanced.

------------------------------------------------------------------------------------------------------------------------

[2025-05-06 17:47:14 #1 store] 
Database 'C:\Users\hills\git\Rides24\src\main\resources\rides.temp' has been recovered (tr. 106-109)

[2025-05-06 17:47:14 #2 store] 
Database 'C:\Users\hills\git\Rides24\src\main\resources\rides.temp' is opened by 7796@PCJAN

[2025-05-06 17:47:14 #3 type] 
Type domain.UsuarioRegistrado is not enhanced.

[2025-05-06 17:47:14 #4 type] 
Type domain.Pasajero is not enhanced.

[2025-05-06 17:47:14 #5 type] 
Type domain.Solicitud is not enhanced.

[2025-05-06 17:47:14 #6 type] 
Type domain.Ride is not enhanced.

[2025-05-06 17:47:14 #7 type] 
Type domain.Driver is not enhanced.

[2025-05-06 17:47:14 #8 type] 
Type domain.Business is not enhanced.

[2025-05-06 17:47:14 #9 type] 
Type domain.Vehiculo is not enhanced.

[2025-05-06 17:47:14 #10 type] 
Type domain.Oferta is not enhanced.

------------------------------------------------------------------------------------------------------------------------

[2025-05-06 17:50:54 #1 store] 
Database 'C:\Users\hills\git\Rides24\src\main\resources\rides.temp' has been recovered (tr. 110-113)

[2025-05-06 17:50:54 #2 store] 
Database 'C:\Users\hills\git\Rides24\src\main\resources\rides.temp' is opened by 5036@PCJAN

[2025-05-06 17:50:54 #3 type] 
Type domain.UsuarioRegistrado is not enhanced.

[2025-05-06 17:50:54 #4 type] 
Type domain.Pasajero is not enhanced.

[2025-05-06 17:50:54 #5 type] 
Type domain.Solicitud is not enhanced.

[2025-05-06 17:50:54 #6 type] 
Type domain.Ride is not enhanced.

[2025-05-06 17:50:54 #7 type] 
Type domain.Driver is not enhanced.

[2025-05-06 17:50:54 #8 type] 
Type domain.Business is not enhanced.

[2025-05-06 17:50:54 #9 type] 
Type domain.Vehiculo is not enhanced.

[2025-05-06 17:50:54 #10 type] 
Type domain.Oferta is not enhanced.

------------------------------------------------------------------------------------------------------------------------

[2025-05-06 17:54:30 #1 store] 
Database 'C:\Users\hills\git\Rides24\src\main\resources\rides.temp' has been recovered (tr. 114-114)

[2025-05-06 17:54:30 #2 store] 
Database 'C:\Users\hills\git\Rides24\src\main\resources\rides.temp' is opened by 19336@PCJAN

[2025-05-06 17:54:30 #3 type] 
Type domain.UsuarioRegistrado is not enhanced.

[2025-05-06 17:54:30 #4 type] 
Type domain.Pasajero is not enhanced.

[2025-05-06 17:54:30 #5 type] 
Type domain.Solicitud is not enhanced.

[2025-05-06 17:54:30 #6 type] 
Type domain.Ride is not enhanced.

[2025-05-06 17:54:30 #7 type] 
Type domain.Driver is not enhanced.

[2025-05-06 17:54:30 #8 type] 
Type domain.Business is not enhanced.

[2025-05-06 17:54:30 #9 type] 
Type domain.Vehiculo is not enhanced.

[2025-05-06 17:54:30 #10 type] 
Type domain.Oferta is not enhanced.

------------------------------------------------------------------------------------------------------------------------

[2025-05-06 17:59:25 #1 store] 
Database 'C:\Users\hills\git\Rides24\src\main\resources\rides.temp' is opened by 9840@PCJAN

[2025-05-06 17:59:25 #2 type] 
Type domain.UsuarioRegistrado is not enhanced.

[2025-05-06 17:59:25 #3 type] 
Type domain.Pasajero is not enhanced.

[2025-05-06 17:59:25 #4 type] 
Type domain.Solicitud is not enhanced.

[2025-05-06 17:59:25 #5 type] 
Type domain.Ride is not enhanced.

[2025-05-06 17:59:25 #6 type] 
Type domain.Driver is not enhanced.

[2025-05-06 17:59:25 #7 type] 
Type domain.Business is not enhanced.

[2025-05-06 17:59:25 #8 type] 
Type domain.Vehiculo is not enhanced.

[2025-05-06 17:59:25 #9 type] 
Type domain.Oferta is not enhanced.

------------------------------------------------------------------------------------------------------------------------

[2025-05-06 18:05:35 #1 store] 
Database 'C:\Users\hills\git\Rides24\src\main\resources\rides.temp' has been recovered (tr. 115-117)

[2025-05-06 18:05:35 #2 store] 
Database 'C:\Users\hills\git\Rides24\src\main\resources\rides.temp' is opened by 16212@PCJAN

[2025-05-06 18:05:35 #3 type] 
Type domain.UsuarioRegistrado is not enhanced.

[2025-05-06 18:05:35 #4 type] 
Type domain.Pasajero is not enhanced.

[2025-05-06 18:05:35 #5 type] 
Type domain.Solicitud is not enhanced.

[2025-05-06 18:05:35 #6 type] 
Type domain.Ride is not enhanced.

[2025-05-06 18:05:35 #7 type] 
Type domain.Driver is not enhanced.

[2025-05-06 18:05:35 #8 type] 
Type domain.Business is not enhanced.

[2025-05-06 18:05:35 #9 type] 
Type domain.Vehiculo is not enhanced.

[2025-05-06 18:05:35 #10 type] 
Type domain.Oferta is not enhanced.

------------------------------------------------------------------------------------------------------------------------

[2025-05-06 18:09:08 #1 store] 
Database 'C:\Users\hills\git\Rides24\src\main\resources\rides.temp' has been recovered (tr. 118-120)

[2025-05-06 18:09:08 #2 store] 
Database 'C:\Users\hills\git\Rides24\src\main\resources\rides.temp' is opened by 8440@PCJAN

[2025-05-06 18:09:08 #3 type] 
Type domain.UsuarioRegistrado is not enhanced.

[2025-05-06 18:09:08 #4 type] 
Type domain.Pasajero is not enhanced.

[2025-05-06 18:09:08 #5 type] 
Type domain.Solicitud is not enhanced.

[2025-05-06 18:09:08 #6 type] 
Type domain.Ride is not enhanced.

[2025-05-06 18:09:08 #7 type] 
Type domain.Driver is not enhanced.

[2025-05-06 18:09:08 #8 type] 
Type domain.Business is not enhanced.

[2025-05-06 18:09:08 #9 type] 
Type domain.Vehiculo is not enhanced.

[2025-05-06 18:09:08 #10 type] 
Type domain.Oferta is not enhanced.

------------------------------------------------------------------------------------------------------------------------

[2025-05-06 18:10:28 #1 store] 
Database 'C:\Users\hills\git\Rides24\src\main\resources\rides.temp' has been recovered (tr. 121-123)

[2025-05-06 18:10:28 #2 store] 
Database 'C:\Users\hills\git\Rides24\src\main\resources\rides.temp' is opened by 21932@PCJAN

[2025-05-06 18:10:29 #3 type] 
Type domain.UsuarioRegistrado is not enhanced.

[2025-05-06 18:10:29 #4 type] 
Type domain.Pasajero is not enhanced.

[2025-05-06 18:10:29 #5 type] 
Type domain.Solicitud is not enhanced.

[2025-05-06 18:10:29 #6 type] 
Type domain.Ride is not enhanced.

[2025-05-06 18:10:29 #7 type] 
Type domain.Driver is not enhanced.

[2025-05-06 18:10:29 #8 type] 
Type domain.Business is not enhanced.

[2025-05-06 18:10:29 #9 type] 
Type domain.Vehiculo is not enhanced.

[2025-05-06 18:10:29 #10 type] 
Type domain.Oferta is not enhanced.

------------------------------------------------------------------------------------------------------------------------

[2025-05-06 18:12:39 #1 store] 
Database 'C:\Users\hills\git\Rides24\src\main\resources\rides.temp' has been recovered (tr. 124-126)

[2025-05-06 18:12:39 #2 store] 
Database 'C:\Users\hills\git\Rides24\src\main\resources\rides.temp' is opened by 11304@PCJAN

[2025-05-06 18:12:39 #3 type] 
Type domain.UsuarioRegistrado is not enhanced.

[2025-05-06 18:12:39 #4 type] 
Type domain.Pasajero is not enhanced.

[2025-05-06 18:12:39 #5 type] 
Type domain.Solicitud is not enhanced.

[2025-05-06 18:12:39 #6 type] 
Type domain.Ride is not enhanced.

[2025-05-06 18:12:39 #7 type] 
Type domain.Driver is not enhanced.

[2025-05-06 18:12:39 #8 type] 
Type domain.Business is not enhanced.

[2025-05-06 18:12:39 #9 type] 
Type domain.Vehiculo is not enhanced.

[2025-05-06 18:12:39 #10 type] 
Type domain.Oferta is not enhanced.

------------------------------------------------------------------------------------------------------------------------

[2025-05-06 18:13:57 #1 store] 
Database 'C:\Users\hills\git\Rides24\src\main\resources\rides.temp' has been recovered (tr. 127-131)

[2025-05-06 18:13:57 #2 store] 
Database 'C:\Users\hills\git\Rides24\src\main\resources\rides.temp' is opened by 14000@PCJAN

[2025-05-06 18:13:57 #3 type] 
Type domain.UsuarioRegistrado is not enhanced.

[2025-05-06 18:13:57 #4 type] 
Type domain.Pasajero is not enhanced.

[2025-05-06 18:13:57 #5 type] 
Type domain.Solicitud is not enhanced.

[2025-05-06 18:13:57 #6 type] 
Type domain.Ride is not enhanced.

[2025-05-06 18:13:57 #7 type] 
Type domain.Driver is not enhanced.

[2025-05-06 18:13:57 #8 type] 
Type domain.Business is not enhanced.

[2025-05-06 18:13:57 #9 type] 
Type domain.Vehiculo is not enhanced.

[2025-05-06 18:13:57 #10 type] 
Type domain.Oferta is not enhanced.

------------------------------------------------------------------------------------------------------------------------

[2025-05-06 18:21:53 #1 store] 
Database 'C:\Users\hills\git\Rides24\src\main\resources\rides.temp' has been recovered (tr. 132-133)

[2025-05-06 18:21:53 #2 store] 
Database 'C:\Users\hills\git\Rides24\src\main\resources\rides.temp' is opened by 12836@PCJAN

[2025-05-06 18:21:53 #3 type] 
Type domain.UsuarioRegistrado is not enhanced.

[2025-05-06 18:21:53 #4 type] 
Type domain.Pasajero is not enhanced.

[2025-05-06 18:21:53 #5 type] 
Type domain.Solicitud is not enhanced.

[2025-05-06 18:21:53 #6 type] 
Type domain.Ride is not enhanced.

[2025-05-06 18:21:53 #7 type] 
Type domain.Driver is not enhanced.

[2025-05-06 18:21:53 #8 type] 
Type domain.Business is not enhanced.

[2025-05-06 18:21:53 #9 type] 
Type domain.Vehiculo is not enhanced.

[2025-05-06 18:21:53 #10 type] 
Type domain.Oferta is not enhanced.

------------------------------------------------------------------------------------------------------------------------

[2025-05-06 18:22:45 #1 store] 
Database 'C:\Users\hills\git\Rides24\src\main\resources\rides.temp' has been recovered (tr. 134-135)

[2025-05-06 18:22:45 #2 store] 
Database 'C:\Users\hills\git\Rides24\src\main\resources\rides.temp' is opened by 18540@PCJAN

[2025-05-06 18:22:45 #3 type] 
Type domain.UsuarioRegistrado is not enhanced.

[2025-05-06 18:22:45 #4 type] 
Type domain.Pasajero is not enhanced.

[2025-05-06 18:22:45 #5 type] 
Type domain.Solicitud is not enhanced.

[2025-05-06 18:22:45 #6 type] 
Type domain.Ride is not enhanced.

[2025-05-06 18:22:45 #7 type] 
Type domain.Driver is not enhanced.

[2025-05-06 18:22:45 #8 type] 
Type domain.Business is not enhanced.

[2025-05-06 18:22:45 #9 type] 
Type domain.Vehiculo is not enhanced.

[2025-05-06 18:22:45 #10 type] 
Type domain.Oferta is not enhanced.

------------------------------------------------------------------------------------------------------------------------

[2025-05-06 18:27:33 #1 store] 
Database 'C:\Users\hills\git\Rides24\src\main\resources\rides.temp' has been recovered (tr. 136-139)

[2025-05-06 18:27:33 #2 store] 
Database 'C:\Users\hills\git\Rides24\src\main\resources\rides.temp' is opened by 18420@PCJAN

[2025-05-06 18:27:33 #3 type] 
Type domain.UsuarioRegistrado is not enhanced.

[2025-05-06 18:27:33 #4 type] 
Type domain.Pasajero is not enhanced.

[2025-05-06 18:27:33 #5 type] 
Type domain.Solicitud is not enhanced.

[2025-05-06 18:27:33 #6 type] 
Type domain.Ride is not enhanced.

[2025-05-06 18:27:33 #7 type] 
Type domain.Driver is not enhanced.

[2025-05-06 18:27:33 #8 type] 
Type domain.Business is not enhanced.

[2025-05-06 18:27:33 #9 type] 
Type domain.Vehiculo is not enhanced.

[2025-05-06 18:27:33 #10 type] 
Type domain.Oferta is not enhanced.

------------------------------------------------------------------------------------------------------------------------

[2025-05-06 18:38:42 #1 store] 
Database 'C:\Users\hills\git\Rides24\src\main\resources\rides.temp' has been recovered (tr. 140-141)

[2025-05-06 18:38:42 #2 store] 
Database 'C:\Users\hills\git\Rides24\src\main\resources\rides.temp' is opened by 3156@PCJAN

[2025-05-06 18:38:42 #3 type] 
Type domain.UsuarioRegistrado is not enhanced.

[2025-05-06 18:38:42 #4 type] 
Type domain.Pasajero is not enhanced.

[2025-05-06 18:38:42 #5 type] 
Type domain.Solicitud is not enhanced.

[2025-05-06 18:38:43 #6 type] 
Type domain.Ride is not enhanced.

[2025-05-06 18:38:43 #7 type] 
Type domain.Driver is not enhanced.

[2025-05-06 18:38:43 #8 type] 
Type domain.Business is not enhanced.

[2025-05-06 18:38:43 #9 type] 
Type domain.Vehiculo is not enhanced.

[2025-05-06 18:38:43 #10 type] 
Type domain.Oferta is not enhanced.

------------------------------------------------------------------------------------------------------------------------

[2025-05-06 18:41:37 #1 store] 
Database 'C:\Users\hills\git\Rides24\src\main\resources\rides.temp' has been recovered (tr. 142-143)

[2025-05-06 18:41:37 #2 store] 
Database 'C:\Users\hills\git\Rides24\src\main\resources\rides.temp' is opened by 2736@PCJAN

[2025-05-06 18:41:37 #3 type] 
Type domain.UsuarioRegistrado is not enhanced.

[2025-05-06 18:41:37 #4 type] 
Type domain.Pasajero is not enhanced.

[2025-05-06 18:41:37 #5 type] 
Type domain.Solicitud is not enhanced.

[2025-05-06 18:41:38 #6 type] 
Type domain.Ride is not enhanced.

[2025-05-06 18:41:38 #7 type] 
Type domain.Driver is not enhanced.

[2025-05-06 18:41:38 #8 type] 
Type domain.Business is not enhanced.

[2025-05-06 18:41:38 #9 type] 
Type domain.Vehiculo is not enhanced.

[2025-05-06 18:41:38 #10 type] 
Type domain.Oferta is not enhanced.

------------------------------------------------------------------------------------------------------------------------

[2025-05-06 18:46:30 #1 store] 
Database 'C:\Users\hills\git\Rides24\src\main\resources\rides.temp' has been recovered (tr. 144-145)

[2025-05-06 18:46:30 #2 store] 
Database 'C:\Users\hills\git\Rides24\src\main\resources\rides.temp' is opened by 2848@PCJAN

[2025-05-06 18:46:30 #3 type] 
Type domain.UsuarioRegistrado is not enhanced.

[2025-05-06 18:46:30 #4 type] 
Type domain.Pasajero is not enhanced.

[2025-05-06 18:46:30 #5 type] 
Type domain.Solicitud is not enhanced.

[2025-05-06 18:46:30 #6 type] 
Type domain.Ride is not enhanced.

[2025-05-06 18:46:30 #7 type] 
Type domain.Driver is not enhanced.

[2025-05-06 18:46:30 #8 type] 
Type domain.Business is not enhanced.

[2025-05-06 18:46:30 #9 type] 
Type domain.Vehiculo is not enhanced.

[2025-05-06 18:46:30 #10 type] 
Type domain.Oferta is not enhanced.

------------------------------------------------------------------------------------------------------------------------

[2025-05-06 18:48:34 #1 store] 
Database 'C:\Users\hills\git\Rides24\src\main\resources\rides.temp' has been recovered (tr. 146-147)

[2025-05-06 18:48:34 #2 store] 
Database 'C:\Users\hills\git\Rides24\src\main\resources\rides.temp' is opened by 9864@PCJAN

[2025-05-06 18:48:34 #3 type] 
Type domain.UsuarioRegistrado is not enhanced.

[2025-05-06 18:48:34 #4 type] 
Type domain.Pasajero is not enhanced.

[2025-05-06 18:48:34 #5 type] 
Type domain.Solicitud is not enhanced.

[2025-05-06 18:48:34 #6 type] 
Type domain.Ride is not enhanced.

[2025-05-06 18:48:34 #7 type] 
Type domain.Driver is not enhanced.

[2025-05-06 18:48:34 #8 type] 
Type domain.Business is not enhanced.

[2025-05-06 18:48:34 #9 type] 
Type domain.Vehiculo is not enhanced.

[2025-05-06 18:48:34 #10 type] 
Type domain.Oferta is not enhanced.

------------------------------------------------------------------------------------------------------------------------

[2025-05-06 18:49:39 #1 store] 
Database 'C:\Users\hills\git\Rides24\src\main\resources\rides.temp' has been recovered (tr. 148-149)

[2025-05-06 18:49:39 #2 store] 
Database 'C:\Users\hills\git\Rides24\src\main\resources\rides.temp' is opened by 24544@PCJAN

[2025-05-06 18:49:39 #3 type] 
Type domain.UsuarioRegistrado is not enhanced.

[2025-05-06 18:49:39 #4 type] 
Type domain.Pasajero is not enhanced.

[2025-05-06 18:49:39 #5 type] 
Type domain.Solicitud is not enhanced.

[2025-05-06 18:49:39 #6 type] 
Type domain.Ride is not enhanced.

[2025-05-06 18:49:39 #7 type] 
Type domain.Driver is not enhanced.

[2025-05-06 18:49:39 #8 type] 
Type domain.Business is not enhanced.

[2025-05-06 18:49:39 #9 type] 
Type domain.Vehiculo is not enhanced.

[2025-05-06 18:49:39 #10 type] 
Type domain.Oferta is not enhanced.

------------------------------------------------------------------------------------------------------------------------

[2025-05-06 18:50:53 #1 store] 
Database 'C:\Users\hills\git\Rides24\src\main\resources\rides.temp' has been recovered (tr. 150-151)

[2025-05-06 18:50:53 #2 store] 
Database 'C:\Users\hills\git\Rides24\src\main\resources\rides.temp' is opened by 8652@PCJAN

[2025-05-06 18:50:53 #3 type] 
Type domain.UsuarioRegistrado is not enhanced.

[2025-05-06 18:50:53 #4 type] 
Type domain.Pasajero is not enhanced.

[2025-05-06 18:50:53 #5 type] 
Type domain.Solicitud is not enhanced.

[2025-05-06 18:50:54 #6 type] 
Type domain.Ride is not enhanced.

[2025-05-06 18:50:54 #7 type] 
Type domain.Driver is not enhanced.

[2025-05-06 18:50:54 #8 type] 
Type domain.Business is not enhanced.

[2025-05-06 18:50:54 #9 type] 
Type domain.Vehiculo is not enhanced.

[2025-05-06 18:50:54 #10 type] 
Type domain.Oferta is not enhanced.

------------------------------------------------------------------------------------------------------------------------

[2025-05-06 18:52:44 #1 store] 
Database 'C:\Users\hills\git\Rides24\src\main\resources\rides.temp' has been recovered (tr. 152-153)

[2025-05-06 18:52:44 #2 store] 
Database 'C:\Users\hills\git\Rides24\src\main\resources\rides.temp' is opened by 15068@PCJAN

[2025-05-06 18:52:44 #3 type] 
Type domain.UsuarioRegistrado is not enhanced.

[2025-05-06 18:52:44 #4 type] 
Type domain.Pasajero is not enhanced.

[2025-05-06 18:52:44 #5 type] 
Type domain.Solicitud is not enhanced.

[2025-05-06 18:52:44 #6 type] 
Type domain.Ride is not enhanced.

[2025-05-06 18:52:44 #7 type] 
Type domain.Driver is not enhanced.

[2025-05-06 18:52:44 #8 type] 
Type domain.Business is not enhanced.

[2025-05-06 18:52:44 #9 type] 
Type domain.Vehiculo is not enhanced.

[2025-05-06 18:52:44 #10 type] 
Type domain.Oferta is not enhanced.

------------------------------------------------------------------------------------------------------------------------

[2025-05-06 19:03:03 #1 store] 
Database 'C:\Users\hills\git\Rides24\src\main\resources\rides.temp' has been recovered (tr. 154-157)

[2025-05-06 19:03:03 #2 store] 
Database 'C:\Users\hills\git\Rides24\src\main\resources\rides.temp' is opened by 8952@PCJAN

[2025-05-06 19:03:04 #3 type] 
Type domain.UsuarioRegistrado is not enhanced.

[2025-05-06 19:03:04 #4 type] 
Type domain.Pasajero is not enhanced.

[2025-05-06 19:03:04 #5 type] 
Type domain.Solicitud is not enhanced.

[2025-05-06 19:03:04 #6 type] 
Type domain.Ride is not enhanced.

[2025-05-06 19:03:04 #7 type] 
Type domain.Driver is not enhanced.

[2025-05-06 19:03:04 #8 type] 
Type domain.Business is not enhanced.

[2025-05-06 19:03:04 #9 type] 
Type domain.Vehiculo is not enhanced.

[2025-05-06 19:03:04 #10 type] 
Type domain.Oferta is not enhanced.

------------------------------------------------------------------------------------------------------------------------

[2025-05-06 19:06:45 #1 store] 
Database 'C:\Users\hills\git\Rides24\src\main\resources\rides.temp' has been recovered (tr. 158-161)

[2025-05-06 19:06:45 #2 store] 
Database 'C:\Users\hills\git\Rides24\src\main\resources\rides.temp' is opened by 10884@PCJAN

[2025-05-06 19:06:45 #3 type] 
Type domain.UsuarioRegistrado is not enhanced.

[2025-05-06 19:06:45 #4 type] 
Type domain.Pasajero is not enhanced.

[2025-05-06 19:06:45 #5 type] 
Type domain.Solicitud is not enhanced.

[2025-05-06 19:06:45 #6 type] 
Type domain.Ride is not enhanced.

[2025-05-06 19:06:45 #7 type] 
Type domain.Driver is not enhanced.

[2025-05-06 19:06:45 #8 type] 
Type domain.Business is not enhanced.

[2025-05-06 19:06:45 #9 type] 
Type domain.Vehiculo is not enhanced.

[2025-05-06 19:06:45 #10 type] 
Type domain.Oferta is not enhanced.

------------------------------------------------------------------------------------------------------------------------

[2025-05-06 19:07:19 #1 store] 
Database 'C:\Users\hills\git\Rides24\src\main\resources\rides.temp' is opened by 11268@PCJAN

[2025-05-06 19:07:19 #2 type] 
Type domain.UsuarioRegistrado is not enhanced.

[2025-05-06 19:07:19 #3 type] 
Type domain.Pasajero is not enhanced.

[2025-05-06 19:07:19 #4 type] 
Type domain.Solicitud is not enhanced.

[2025-05-06 19:07:19 #5 type] 
Type domain.Ride is not enhanced.

[2025-05-06 19:07:19 #6 type] 
Type domain.Driver is not enhanced.

[2025-05-06 19:07:19 #7 type] 
Type domain.Business is not enhanced.

[2025-05-06 19:07:19 #8 type] 
Type domain.Vehiculo is not enhanced.

[2025-05-06 19:07:19 #9 type] 
Type domain.Oferta is not enhanced.

------------------------------------------------------------------------------------------------------------------------

[2025-05-06 19:08:19 #1 store] 
Database 'C:\Users\hills\git\Rides24\src\main\resources\rides.temp' is opened by 17980@PCJAN

[2025-05-06 19:08:19 #2 type] 
Type domain.UsuarioRegistrado is not enhanced.

[2025-05-06 19:08:19 #3 type] 
Type domain.Pasajero is not enhanced.

[2025-05-06 19:08:19 #4 type] 
Type domain.Solicitud is not enhanced.

[2025-05-06 19:08:19 #5 type] 
Type domain.Ride is not enhanced.

[2025-05-06 19:08:19 #6 type] 
Type domain.Driver is not enhanced.

[2025-05-06 19:08:19 #7 type] 
Type domain.Business is not enhanced.

[2025-05-06 19:08:19 #8 type] 
Type domain.Vehiculo is not enhanced.

[2025-05-06 19:08:19 #9 type] 
Type domain.Oferta is not enhanced.

------------------------------------------------------------------------------------------------------------------------

[2025-05-06 19:10:43 #1 store] 
Database 'C:\Users\hills\git\Rides24\src\main\resources\rides.temp' has been recovered (tr. 162-164)

[2025-05-06 19:10:43 #2 store] 
Database 'C:\Users\hills\git\Rides24\src\main\resources\rides.temp' is opened by 14024@PCJAN

[2025-05-06 19:10:43 #3 type] 
Type domain.UsuarioRegistrado is not enhanced.

[2025-05-06 19:10:43 #4 type] 
Type domain.Pasajero is not enhanced.

[2025-05-06 19:10:43 #5 type] 
Type domain.Solicitud is not enhanced.

[2025-05-06 19:10:43 #6 type] 
Type domain.Ride is not enhanced.

[2025-05-06 19:10:43 #7 type] 
Type domain.Driver is not enhanced.

[2025-05-06 19:10:43 #8 type] 
Type domain.Business is not enhanced.

[2025-05-06 19:10:43 #9 type] 
Type domain.Vehiculo is not enhanced.

[2025-05-06 19:10:43 #10 type] 
Type domain.Oferta is not enhanced.

------------------------------------------------------------------------------------------------------------------------

[2025-05-06 19:11:30 #1 store] 
Database 'C:\Users\hills\git\Rides24\src\main\resources\rides.temp' has been recovered (tr. 165-165)

[2025-05-06 19:11:30 #2 store] 
Database 'C:\Users\hills\git\Rides24\src\main\resources\rides.temp' is opened by 13116@PCJAN

[2025-05-06 19:11:30 #3 type] 
Type domain.UsuarioRegistrado is not enhanced.

[2025-05-06 19:11:30 #4 type] 
Type domain.Pasajero is not enhanced.

[2025-05-06 19:11:30 #5 type] 
Type domain.Solicitud is not enhanced.

[2025-05-06 19:11:30 #6 type] 
Type domain.Ride is not enhanced.

[2025-05-06 19:11:30 #7 type] 
Type domain.Driver is not enhanced.

[2025-05-06 19:11:30 #8 type] 
Type domain.Business is not enhanced.

[2025-05-06 19:11:30 #9 type] 
Type domain.Vehiculo is not enhanced.

[2025-05-06 19:11:30 #10 type] 
Type domain.Oferta is not enhanced.

------------------------------------------------------------------------------------------------------------------------

[2025-05-06 19:11:59 #1 store] 
Database 'C:\Users\hills\git\Rides24\src\main\resources\rides.temp' is opened by 7568@PCJAN

[2025-05-06 19:11:59 #2 type] 
Type domain.UsuarioRegistrado is not enhanced.

[2025-05-06 19:11:59 #3 type] 
Type domain.Pasajero is not enhanced.

[2025-05-06 19:11:59 #4 type] 
Type domain.Solicitud is not enhanced.

[2025-05-06 19:11:59 #5 type] 
Type domain.Ride is not enhanced.

[2025-05-06 19:11:59 #6 type] 
Type domain.Driver is not enhanced.

[2025-05-06 19:11:59 #7 type] 
Type domain.Business is not enhanced.

[2025-05-06 19:11:59 #8 type] 
Type domain.Vehiculo is not enhanced.

[2025-05-06 19:11:59 #9 type] 
Type domain.Oferta is not enhanced.

------------------------------------------------------------------------------------------------------------------------

[2025-05-06 19:15:19 #1 store] 
Database 'C:\Users\hills\git\Rides24\src\main\resources\rides.temp' has been recovered (tr. 166-168)

[2025-05-06 19:15:19 #2 store] 
Database 'C:\Users\hills\git\Rides24\src\main\resources\rides.temp' is opened by 21080@PCJAN

[2025-05-06 19:15:19 #3 type] 
Type domain.UsuarioRegistrado is not enhanced.

[2025-05-06 19:15:19 #4 type] 
Type domain.Pasajero is not enhanced.

[2025-05-06 19:15:19 #5 type] 
Type domain.Solicitud is not enhanced.

[2025-05-06 19:15:19 #6 type] 
Type domain.Ride is not enhanced.

[2025-05-06 19:15:19 #7 type] 
Type domain.Driver is not enhanced.

[2025-05-06 19:15:19 #8 type] 
Type domain.Business is not enhanced.

[2025-05-06 19:15:19 #9 type] 
Type domain.Vehiculo is not enhanced.

[2025-05-06 19:15:19 #10 type] 
Type domain.Oferta is not enhanced.

------------------------------------------------------------------------------------------------------------------------

[2025-05-06 19:16:44 #1 store] 
Database 'C:\Users\hills\git\Rides24\src\main\resources\rides.temp' is opened by 1344@PCJAN

[2025-05-06 19:16:44 #2 type] 
Type domain.UsuarioRegistrado is not enhanced.

[2025-05-06 19:16:44 #3 type] 
Type domain.Pasajero is not enhanced.

[2025-05-06 19:16:44 #4 type] 
Type domain.Solicitud is not enhanced.

[2025-05-06 19:16:44 #5 type] 
Type domain.Ride is not enhanced.

[2025-05-06 19:16:44 #6 type] 
Type domain.Driver is not enhanced.

[2025-05-06 19:16:44 #7 type] 
Type domain.Business is not enhanced.

[2025-05-06 19:16:44 #8 type] 
Type domain.Vehiculo is not enhanced.

[2025-05-06 19:16:44 #9 type] 
Type domain.Oferta is not enhanced.

------------------------------------------------------------------------------------------------------------------------

[2025-05-06 19:21:07 #1 store] 
Database 'C:\Users\hills\git\Rides24\src\main\resources\rides.temp' has been recovered (tr. 169-176)

[2025-05-06 19:21:07 #2 store] 
Database 'C:\Users\hills\git\Rides24\src\main\resources\rides.temp' is opened by 20484@PCJAN

[2025-05-06 19:21:07 #3 type] 
Type domain.UsuarioRegistrado is not enhanced.

[2025-05-06 19:21:07 #4 type] 
Type domain.Pasajero is not enhanced.

[2025-05-06 19:21:07 #5 type] 
Type domain.Solicitud is not enhanced.

[2025-05-06 19:21:07 #6 type] 
Type domain.Ride is not enhanced.

[2025-05-06 19:21:07 #7 type] 
Type domain.Driver is not enhanced.

[2025-05-06 19:21:07 #8 type] 
Type domain.Business is not enhanced.

[2025-05-06 19:21:07 #9 type] 
Type domain.Vehiculo is not enhanced.

[2025-05-06 19:21:07 #10 type] 
Type domain.Oferta is not enhanced.

------------------------------------------------------------------------------------------------------------------------

[2025-05-06 19:26:37 #1 store] 
Database 'C:\Users\hills\git\Rides24\src\main\resources\rides.temp' has been recovered (tr. 177-180)

[2025-05-06 19:26:37 #2 store] 
Database 'C:\Users\hills\git\Rides24\src\main\resources\rides.temp' is opened by 21340@PCJAN

[2025-05-06 19:26:37 #3 type] 
Type domain.UsuarioRegistrado is not enhanced.

[2025-05-06 19:26:37 #4 type] 
Type domain.Pasajero is not enhanced.

[2025-05-06 19:26:37 #5 type] 
Type domain.Solicitud is not enhanced.

[2025-05-06 19:26:37 #6 type] 
Type domain.Ride is not enhanced.

[2025-05-06 19:26:37 #7 type] 
Type domain.Driver is not enhanced.

[2025-05-06 19:26:37 #8 type] 
Type domain.Business is not enhanced.

[2025-05-06 19:26:37 #9 type] 
Type domain.Vehiculo is not enhanced.

[2025-05-06 19:26:37 #10 type] 
Type domain.Oferta is not enhanced.

------------------------------------------------------------------------------------------------------------------------

[2025-05-06 19:28:26 #1 store] 
Database 'C:\Users\hills\git\Rides24\src\main\resources\rides.temp' has been recovered (tr. 181-185)

[2025-05-06 19:28:26 #2 store] 
Database 'C:\Users\hills\git\Rides24\src\main\resources\rides.temp' is opened by 19088@PCJAN

[2025-05-06 19:28:26 #3 type] 
Type domain.UsuarioRegistrado is not enhanced.

[2025-05-06 19:28:26 #4 type] 
Type domain.Pasajero is not enhanced.

[2025-05-06 19:28:26 #5 type] 
Type domain.Solicitud is not enhanced.

[2025-05-06 19:28:26 #6 type] 
Type domain.Ride is not enhanced.

[2025-05-06 19:28:26 #7 type] 
Type domain.Driver is not enhanced.

[2025-05-06 19:28:26 #8 type] 
Type domain.Business is not enhanced.

[2025-05-06 19:28:26 #9 type] 
Type domain.Vehiculo is not enhanced.

[2025-05-06 19:28:26 #10 type] 
Type domain.Oferta is not enhanced.

------------------------------------------------------------------------------------------------------------------------

[2025-05-06 19:29:20 #1 store] 
Database 'C:\Users\hills\git\Rides24\src\main\resources\rides.temp' has been recovered (tr. 186-188)

[2025-05-06 19:29:20 #2 store] 
Database 'C:\Users\hills\git\Rides24\src\main\resources\rides.temp' is opened by 1296@PCJAN

[2025-05-06 19:29:20 #3 type] 
Type domain.UsuarioRegistrado is not enhanced.

[2025-05-06 19:29:20 #4 type] 
Type domain.Pasajero is not enhanced.

[2025-05-06 19:29:20 #5 type] 
Type domain.Solicitud is not enhanced.

[2025-05-06 19:29:20 #6 type] 
Type domain.Ride is not enhanced.

[2025-05-06 19:29:20 #7 type] 
Type domain.Driver is not enhanced.

[2025-05-06 19:29:20 #8 type] 
Type domain.Business is not enhanced.

[2025-05-06 19:29:20 #9 type] 
Type domain.Vehiculo is not enhanced.

[2025-05-06 19:29:20 #10 type] 
Type domain.Oferta is not enhanced.

------------------------------------------------------------------------------------------------------------------------

[2025-05-06 19:33:52 #1 store] 
Database 'C:\Users\hills\git\Rides24\src\main\resources\rides.temp' has been recovered (tr. 189-189)

[2025-05-06 19:33:52 #2 store] 
Database 'C:\Users\hills\git\Rides24\src\main\resources\rides.temp' is opened by 18616@PCJAN

[2025-05-06 19:33:52 #3 type] 
Type domain.UsuarioRegistrado is not enhanced.

[2025-05-06 19:33:52 #4 type] 
Type domain.Pasajero is not enhanced.

[2025-05-06 19:33:52 #5 type] 
Type domain.Solicitud is not enhanced.

[2025-05-06 19:33:52 #6 type] 
Type domain.Ride is not enhanced.

[2025-05-06 19:33:52 #7 type] 
Type domain.Driver is not enhanced.

[2025-05-06 19:33:52 #8 type] 
Type domain.Business is not enhanced.

[2025-05-06 19:33:52 #9 type] 
Type domain.Vehiculo is not enhanced.

[2025-05-06 19:33:52 #10 type] 
Type domain.Oferta is not enhanced.

------------------------------------------------------------------------------------------------------------------------

[2025-05-06 19:35:38 #1 store] 
Database 'C:\Users\hills\git\Rides24\src\main\resources\rides.temp' has been recovered (tr. 191-192)

[2025-05-06 19:35:38 #2 store] 
Database 'C:\Users\hills\git\Rides24\src\main\resources\rides.temp' is opened by 14588@PCJAN

[2025-05-06 19:35:38 #3 type] 
Type domain.UsuarioRegistrado is not enhanced.

[2025-05-06 19:35:38 #4 type] 
Type domain.Pasajero is not enhanced.

[2025-05-06 19:35:38 #5 type] 
Type domain.Solicitud is not enhanced.

[2025-05-06 19:35:38 #6 type] 
Type domain.Ride is not enhanced.

[2025-05-06 19:35:38 #7 type] 
Type domain.Driver is not enhanced.

[2025-05-06 19:35:38 #8 type] 
Type domain.Business is not enhanced.

[2025-05-06 19:35:38 #9 type] 
Type domain.Vehiculo is not enhanced.

[2025-05-06 19:35:38 #10 type] 
Type domain.Oferta is not enhanced.

------------------------------------------------------------------------------------------------------------------------

[2025-05-06 19:36:37 #1 store] 
Database 'C:\Users\hills\git\Rides24\src\main\resources\rides.temp' has been recovered (tr. 193-194)

[2025-05-06 19:36:37 #2 store] 
Database 'C:\Users\hills\git\Rides24\src\main\resources\rides.temp' is opened by 6068@PCJAN

[2025-05-06 19:36:38 #3 type] 
Type domain.UsuarioRegistrado is not enhanced.

[2025-05-06 19:36:38 #4 type] 
Type domain.Pasajero is not enhanced.

[2025-05-06 19:36:38 #5 type] 
Type domain.Solicitud is not enhanced.

[2025-05-06 19:36:38 #6 type] 
Type domain.Ride is not enhanced.

[2025-05-06 19:36:38 #7 type] 
Type domain.Driver is not enhanced.

[2025-05-06 19:36:38 #8 type] 
Type domain.Business is not enhanced.

[2025-05-06 19:36:38 #9 type] 
Type domain.Vehiculo is not enhanced.

[2025-05-06 19:36:38 #10 type] 
Type domain.Oferta is not enhanced.

------------------------------------------------------------------------------------------------------------------------

[2025-05-06 19:37:08 #1 store] 
Database 'C:\Users\hills\git\Rides24\src\main\resources\rides.temp' has been recovered (tr. 195-196)

[2025-05-06 19:37:08 #2 store] 
Database 'C:\Users\hills\git\Rides24\src\main\resources\rides.temp' is opened by 20072@PCJAN

[2025-05-06 19:37:08 #3 type] 
Type domain.UsuarioRegistrado is not enhanced.

[2025-05-06 19:37:08 #4 type] 
Type domain.Pasajero is not enhanced.

[2025-05-06 19:37:08 #5 type] 
Type domain.Solicitud is not enhanced.

[2025-05-06 19:37:08 #6 type] 
Type domain.Ride is not enhanced.

[2025-05-06 19:37:08 #7 type] 
Type domain.Driver is not enhanced.

[2025-05-06 19:37:08 #8 type] 
Type domain.Business is not enhanced.

[2025-05-06 19:37:08 #9 type] 
Type domain.Vehiculo is not enhanced.

[2025-05-06 19:37:08 #10 type] 
Type domain.Oferta is not enhanced.

------------------------------------------------------------------------------------------------------------------------

[2025-05-06 19:38:19 #1 store] 
Database 'C:\Users\hills\git\Rides24\src\main\resources\rides.temp' has been recovered (tr. 197-199)

[2025-05-06 19:38:19 #2 store] 
Database 'C:\Users\hills\git\Rides24\src\main\resources\rides.temp' is opened by 6936@PCJAN

[2025-05-06 19:38:20 #3 type] 
Type domain.UsuarioRegistrado is not enhanced.

[2025-05-06 19:38:20 #4 type] 
Type domain.Pasajero is not enhanced.

[2025-05-06 19:38:20 #5 type] 
Type domain.Solicitud is not enhanced.

[2025-05-06 19:38:20 #6 type] 
Type domain.Ride is not enhanced.

[2025-05-06 19:38:20 #7 type] 
Type domain.Driver is not enhanced.

[2025-05-06 19:38:20 #8 type] 
Type domain.Business is not enhanced.

[2025-05-06 19:38:20 #9 type] 
Type domain.Vehiculo is not enhanced.

[2025-05-06 19:38:20 #10 type] 
Type domain.Oferta is not enhanced.

------------------------------------------------------------------------------------------------------------------------

[2025-05-06 19:44:41 #1 store] 
Database 'C:\Users\hills\git\Rides24\src\main\resources\rides.temp' has been recovered (tr. 200-214)

[2025-05-06 19:44:41 #2 store] 
Database 'C:\Users\hills\git\Rides24\src\main\resources\rides.temp' is opened by 16176@PCJAN

[2025-05-06 19:44:41 #3 type] 
Type domain.UsuarioRegistrado is not enhanced.

[2025-05-06 19:44:41 #4 type] 
Type domain.Pasajero is not enhanced.

[2025-05-06 19:44:41 #5 type] 
Type domain.Solicitud is not enhanced.

[2025-05-06 19:44:41 #6 type] 
Type domain.Ride is not enhanced.

[2025-05-06 19:44:41 #7 type] 
Type domain.Driver is not enhanced.

[2025-05-06 19:44:41 #8 type] 
Type domain.Business is not enhanced.

[2025-05-06 19:44:41 #9 type] 
Type domain.Vehiculo is not enhanced.

[2025-05-06 19:44:41 #10 type] 
Type domain.Oferta is not enhanced.

------------------------------------------------------------------------------------------------------------------------

[2025-05-06 19:59:44 #1 store] 
Database 'C:\Users\hills\git\Rides24\src\main\resources\rides.temp' has been recovered (tr. 215-218)

[2025-05-06 19:59:44 #2 store] 
Database 'C:\Users\hills\git\Rides24\src\main\resources\rides.temp' is opened by 6068@PCJAN

[2025-05-06 19:59:44 #3 type] 
Type domain.UsuarioRegistrado is not enhanced.

[2025-05-06 19:59:44 #4 type] 
Type domain.Pasajero is not enhanced.

[2025-05-06 19:59:44 #5 type] 
Type domain.Solicitud is not enhanced.

[2025-05-06 19:59:44 #6 type] 
Type domain.Ride is not enhanced.

[2025-05-06 19:59:44 #7 type] 
Type domain.Driver is not enhanced.

[2025-05-06 19:59:44 #8 type] 
Type domain.Business is not enhanced.

[2025-05-06 19:59:44 #9 type] 
Type domain.Vehiculo is not enhanced.

[2025-05-06 19:59:44 #10 type] 
Type domain.Oferta is not enhanced.

------------------------------------------------------------------------------------------------------------------------

[2025-05-06 20:00:25 #1 store] 
Database 'C:\Users\hills\git\Rides24\src\main\resources\rides.temp' has been recovered (tr. 219-219)

[2025-05-06 20:00:26 #2 store] 
Database 'C:\Users\hills\git\Rides24\src\main\resources\rides.temp' is opened by 3088@PCJAN

[2025-05-06 20:00:26 #3 type] 
Type domain.UsuarioRegistrado is not enhanced.

[2025-05-06 20:00:26 #4 type] 
Type domain.Pasajero is not enhanced.

[2025-05-06 20:00:26 #5 type] 
Type domain.Solicitud is not enhanced.

[2025-05-06 20:00:26 #6 type] 
Type domain.Ride is not enhanced.

[2025-05-06 20:00:26 #7 type] 
Type domain.Driver is not enhanced.

[2025-05-06 20:00:26 #8 type] 
Type domain.Business is not enhanced.

[2025-05-06 20:00:26 #9 type] 
Type domain.Vehiculo is not enhanced.

[2025-05-06 20:00:26 #10 type] 
Type domain.Oferta is not enhanced.

------------------------------------------------------------------------------------------------------------------------

[2025-05-06 20:07:37 #1 store] 
Database 'C:\Users\hills\git\Rides24\src\main\resources\rides.temp' has been recovered (tr. 220-221)

[2025-05-06 20:07:37 #2 store] 
Database 'C:\Users\hills\git\Rides24\src\main\resources\rides.temp' is opened by 11800@PCJAN

[2025-05-06 20:07:37 #3 type] 
Type domain.UsuarioRegistrado is not enhanced.

[2025-05-06 20:07:37 #4 type] 
Type domain.Pasajero is not enhanced.

[2025-05-06 20:07:37 #5 type] 
Type domain.Solicitud is not enhanced.

[2025-05-06 20:07:37 #6 type] 
Type domain.Ride is not enhanced.

[2025-05-06 20:07:37 #7 type] 
Type domain.Driver is not enhanced.

[2025-05-06 20:07:37 #8 type] 
Type domain.Business is not enhanced.

[2025-05-06 20:07:37 #9 type] 
Type domain.Vehiculo is not enhanced.

[2025-05-06 20:07:37 #10 type] 
Type domain.Oferta is not enhanced.

------------------------------------------------------------------------------------------------------------------------

[2025-05-06 20:08:21 #1 store] 
Database 'C:\Users\hills\git\Rides24\src\main\resources\rides.temp' has been recovered (tr. 222-224)

[2025-05-06 20:08:21 #2 store] 
Database 'C:\Users\hills\git\Rides24\src\main\resources\rides.temp' is opened by 20076@PCJAN

[2025-05-06 20:08:21 #3 type] 
Type domain.UsuarioRegistrado is not enhanced.

[2025-05-06 20:08:21 #4 type] 
Type domain.Pasajero is not enhanced.

[2025-05-06 20:08:21 #5 type] 
Type domain.Solicitud is not enhanced.

[2025-05-06 20:08:21 #6 type] 
Type domain.Ride is not enhanced.

[2025-05-06 20:08:21 #7 type] 
Type domain.Driver is not enhanced.

[2025-05-06 20:08:21 #8 type] 
Type domain.Business is not enhanced.

[2025-05-06 20:08:21 #9 type] 
Type domain.Vehiculo is not enhanced.

[2025-05-06 20:08:21 #10 type] 
Type domain.Oferta is not enhanced.

------------------------------------------------------------------------------------------------------------------------

[2025-05-06 20:10:09 #1 store] 
Database 'C:\Users\hills\git\Rides24\src\main\resources\rides.temp' has been recovered (tr. 225-227)

[2025-05-06 20:10:09 #2 store] 
Database 'C:\Users\hills\git\Rides24\src\main\resources\rides.temp' is opened by 16188@PCJAN

[2025-05-06 20:10:09 #3 type] 
Type domain.UsuarioRegistrado is not enhanced.

[2025-05-06 20:10:09 #4 type] 
Type domain.Pasajero is not enhanced.

[2025-05-06 20:10:09 #5 type] 
Type domain.Solicitud is not enhanced.

[2025-05-06 20:10:09 #6 type] 
Type domain.Ride is not enhanced.

[2025-05-06 20:10:09 #7 type] 
Type domain.Driver is not enhanced.

[2025-05-06 20:10:09 #8 type] 
Type domain.Business is not enhanced.

[2025-05-06 20:10:09 #9 type] 
Type domain.Vehiculo is not enhanced.

[2025-05-06 20:10:09 #10 type] 
Type domain.Oferta is not enhanced.

------------------------------------------------------------------------------------------------------------------------

[2025-05-06 20:10:42 #1 store] 
Database 'C:\Users\hills\git\Rides24\src\main\resources\rides.temp' has been recovered (tr. 228-228)

[2025-05-06 20:10:42 #2 store] 
Database 'C:\Users\hills\git\Rides24\src\main\resources\rides.temp' is opened by 3880@PCJAN

[2025-05-06 20:10:42 #3 type] 
Type domain.UsuarioRegistrado is not enhanced.

[2025-05-06 20:10:42 #4 type] 
Type domain.Pasajero is not enhanced.

[2025-05-06 20:10:42 #5 type] 
Type domain.Ride is not enhanced.

[2025-05-06 20:10:42 #6 type] 
Type domain.Driver is not enhanced.

[2025-05-06 20:10:42 #7 type] 
Type domain.Business is not enhanced.

[2025-05-06 20:10:42 #8 type] 
Type domain.Vehiculo is not enhanced.

[2025-05-06 20:10:42 #9 type] 
Type domain.Oferta is not enhanced.

------------------------------------------------------------------------------------------------------------------------

[2025-05-06 20:12:01 #1 store] 
Database 'C:\Users\hills\git\Rides24\src\main\resources\rides.temp' has been recovered (tr. 229-229)

[2025-05-06 20:12:01 #2 store] 
Database 'C:\Users\hills\git\Rides24\src\main\resources\rides.temp' is opened by 5536@PCJAN

[2025-05-06 20:12:01 #3 type] 
Type domain.UsuarioRegistrado is not enhanced.

[2025-05-06 20:12:01 #4 type] 
Type domain.Pasajero is not enhanced.

[2025-05-06 20:12:01 #5 type] 
Type domain.Ride is not enhanced.

[2025-05-06 20:12:01 #6 type] 
Type domain.Driver is not enhanced.

[2025-05-06 20:12:01 #7 type] 
Type domain.Business is not enhanced.

[2025-05-06 20:12:01 #8 type] 
Type domain.Vehiculo is not enhanced.

[2025-05-06 20:12:01 #9 type] 
Type domain.Oferta is not enhanced.

------------------------------------------------------------------------------------------------------------------------

[2025-05-06 20:14:00 #1 store] 
Database 'C:\Users\hills\git\Rides24\src\main\resources\rides.temp' is opened by 12620@PCJAN

[2025-05-06 20:14:00 #2 type] 
Type domain.UsuarioRegistrado is not enhanced.

------------------------------------------------------------------------------------------------------------------------

[2025-05-06 20:14:06 #1 store] 
Database 'C:\Users\hills\git\Rides24\src\main\resources\rides.temp' is opened by 16824@PCJAN

[2025-05-06 20:14:06 #2 type] 
Type domain.UsuarioRegistrado is not enhanced.

------------------------------------------------------------------------------------------------------------------------

[2025-05-06 20:14:22 #1 store] 
Database 'C:\Users\hills\git\Rides24\src\main\resources\rides.temp' is opened by 19124@PCJAN

[2025-05-06 20:14:23 #2 type] 
Type domain.UsuarioRegistrado is not enhanced.

[2025-05-06 20:14:23 #3 type] 
Type domain.Pasajero is not enhanced.

[2025-05-06 20:14:23 #4 type] 
Type domain.Ride is not enhanced.

[2025-05-06 20:14:23 #5 type] 
Type domain.Driver is not enhanced.

[2025-05-06 20:14:23 #6 type] 
Type domain.Business is not enhanced.

[2025-05-06 20:14:23 #7 type] 
Type domain.Vehiculo is not enhanced.

[2025-05-06 20:14:23 #8 type] 
Type domain.Oferta is not enhanced.

------------------------------------------------------------------------------------------------------------------------

[2025-05-06 20:14:42 #1 store] 
Database 'C:\Users\hills\git\Rides24\src\main\resources\rides.temp' is opened by 6172@PCJAN

[2025-05-06 20:14:42 #2 type] 
Type domain.UsuarioRegistrado is not enhanced.

[2025-05-06 20:14:42 #3 type] 
Type domain.Pasajero is not enhanced.

[2025-05-06 20:14:42 #4 type] 
Type domain.Solicitud is not enhanced.

[2025-05-06 20:14:42 #5 type] 
Type domain.Ride is not enhanced.

[2025-05-06 20:14:42 #6 type] 
Type domain.Driver is not enhanced.

[2025-05-06 20:14:42 #7 type] 
Type domain.Business is not enhanced.

[2025-05-06 20:14:42 #8 type] 
Type domain.Vehiculo is not enhanced.

[2025-05-06 20:14:42 #9 type] 
Type domain.Oferta is not enhanced.

------------------------------------------------------------------------------------------------------------------------

[2025-05-06 20:17:45 #1 store] 
Database 'C:\Users\hills\git\Rides24\src\main\resources\rides.temp' has been recovered (tr. 230-248)

[2025-05-06 20:17:45 #2 store] 
Database 'C:\Users\hills\git\Rides24\src\main\resources\rides.temp' is opened by 7828@PCJAN

[2025-05-06 20:17:45 #3 type] 
Type domain.UsuarioRegistrado is not enhanced.

[2025-05-06 20:17:45 #4 type] 
Type domain.Pasajero is not enhanced.

[2025-05-06 20:17:45 #5 type] 
Type domain.Solicitud is not enhanced.

[2025-05-06 20:17:45 #6 type] 
Type domain.Ride is not enhanced.

[2025-05-06 20:17:45 #7 type] 
Type domain.Driver is not enhanced.

[2025-05-06 20:17:45 #8 type] 
Type domain.Business is not enhanced.

[2025-05-06 20:17:45 #9 type] 
Type domain.Vehiculo is not enhanced.

[2025-05-06 20:17:45 #10 type] 
Type domain.Oferta is not enhanced.

------------------------------------------------------------------------------------------------------------------------

[2025-05-06 20:19:13 #1 store] 
Database 'C:\Users\hills\git\Rides24\src\main\resources\rides.temp' has been recovered (tr. 249-254)

[2025-05-06 20:19:13 #2 store] 
Database 'C:\Users\hills\git\Rides24\src\main\resources\rides.temp' is opened by 7904@PCJAN

[2025-05-06 20:19:13 #3 type] 
Type domain.UsuarioRegistrado is not enhanced.

[2025-05-06 20:19:13 #4 type] 
Type domain.Pasajero is not enhanced.

[2025-05-06 20:19:13 #5 type] 
Type domain.Solicitud is not enhanced.

[2025-05-06 20:19:13 #6 type] 
Type domain.Ride is not enhanced.

[2025-05-06 20:19:13 #7 type] 
Type domain.Driver is not enhanced.

[2025-05-06 20:19:13 #8 type] 
Type domain.Business is not enhanced.

[2025-05-06 20:19:13 #9 type] 
Type domain.Vehiculo is not enhanced.

[2025-05-06 20:19:13 #10 type] 
Type domain.Oferta is not enhanced.

------------------------------------------------------------------------------------------------------------------------

[2025-05-06 20:33:57 #1 store] 
Database 'C:\Users\hills\git\Rides24\src\main\resources\rides.temp' has been recovered (tr. 255-257)

[2025-05-06 20:33:57 #2 store] 
Database 'C:\Users\hills\git\Rides24\src\main\resources\rides.temp' is opened by 22260@PCJAN

[2025-05-06 20:33:57 #3 type] 
Type domain.UsuarioRegistrado is not enhanced.

[2025-05-06 20:33:57 #4 type] 
Type domain.Pasajero is not enhanced.

[2025-05-06 20:33:57 #5 type] 
Type domain.Solicitud is not enhanced.

[2025-05-06 20:33:57 #6 type] 
Type domain.Ride is not enhanced.

[2025-05-06 20:33:57 #7 type] 
Type domain.Driver is not enhanced.

[2025-05-06 20:33:57 #8 type] 
Type domain.Business is not enhanced.

[2025-05-06 20:33:57 #9 type] 
Type domain.Vehiculo is not enhanced.

[2025-05-06 20:33:57 #10 type] 
Type domain.Oferta is not enhanced.

------------------------------------------------------------------------------------------------------------------------

[2025-05-06 20:35:30 #1 store] 
Database 'C:\Users\hills\git\Rides24\src\main\resources\rides.temp' has been recovered (tr. 258-260)

[2025-05-06 20:35:30 #2 store] 
Database 'C:\Users\hills\git\Rides24\src\main\resources\rides.temp' is opened by 19112@PCJAN

[2025-05-06 20:35:30 #3 type] 
Type domain.UsuarioRegistrado is not enhanced.

[2025-05-06 20:35:30 #4 type] 
Type domain.Pasajero is not enhanced.

[2025-05-06 20:35:30 #5 type] 
Type domain.Solicitud is not enhanced.

[2025-05-06 20:35:30 #6 type] 
Type domain.Ride is not enhanced.

[2025-05-06 20:35:30 #7 type] 
Type domain.Driver is not enhanced.

[2025-05-06 20:35:30 #8 type] 
Type domain.Business is not enhanced.

[2025-05-06 20:35:30 #9 type] 
Type domain.Vehiculo is not enhanced.

[2025-05-06 20:35:30 #10 type] 
Type domain.Oferta is not enhanced.

------------------------------------------------------------------------------------------------------------------------

[2025-05-06 20:59:12 #1 store] 
Database 'C:\Users\hills\git\Rides24\src\main\resources\rides.temp' has been recovered (tr. 261-262)

[2025-05-06 20:59:12 #2 store] 
Database 'C:\Users\hills\git\Rides24\src\main\resources\rides.temp' is opened by 25300@PCJAN

[2025-05-06 20:59:12 #3 type] 
Type domain.UsuarioRegistrado is not enhanced.

[2025-05-06 20:59:12 #4 type] 
Type domain.Pasajero is not enhanced.

[2025-05-06 20:59:12 #5 type] 
Type domain.Solicitud is not enhanced.

[2025-05-06 20:59:12 #6 type] 
Type domain.Ride is not enhanced.

[2025-05-06 20:59:12 #7 type] 
Type domain.Driver is not enhanced.

[2025-05-06 20:59:12 #8 type] 
Type domain.Business is not enhanced.

[2025-05-06 20:59:12 #9 type] 
Type domain.Vehiculo is not enhanced.

[2025-05-06 20:59:12 #10 type] 
Type domain.Oferta is not enhanced.

------------------------------------------------------------------------------------------------------------------------

[2025-05-06 21:02:05 #1 store] 
Database 'C:\Users\hills\git\Rides24\src\main\resources\rides.temp' is opened by 10632@PCJAN

[2025-05-06 21:02:05 #2 type] 
Type domain.UsuarioRegistrado is not enhanced.

[2025-05-06 21:02:05 #3 type] 
Type domain.Pasajero is not enhanced.

[2025-05-06 21:02:05 #4 type] 
Type domain.Solicitud is not enhanced.

[2025-05-06 21:02:05 #5 type] 
Type domain.Ride is not enhanced.

[2025-05-06 21:02:05 #6 type] 
Type domain.Driver is not enhanced.

[2025-05-06 21:02:05 #7 type] 
Type domain.Business is not enhanced.

[2025-05-06 21:02:05 #8 type] 
Type domain.Vehiculo is not enhanced.

[2025-05-06 21:02:05 #9 type] 
Type domain.Oferta is not enhanced.

------------------------------------------------------------------------------------------------------------------------

[2025-05-06 21:07:09 #1 store] 
Database 'C:\Users\hills\git\Rides24\src\main\resources\rides.temp' has been recovered (tr. 263-269)

[2025-05-06 21:07:09 #2 store] 
Database 'C:\Users\hills\git\Rides24\src\main\resources\rides.temp' is opened by 7052@PCJAN

[2025-05-06 21:07:09 #3 type] 
Type domain.UsuarioRegistrado is not enhanced.

[2025-05-06 21:07:09 #4 type] 
Type domain.Pasajero is not enhanced.

[2025-05-06 21:07:09 #5 type] 
Type domain.Solicitud is not enhanced.

[2025-05-06 21:07:09 #6 type] 
Type domain.Ride is not enhanced.

[2025-05-06 21:07:09 #7 type] 
Type domain.Driver is not enhanced.

[2025-05-06 21:07:09 #8 type] 
Type domain.Business is not enhanced.

[2025-05-06 21:07:09 #9 type] 
Type domain.Vehiculo is not enhanced.

[2025-05-06 21:07:09 #10 type] 
Type domain.Oferta is not enhanced.

------------------------------------------------------------------------------------------------------------------------

[2025-05-06 21:08:01 #1 store] 
Database 'C:\Users\hills\git\Rides24\src\main\resources\rides.temp' has been recovered (tr. 270-270)

[2025-05-06 21:08:01 #2 store] 
Database 'C:\Users\hills\git\Rides24\src\main\resources\rides.temp' is opened by 23984@PCJAN

[2025-05-06 21:08:02 #3 type] 
Type domain.UsuarioRegistrado is not enhanced.

[2025-05-06 21:08:02 #4 type] 
Type domain.Pasajero is not enhanced.

[2025-05-06 21:08:02 #5 type] 
Type domain.Solicitud is not enhanced.

[2025-05-06 21:08:02 #6 type] 
Type domain.Ride is not enhanced.

[2025-05-06 21:08:02 #7 type] 
Type domain.Driver is not enhanced.

[2025-05-06 21:08:02 #8 type] 
Type domain.Business is not enhanced.

[2025-05-06 21:08:02 #9 type] 
Type domain.Vehiculo is not enhanced.

[2025-05-06 21:08:02 #10 type] 
Type domain.Oferta is not enhanced.

------------------------------------------------------------------------------------------------------------------------

[2025-05-06 21:15:24 #1 store] 
Database 'C:\Users\hills\git\Rides24\src\main\resources\rides.temp' is opened by 15244@PCJAN

[2025-05-06 21:15:24 #2 type] 
Type domain.UsuarioRegistrado is not enhanced.

[2025-05-06 21:15:24 #3 type] 
Type domain.Pasajero is not enhanced.

[2025-05-06 21:15:24 #4 type] 
Type domain.Solicitud is not enhanced.

[2025-05-06 21:15:24 #5 type] 
Type domain.Ride is not enhanced.

[2025-05-06 21:15:24 #6 type] 
Type domain.Driver is not enhanced.

[2025-05-06 21:15:24 #7 type] 
Type domain.Business is not enhanced.

[2025-05-06 21:15:24 #8 type] 
Type domain.Vehiculo is not enhanced.

[2025-05-06 21:15:24 #9 type] 
Type domain.Oferta is not enhanced.

------------------------------------------------------------------------------------------------------------------------

[2025-05-06 21:18:10 #1 store] 
Database 'C:\Users\hills\git\Rides24\src\main\resources\rides.temp' has been recovered (tr. 271-271)

[2025-05-06 21:18:10 #2 store] 
Database 'C:\Users\hills\git\Rides24\src\main\resources\rides.temp' is opened by 17428@PCJAN

[2025-05-06 21:18:10 #3 type] 
Type domain.UsuarioRegistrado is not enhanced.

[2025-05-06 21:18:10 #4 type] 
Type domain.Pasajero is not enhanced.

[2025-05-06 21:18:10 #5 type] 
Type domain.Solicitud is not enhanced.

[2025-05-06 21:18:10 #6 type] 
Type domain.Ride is not enhanced.

[2025-05-06 21:18:10 #7 type] 
Type domain.Driver is not enhanced.

[2025-05-06 21:18:10 #8 type] 
Type domain.Business is not enhanced.

[2025-05-06 21:18:10 #9 type] 
Type domain.Vehiculo is not enhanced.

[2025-05-06 21:18:10 #10 type] 
Type domain.Oferta is not enhanced.

------------------------------------------------------------------------------------------------------------------------

[2025-05-06 21:20:39 #1 store] 
Database 'C:\Users\hills\git\Rides24\src\main\resources\rides.temp' is opened by 6180@PCJAN

[2025-05-06 21:20:39 #2 type] 
Type domain.UsuarioRegistrado is not enhanced.

[2025-05-06 21:20:39 #3 type] 
Type domain.Pasajero is not enhanced.

[2025-05-06 21:20:39 #4 type] 
Type domain.Solicitud is not enhanced.

[2025-05-06 21:20:39 #5 type] 
Type domain.Ride is not enhanced.

[2025-05-06 21:20:39 #6 type] 
Type domain.Driver is not enhanced.

[2025-05-06 21:20:39 #7 type] 
Type domain.Business is not enhanced.

[2025-05-06 21:20:39 #8 type] 
Type domain.Vehiculo is not enhanced.

[2025-05-06 21:20:39 #9 type] 
Type domain.Oferta is not enhanced.

------------------------------------------------------------------------------------------------------------------------

[2025-05-06 21:21:48 #1 store] 
Database 'C:\Users\hills\git\Rides24\src\main\resources\rides.temp' has been recovered (tr. 272-272)

[2025-05-06 21:21:48 #2 store] 
Database 'C:\Users\hills\git\Rides24\src\main\resources\rides.temp' is opened by 6900@PCJAN

[2025-05-06 21:21:48 #3 type] 
Type domain.UsuarioRegistrado is not enhanced.

[2025-05-06 21:21:48 #4 type] 
Type domain.Pasajero is not enhanced.

[2025-05-06 21:21:48 #5 type] 
Type domain.Solicitud is not enhanced.

[2025-05-06 21:21:48 #6 type] 
Type domain.Ride is not enhanced.

[2025-05-06 21:21:48 #7 type] 
Type domain.Driver is not enhanced.

[2025-05-06 21:21:48 #8 type] 
Type domain.Business is not enhanced.

[2025-05-06 21:21:48 #9 type] 
Type domain.Vehiculo is not enhanced.

[2025-05-06 21:21:48 #10 type] 
Type domain.Oferta is not enhanced.

------------------------------------------------------------------------------------------------------------------------

[2025-05-06 21:22:32 #1 store] 
Database 'C:\Users\hills\git\Rides24\src\main\resources\rides.temp' has been recovered (tr. 273-276)

[2025-05-06 21:22:32 #2 store] 
Database 'C:\Users\hills\git\Rides24\src\main\resources\rides.temp' is opened by 10912@PCJAN

[2025-05-06 21:22:32 #3 type] 
Type domain.UsuarioRegistrado is not enhanced.

[2025-05-06 21:22:32 #4 type] 
Type domain.Pasajero is not enhanced.

[2025-05-06 21:22:32 #5 type] 
Type domain.Solicitud is not enhanced.

[2025-05-06 21:22:32 #6 type] 
Type domain.Ride is not enhanced.

[2025-05-06 21:22:32 #7 type] 
Type domain.Driver is not enhanced.

[2025-05-06 21:22:32 #8 type] 
Type domain.Business is not enhanced.

[2025-05-06 21:22:32 #9 type] 
Type domain.Vehiculo is not enhanced.

[2025-05-06 21:22:32 #10 type] 
Type domain.Oferta is not enhanced.

